Archive member included to satisfy reference by file (symbol)

C:/ST/STM32CubeIDE_1.13.1/STM32CubeIDE/plugins/com.st.stm32cube.ide.mcu.externaltools.gnu-tools-for-stm32.11.3.rel1.win32_1.1.0.202305231506/tools/bin/../lib/gcc/arm-none-eabi/11.3.1/../../../../arm-none-eabi/lib/thumb/v7e-m+fp/hard\libc_nano.a(libc_a-exit.o)
                              C:/ST/STM32CubeIDE_1.13.1/STM32CubeIDE/plugins/com.st.stm32cube.ide.mcu.externaltools.gnu-tools-for-stm32.11.3.rel1.win32_1.1.0.202305231506/tools/bin/../lib/gcc/arm-none-eabi/11.3.1/../../../../arm-none-eabi/lib/thumb/v7e-m+fp/hard/crt0.o (exit)
C:/ST/STM32CubeIDE_1.13.1/STM32CubeIDE/plugins/com.st.stm32cube.ide.mcu.externaltools.gnu-tools-for-stm32.11.3.rel1.win32_1.1.0.202305231506/tools/bin/../lib/gcc/arm-none-eabi/11.3.1/../../../../arm-none-eabi/lib/thumb/v7e-m+fp/hard\libc_nano.a(libc_a-malloc.o)
                              ./Middlewares/ST/STM32_USB_Host_Library/Class/MSC/Src/usbh_msc.o (malloc)
C:/ST/STM32CubeIDE_1.13.1/STM32CubeIDE/plugins/com.st.stm32cube.ide.mcu.externaltools.gnu-tools-for-stm32.11.3.rel1.win32_1.1.0.202305231506/tools/bin/../lib/gcc/arm-none-eabi/11.3.1/../../../../arm-none-eabi/lib/thumb/v7e-m+fp/hard\libc_nano.a(libc_a-mallocr.o)
                              C:/ST/STM32CubeIDE_1.13.1/STM32CubeIDE/plugins/com.st.stm32cube.ide.mcu.externaltools.gnu-tools-for-stm32.11.3.rel1.win32_1.1.0.202305231506/tools/bin/../lib/gcc/arm-none-eabi/11.3.1/../../../../arm-none-eabi/lib/thumb/v7e-m+fp/hard\libc_nano.a(libc_a-malloc.o) (_malloc_r)
C:/ST/STM32CubeIDE_1.13.1/STM32CubeIDE/plugins/com.st.stm32cube.ide.mcu.externaltools.gnu-tools-for-stm32.11.3.rel1.win32_1.1.0.202305231506/tools/bin/../lib/gcc/arm-none-eabi/11.3.1/../../../../arm-none-eabi/lib/thumb/v7e-m+fp/hard\libc_nano.a(libc_a-mlock.o)
                              C:/ST/STM32CubeIDE_1.13.1/STM32CubeIDE/plugins/com.st.stm32cube.ide.mcu.externaltools.gnu-tools-for-stm32.11.3.rel1.win32_1.1.0.202305231506/tools/bin/../lib/gcc/arm-none-eabi/11.3.1/../../../../arm-none-eabi/lib/thumb/v7e-m+fp/hard\libc_nano.a(libc_a-mallocr.o) (__malloc_lock)
C:/ST/STM32CubeIDE_1.13.1/STM32CubeIDE/plugins/com.st.stm32cube.ide.mcu.externaltools.gnu-tools-for-stm32.11.3.rel1.win32_1.1.0.202305231506/tools/bin/../lib/gcc/arm-none-eabi/11.3.1/../../../../arm-none-eabi/lib/thumb/v7e-m+fp/hard\libc_nano.a(libc_a-findfp.o)
                              C:/ST/STM32CubeIDE_1.13.1/STM32CubeIDE/plugins/com.st.stm32cube.ide.mcu.externaltools.gnu-tools-for-stm32.11.3.rel1.win32_1.1.0.202305231506/tools/bin/../lib/gcc/arm-none-eabi/11.3.1/../../../../arm-none-eabi/lib/thumb/v7e-m+fp/hard\libc_nano.a(libc_a-exit.o) (__stdio_exit_handler)
C:/ST/STM32CubeIDE_1.13.1/STM32CubeIDE/plugins/com.st.stm32cube.ide.mcu.externaltools.gnu-tools-for-stm32.11.3.rel1.win32_1.1.0.202305231506/tools/bin/../lib/gcc/arm-none-eabi/11.3.1/../../../../arm-none-eabi/lib/thumb/v7e-m+fp/hard\libc_nano.a(libc_a-fwalk.o)
                              C:/ST/STM32CubeIDE_1.13.1/STM32CubeIDE/plugins/com.st.stm32cube.ide.mcu.externaltools.gnu-tools-for-stm32.11.3.rel1.win32_1.1.0.202305231506/tools/bin/../lib/gcc/arm-none-eabi/11.3.1/../../../../arm-none-eabi/lib/thumb/v7e-m+fp/hard\libc_nano.a(libc_a-findfp.o) (_fwalk_sglue)
C:/ST/STM32CubeIDE_1.13.1/STM32CubeIDE/plugins/com.st.stm32cube.ide.mcu.externaltools.gnu-tools-for-stm32.11.3.rel1.win32_1.1.0.202305231506/tools/bin/../lib/gcc/arm-none-eabi/11.3.1/../../../../arm-none-eabi/lib/thumb/v7e-m+fp/hard\libc_nano.a(libc_a-stdio.o)
                              C:/ST/STM32CubeIDE_1.13.1/STM32CubeIDE/plugins/com.st.stm32cube.ide.mcu.externaltools.gnu-tools-for-stm32.11.3.rel1.win32_1.1.0.202305231506/tools/bin/../lib/gcc/arm-none-eabi/11.3.1/../../../../arm-none-eabi/lib/thumb/v7e-m+fp/hard\libc_nano.a(libc_a-findfp.o) (__sread)
C:/ST/STM32CubeIDE_1.13.1/STM32CubeIDE/plugins/com.st.stm32cube.ide.mcu.externaltools.gnu-tools-for-stm32.11.3.rel1.win32_1.1.0.202305231506/tools/bin/../lib/gcc/arm-none-eabi/11.3.1/../../../../arm-none-eabi/lib/thumb/v7e-m+fp/hard\libc_nano.a(libc_a-memset.o)
                              C:/ST/STM32CubeIDE_1.13.1/STM32CubeIDE/plugins/com.st.stm32cube.ide.mcu.externaltools.gnu-tools-for-stm32.11.3.rel1.win32_1.1.0.202305231506/tools/bin/../lib/gcc/arm-none-eabi/11.3.1/../../../../arm-none-eabi/lib/thumb/v7e-m+fp/hard/crt0.o (memset)
C:/ST/STM32CubeIDE_1.13.1/STM32CubeIDE/plugins/com.st.stm32cube.ide.mcu.externaltools.gnu-tools-for-stm32.11.3.rel1.win32_1.1.0.202305231506/tools/bin/../lib/gcc/arm-none-eabi/11.3.1/../../../../arm-none-eabi/lib/thumb/v7e-m+fp/hard\libc_nano.a(libc_a-strncpy.o)
                              ./Core/Src/File_Handling.o (strncpy)
C:/ST/STM32CubeIDE_1.13.1/STM32CubeIDE/plugins/com.st.stm32cube.ide.mcu.externaltools.gnu-tools-for-stm32.11.3.rel1.win32_1.1.0.202305231506/tools/bin/../lib/gcc/arm-none-eabi/11.3.1/../../../../arm-none-eabi/lib/thumb/v7e-m+fp/hard\libc_nano.a(libc_a-strstr.o)
[...]
Memory Configuration

Name             Origin             Length             Attributes
RAM              0x0000000020000000 0x0000000000020000 xrw
FLASH            0x0000000008000000 0x0000000000080000 xr
*default*        0x0000000000000000 0xffffffffffffffff

Linker script and memory map

LOAD C:/ST/STM32CubeIDE_1.13.1/STM32CubeIDE/plugins/com.st.stm32cube.ide.mcu.externaltools.gnu-tools-for-stm32.11.3.rel1.win32_1.1.0.202305231506/tools/bin/../lib/gcc/arm-none-eabi/11.3.1/thumb/v7e-m+fp/hard/crti.o
LOAD C:/ST/STM32CubeIDE_1.13.1/STM32CubeIDE/plugins/com.st.stm32cube.ide.mcu.externaltools.gnu-tools-for-stm32.11.3.rel1.win32_1.1.0.202305231506/tools/bin/../lib/gcc/arm-none-eabi/11.3.1/thumb/v7e-m+fp/hard/crtbegin.o
LOAD C:/ST/STM32CubeIDE_1.13.1/STM32CubeIDE/plugins/com.st.stm32cube.ide.mcu.externaltools.gnu-tools-for-stm32.11.3.rel1.win32_1.1.0.202305231506/tools/bin/../lib/gcc/arm-none-eabi/11.3.1/../../../../arm-none-eabi/lib/thumb/v7e-m+fp/hard/crt0.o
LOAD ./Core/Src/AUDIO.o
LOAD ./Core/Src/AUDIO_LINK.o
LOAD ./Core/Src/File_Handling.o
LOAD ./Core/Src/cs43l22.o
LOAD ./Core/Src/display.o
LOAD ./Core/Src/dma.o
LOAD ./Core/Src/fonts.o
LOAD ./Core/Src/gpio.o
LOAD ./Core/Src/i2c.o
LOAD ./Core/Src/i2s.o
LOAD ./Core/Src/main.o
LOAD ./Core/Src/parlantes.o
LOAD ./Core/Src/ssd1306_oled.o
LOAD ./Core/Src/stm32f4xx_hal_msp.o
LOAD ./Core/Src/stm32f4xx_it.o
LOAD ./Core/Src/syscalls.o
LOAD ./Core/Src/sysmem.o
LOAD ./Core/Src/system_stm32f4xx.o
LOAD ./Core/Src/usart.o
LOAD ./Core/Src/waveplayer.o
LOAD ./Core/Startup/startup_stm32f411vetx.o
LOAD ./Drivers/STM32F4xx_HAL_Driver/Src/stm32f4xx_hal.o
LOAD ./Drivers/STM32F4xx_HAL_Driver/Src/stm32f4xx_hal_cortex.o
LOAD ./Drivers/STM32F4xx_HAL_Driver/Src/stm32f4xx_hal_dma.o
LOAD ./Drivers/STM32F4xx_HAL_Driver/Src/stm32f4xx_hal_dma_ex.o
LOAD ./Drivers/STM32F4xx_HAL_Driver/Src/stm32f4xx_hal_exti.o
LOAD ./Drivers/STM32F4xx_HAL_Driver/Src/stm32f4xx_hal_flash.o
LOAD ./Drivers/STM32F4xx_HAL_Driver/Src/stm32f4xx_hal_flash_ex.o
LOAD ./Drivers/STM32F4xx_HAL_Driver/Src/stm32f4xx_hal_flash_ramfunc.o
LOAD ./Drivers/STM32F4xx_HAL_Driver/Src/stm32f4xx_hal_gpio.o
LOAD ./Drivers/STM32F4xx_HAL_Driver/Src/stm32f4xx_hal_hcd.o
LOAD ./Drivers/STM32F4xx_HAL_Driver/Src/stm32f4xx_hal_i2c.o
LOAD ./Drivers/STM32F4xx_HAL_Driver/Src/stm32f4xx_hal_i2c_ex.o
LOAD ./Drivers/STM32F4xx_HAL_Driver/Src/stm32f4xx_hal_i2s.o
LOAD ./Drivers/STM32F4xx_HAL_Driver/Src/stm32f4xx_hal_i2s_ex.o
LOAD ./Drivers/STM32F4xx_HAL_Driver/Src/stm32f4xx_hal_pwr.o
LOAD ./Drivers/STM32F4xx_HAL_Driver/Src/stm32f4xx_hal_pwr_ex.o
LOAD ./Drivers/STM32F4xx_HAL_Driver/Src/stm32f4xx_hal_rcc.o
LOAD ./Drivers/STM32F4xx_HAL_Driver/Src/stm32f4xx_hal_rcc_ex.o
LOAD ./Drivers/STM32F4xx_HAL_Driver/Src/stm32f4xx_hal_tim.o
LOAD ./Drivers/STM32F4xx_HAL_Driver/Src/stm32f4xx_hal_tim_ex.o
LOAD ./Drivers/STM32F4xx_HAL_Driver/Src/stm32f4xx_hal_uart.o
LOAD ./Drivers/STM32F4xx_HAL_Driver/Src/stm32f4xx_ll_usb.o
LOAD ./FATFS/App/fatfs.o
LOAD ./FATFS/Target/usbh_diskio.o
LOAD ./Middlewares/ST/STM32_USB_Host_Library/Class/MSC/Src/usbh_msc.o
LOAD ./Middlewares/ST/STM32_USB_Host_Library/Class/MSC/Src/usbh_msc_bot.o
LOAD ./Middlewares/ST/STM32_USB_Host_Library/Class/MSC/Src/usbh_msc_scsi.o
LOAD ./Middlewares/ST/STM32_USB_Host_Library/Core/Src/usbh_core.o
LOAD ./Middlewares/ST/STM32_USB_Host_Library/Core/Src/usbh_ctlreq.o
LOAD ./Middlewares/ST/STM32_USB_Host_Library/Core/Src/usbh_ioreq.o
LOAD ./Middlewares/ST/STM32_USB_Host_Library/Core/Src/usbh_pipes.o
LOAD ./Middlewares/Third_Party/FatFs/src/diskio.o
LOAD ./Middlewares/Third_Party/FatFs/src/ff.o
LOAD ./Middlewares/Third_Party/FatFs/src/ff_gen_drv.o
LOAD ./Middlewares/Third_Party/FatFs/src/option/ccsbcs.o
LOAD ./Middlewares/Third_Party/FatFs/src/option/syscall.o
LOAD ./USB_HOST/App/usb_host.o
LOAD ./USB_HOST/Target/usbh_conf.o
LOAD ./USB_HOST/Target/usbh_platform.o
START GROUP
LOAD C:/ST/STM32CubeIDE_1.13.1/STM32CubeIDE/plugins/com.st.stm32cube.ide.mcu.externaltools.gnu-tools-for-stm32.11.3.rel1.win32_1.1.0.202305231506/tools/bin/../lib/gcc/arm-none-eabi/11.3.1/../../../../arm-none-eabi/lib/thumb/v7e-m+fp/hard\libc_nano.a
LOAD C:/ST/STM32CubeIDE_1.13.1/STM32CubeIDE/plugins/com.st.stm32cube.ide.mcu.externaltools.gnu-tools-for-stm32.11.3.rel1.win32_1.1.0.202305231506/tools/bin/../lib/gcc/arm-none-eabi/11.3.1/../../../../arm-none-eabi/lib/thumb/v7e-m+fp/hard\libm.a
END GROUP
START GROUP
LOAD C:/ST/STM32CubeIDE_1.13.1/STM32CubeIDE/plugins/com.st.stm32cube.ide.mcu.externaltools.gnu-tools-for-stm32.11.3.rel1.win32_1.1.0.202305231506/tools/bin/../lib/gcc/arm-none-eabi/11.3.1/thumb/v7e-m+fp/hard\libgcc.a
LOAD C:/ST/STM32CubeIDE_1.13.1/STM32CubeIDE/plugins/com.st.stm32cube.ide.mcu.externaltools.gnu-tools-for-stm32.11.3.rel1.win32_1.1.0.202305231506/tools/bin/../lib/gcc/arm-none-eabi/11.3.1/../../../../arm-none-eabi/lib/thumb/v7e-m+fp/hard\libc_nano.a
END GROUP
START GROUP
LOAD C:/ST/STM32CubeIDE_1.13.1/STM32CubeIDE/plugins/com.st.stm32cube.ide.mcu.externaltools.gnu-tools-for-stm32.11.3.rel1.win32_1.1.0.202305231506/tools/bin/../lib/gcc/arm-none-eabi/11.3.1/thumb/v7e-m+fp/hard\libgcc.a
LOAD C:/ST/STM32CubeIDE_1.13.1/STM32CubeIDE/plugins/com.st.stm32cube.ide.mcu.externaltools.gnu-tools-for-stm32.11.3.rel1.win32_1.1.0.202305231506/tools/bin/../lib/gcc/arm-none-eabi/11.3.1/../../../../arm-none-eabi/lib/thumb/v7e-m+fp/hard\libc_nano.a
LOAD C:/ST/STM32CubeIDE_1.13.1/STM32CubeIDE/plugins/com.st.stm32cube.ide.mcu.externaltools.gnu-tools-for-stm32.11.3.rel1.win32_1.1.0.202305231506/tools/bin/../lib/gcc/arm-none-eabi/11.3.1/../../../../arm-none-eabi/lib/thumb/v7e-m+fp/hard\libnosys.a
END GROUP
START GROUP
LOAD C:/ST/STM32CubeIDE_1.13.1/STM32CubeIDE/plugins/com.st.stm32cube.ide.mcu.externaltools.gnu-tools-for-stm32.11.3.rel1.win32_1.1.0.202305231506/tools/bin/../lib/gcc/arm-none-eabi/11.3.1/thumb/v7e-m+fp/hard\libgcc.a
LOAD C:/ST/STM32CubeIDE_1.13.1/STM32CubeIDE/plugins/com.st.stm32cube.ide.mcu.externaltools.gnu-tools-for-stm32.11.3.rel1.win32_1.1.0.202305231506/tools/bin/../lib/gcc/arm-none-eabi/11.3.1/../../../../arm-none-eabi/lib/thumb/v7e-m+fp/hard\libc_nano.a
LOAD C:/ST/STM32CubeIDE_1.13.1/STM32CubeIDE/plugins/com.st.stm32cube.ide.mcu.externaltools.gnu-tools-for-stm32.11.3.rel1.win32_1.1.0.202305231506/tools/bin/../lib/gcc/arm-none-eabi/11.3.1/../../../../arm-none-eabi/lib/thumb/v7e-m+fp/hard\libnosys.a
END GROUP
LOAD C:/ST/STM32CubeIDE_1.13.1/STM32CubeIDE/plugins/com.st.stm32cube.ide.mcu.externaltools.gnu-tools-for-stm32.11.3.rel1.win32_1.1.0.202305231506/tools/bin/../lib/gcc/arm-none-eabi/11.3.1/thumb/v7e-m+fp/hard/crtend.o
LOAD C:/ST/STM32CubeIDE_1.13.1/STM32CubeIDE/plugins/com.st.stm32cube.ide.mcu.externaltools.gnu-tools-for-stm32.11.3.rel1.win32_1.1.0.202305231506/tools/bin/../lib/gcc/arm-none-eabi/11.3.1/thumb/v7e-m+fp/hard/crtn.o
                0x0000000020020000                _estack = (ORIGIN (RAM) + LENGTH (RAM))
                0x0000000000000200                _Min_Heap_Size = 0x200
                0x0000000000000400                _Min_Stack_Size = 0x400

.isr_vector     0x0000000008000000      0x198
                0x0000000008000000                . = ALIGN (0x4)
 *(.isr_vector)
 .isr_vector    0x0000000008000000      0x198 ./Core/Startup/startup_stm32f411vetx.o
                0x0000000008000000                g_pfnVectors
                0x0000000008000198                . = ALIGN (0x4)

.text           0x0000000008000198    0x117e4
                0x0000000008000198                . = ALIGN (0x4)
 *(.text)
 .text          0x0000000008000198       0x40 C:/ST/STM32CubeIDE_1.13.1/STM32CubeIDE/plugins/com.st.stm32cube.ide.mcu.externaltools.gnu-tools-for-stm32.11.3.rel1.win32_1.1.0.202305231506/tools/bin/../lib/gcc/arm-none-eabi/11.3.1/thumb/v7e-m+fp/hard/crtbegin.o
 .text          0x00000000080001d8       0x30 C:/ST/STM32CubeIDE_1.13.1/STM32CubeIDE/plugins/com.st.stm32cube.ide.mcu.externaltools.gnu-tools-for-stm32.11.3.rel1.win32_1.1.0.202305231506/tools/bin/../lib/gcc/arm-none-eabi/11.3.1/thumb/v7e-m+fp/hard\libgcc.a(_aeabi_uldivmod.o)
                0x00000000080001d8                __aeabi_uldivmod
 .text          0x0000000008000208      0x2c8 C:/ST/STM32CubeIDE_1.13.1/STM32CubeIDE/plugins/com.st.stm32cube.ide.mcu.externaltools.gnu-tools-for-stm32.11.3.rel1.win32_1.1.0.202305231506/tools/bin/../lib/gcc/arm-none-eabi/11.3.1/thumb/v7e-m+fp/hard\libgcc.a(_udivmoddi4.o)
                0x0000000008000208                __udivmoddi4
 .text          0x00000000080004d0        0x4 C:/ST/STM32CubeIDE_1.13.1/STM32CubeIDE/plugins/com.st.stm32cube.ide.mcu.externaltools.gnu-tools-for-stm32.11.3.rel1.win32_1.1.0.202305231506/tools/bin/../lib/gcc/arm-none-eabi/11.3.1/thumb/v7e-m+fp/hard\libgcc.a(_dvmd_tls.o)
                0x00000000080004d0                __aeabi_idiv0
                0x00000000080004d0                __aeabi_ldiv0
 *(.text*)
 .text.AUDIO_OUT_Init
                0x00000000080004d4       0x9c ./Core/Src/AUDIO.o
                0x00000000080004d4                AUDIO_OUT_Init
 .text.AUDIO_OUT_Play
                0x0000000008000570       0x54 ./Core/Src/AUDIO.o
                0x0000000008000570                AUDIO_OUT_Play
 .text.AUDIO_OUT_Pause
                0x00000000080005c4       0x2c ./Core/Src/AUDIO.o
                0x00000000080005c4                AUDIO_OUT_Pause
 .text.AUDIO_OUT_Resume
                0x00000000080005f0       0x2c ./Core/Src/AUDIO.o
                0x00000000080005f0                AUDIO_OUT_Resume
 .text.AUDIO_OUT_Stop
                0x000000000800061c       0x50 ./Core/Src/AUDIO.o
                0x000000000800061c                AUDIO_OUT_Stop
 .text.AUDIO_OUT_SetVolume
                0x000000000800066c       0x30 ./Core/Src/AUDIO.o
                0x000000000800066c                AUDIO_OUT_SetVolume
 .text.HAL_I2S_TxCpltCallback
                0x000000000800069c       0x24 ./Core/Src/AUDIO.o
                0x000000000800069c                HAL_I2S_TxCpltCallback
 .text.HAL_I2S_TxHalfCpltCallback
                0x00000000080006c0       0x24 ./Core/Src/AUDIO.o
                0x00000000080006c0                HAL_I2S_TxHalfCpltCallback
 .text.AUDIO_OUT_ClockConfig
                0x00000000080006e4       0xbc ./Core/Src/AUDIO.o
                0x00000000080006e4                AUDIO_OUT_ClockConfig
 .text.AUDIO_OUT_MspInit
                0x00000000080007a0      0x180 ./Core/Src/AUDIO.o
                0x00000000080007a0                AUDIO_OUT_MspInit
 .text.AUDIO_OUT_Error_CallBack
                0x0000000008000920        0xe ./Core/Src/AUDIO.o
                0x0000000008000920                AUDIO_OUT_Error_CallBack
 *fill*         0x000000000800092e        0x2 
 .text.I2S3_Init
                0x0000000008000930       0x70 ./Core/Src/AUDIO.o
 .text.HAL_I2S_ErrorCallback
                0x00000000080009a0       0x24 ./Core/Src/AUDIO.o
                0x00000000080009a0                HAL_I2S_ErrorCallback
 .text.I2Cx_Init
                0x00000000080009c4       0x64 ./Core/Src/AUDIO_LINK.o
 .text.I2Cx_WriteData
                0x0000000008000a28       0x50 ./Core/Src/AUDIO_LINK.o
 .text.I2Cx_ReadData
                0x0000000008000a78       0x58 ./Core/Src/AUDIO_LINK.o
 .text.I2Cx_Error
                0x0000000008000ad0       0x18 ./Core/Src/AUDIO_LINK.o
 .text.I2Cx_MspInit
                0x0000000008000ae8       0xac ./Core/Src/AUDIO_LINK.o
 .text.AUDIO_IO_Init
                0x0000000008000b94       0x70 ./Core/Src/AUDIO_LINK.o
                0x0000000008000b94                AUDIO_IO_Init
 .text.AUDIO_IO_DeInit
                0x0000000008000c04        0xe ./Core/Src/AUDIO_LINK.o
                0x0000000008000c04                AUDIO_IO_DeInit
 .text.AUDIO_IO_Write
                0x0000000008000c12       0x28 ./Core/Src/AUDIO_LINK.o
                0x0000000008000c12                AUDIO_IO_Write
 .text.AUDIO_IO_Read
                0x0000000008000c3a       0x28 ./Core/Src/AUDIO_LINK.o
                0x0000000008000c3a                AUDIO_IO_Read
 *fill*         0x0000000008000c62        0x2 
 .text.AUDIO_StorageParse
                0x0000000008000c64      0x13c ./Core/Src/File_Handling.o
                0x0000000008000c64                AUDIO_StorageParse
 .text.AUDIO_GetWavObjectNumber
                0x0000000008000da0       0x1c ./Core/Src/File_Handling.o
                0x0000000008000da0                AUDIO_GetWavObjectNumber
 .text.Mount_USB
                0x0000000008000dbc       0x28 ./Core/Src/File_Handling.o
                0x0000000008000dbc                Mount_USB
 .text.cs43l22_Init
                0x0000000008000de4      0x1c8 ./Core/Src/cs43l22.o
                0x0000000008000de4                cs43l22_Init
 .text.cs43l22_DeInit
                0x0000000008000fac        0xc ./Core/Src/cs43l22.o
                0x0000000008000fac                cs43l22_DeInit
 .text.cs43l22_ReadID
                0x0000000008000fb8       0x30 ./Core/Src/cs43l22.o
                0x0000000008000fb8                cs43l22_ReadID
 .text.cs43l22_Play
                0x0000000008000fe8       0x74 ./Core/Src/cs43l22.o
                0x0000000008000fe8                cs43l22_Play
 .text.cs43l22_Pause
                0x000000000800105c       0x42 ./Core/Src/cs43l22.o
                0x000000000800105c                cs43l22_Pause
 *fill*         0x000000000800109e        0x2 
 .text.cs43l22_Resume
                0x00000000080010a0       0x78 ./Core/Src/cs43l22.o
                0x00000000080010a0                cs43l22_Resume
 .text.cs43l22_Stop
                0x0000000008001118       0x68 ./Core/Src/cs43l22.o
                0x0000000008001118                cs43l22_Stop
 .text.cs43l22_SetVolume
                0x0000000008001180       0xbc ./Core/Src/cs43l22.o
                0x0000000008001180                cs43l22_SetVolume
 .text.cs43l22_SetFrequency
                0x000000000800123c       0x1a ./Core/Src/cs43l22.o
                0x000000000800123c                cs43l22_SetFrequency
 *fill*         0x0000000008001256        0x2 
 .text.cs43l22_SetMute
                0x0000000008001258       0xbc ./Core/Src/cs43l22.o
                0x0000000008001258                cs43l22_SetMute
 .text.cs43l22_SetOutputMode
                0x0000000008001314       0xe4 ./Core/Src/cs43l22.o
                0x0000000008001314                cs43l22_SetOutputMode
 .text.cs43l22_Reset
                0x00000000080013f8       0x18 ./Core/Src/cs43l22.o
                0x00000000080013f8                cs43l22_Reset
 .text.CODEC_IO_Write
                0x0000000008001410       0x2e ./Core/Src/cs43l22.o
 *fill*         0x000000000800143e        0x2 
 .text.display_cancion
                0x0000000008001440      0x194 ./Core/Src/display.o
                0x0000000008001440                display_cancion
 .text.MX_DMA_Init
                0x00000000080015d4       0x7c ./Core/Src/dma.o
                0x00000000080015d4                MX_DMA_Init
 .text.MX_GPIO_Init
                0x0000000008001650      0x194 ./Core/Src/gpio.o
                0x0000000008001650                MX_GPIO_Init
 .text.MX_I2C3_Init
                0x00000000080017e4       0x5c ./Core/Src/i2c.o
                0x00000000080017e4                MX_I2C3_Init
 .text.HAL_I2C_MspInit
                0x0000000008001840       0xd4 ./Core/Src/i2c.o
                0x0000000008001840                HAL_I2C_MspInit
 .text.HAL_I2C_MspDeInit
                0x0000000008001914       0x4c ./Core/Src/i2c.o
                0x0000000008001914                HAL_I2C_MspDeInit
 .text.MX_I2S3_Init
                0x0000000008001960       0x5c ./Core/Src/i2s.o
                0x0000000008001960                MX_I2S3_Init
 .text.HAL_I2S_MspInit
                0x00000000080019bc      0x184 ./Core/Src/i2s.o
                0x00000000080019bc                HAL_I2S_MspInit
 .text.main     0x0000000008001b40      0x234 ./Core/Src/main.o
                0x0000000008001b40                main
 .text.SystemClock_Config
                0x0000000008001d74       0xd0 ./Core/Src/main.o
                0x0000000008001d74                SystemClock_Config
 .text.HAL_UART_RxCpltCallback
                0x0000000008001e44       0x3c ./Core/Src/main.o
                0x0000000008001e44                HAL_UART_RxCpltCallback
 .text.HAL_GPIO_EXTI_Callback
                0x0000000008001e80       0x60 ./Core/Src/main.o
                0x0000000008001e80                HAL_GPIO_EXTI_Callback
 .text.Error_Handler
                0x0000000008001ee0        0xa ./Core/Src/main.o
                0x0000000008001ee0                Error_Handler
 *fill*         0x0000000008001eea        0x2 
 .text.Activar_Parlante
                0x0000000008001eec       0x68 ./Core/Src/parlantes.o
                0x0000000008001eec                Activar_Parlante
 .text.SSD1306_Init
                0x0000000008001f54      0x188 ./Core/Src/ssd1306_oled.o
                0x0000000008001f54                SSD1306_Init
 .text.SSD1306_UpdateScreen
                0x00000000080020dc       0x5c ./Core/Src/ssd1306_oled.o
                0x00000000080020dc                SSD1306_UpdateScreen
 .text.SSD1306_Fill
                0x0000000008002138       0x30 ./Core/Src/ssd1306_oled.o
                0x0000000008002138                SSD1306_Fill
 .text.SSD1306_DrawPixel
                0x0000000008002168       0xc0 ./Core/Src/ssd1306_oled.o
                0x0000000008002168                SSD1306_DrawPixel
 .text.SSD1306_GotoXY
                0x0000000008002228       0x2c ./Core/Src/ssd1306_oled.o
                0x0000000008002228                SSD1306_GotoXY
 .text.SSD1306_Putc
                0x0000000008002254      0x100 ./Core/Src/ssd1306_oled.o
                0x0000000008002254                SSD1306_Putc
 .text.SSD1306_Puts
                0x0000000008002354       0x4a ./Core/Src/ssd1306_oled.o
                0x0000000008002354                SSD1306_Puts
 .text.SSD1306_Clear
                0x000000000800239e       0x12 ./Core/Src/ssd1306_oled.o
                0x000000000800239e                SSD1306_Clear
 .text.SSD1306_I2C_Init
                0x00000000080023b0       0x2c ./Core/Src/ssd1306_oled.o
                0x00000000080023b0                SSD1306_I2C_Init
 .text.SSD1306_I2C_WriteMulti
                0x00000000080023dc       0xcc ./Core/Src/ssd1306_oled.o
                0x00000000080023dc                SSD1306_I2C_WriteMulti
 .text.SSD1306_I2C_Write
                0x00000000080024a8       0x3c ./Core/Src/ssd1306_oled.o
                0x00000000080024a8                SSD1306_I2C_Write
 .text.HAL_MspInit
                0x00000000080024e4       0x50 ./Core/Src/stm32f4xx_hal_msp.o
                0x00000000080024e4                HAL_MspInit
 .text.NMI_Handler
                0x0000000008002534        0x6 ./Core/Src/stm32f4xx_it.o
                0x0000000008002534                NMI_Handler
 .text.HardFault_Handler
                0x000000000800253a        0x6 ./Core/Src/stm32f4xx_it.o
                0x000000000800253a                HardFault_Handler
 .text.MemManage_Handler
                0x0000000008002540        0x6 ./Core/Src/stm32f4xx_it.o
                0x0000000008002540                MemManage_Handler
 .text.BusFault_Handler
                0x0000000008002546        0x6 ./Core/Src/stm32f4xx_it.o
                0x0000000008002546                BusFault_Handler
 .text.UsageFault_Handler
                0x000000000800254c        0x6 ./Core/Src/stm32f4xx_it.o
                0x000000000800254c                UsageFault_Handler
 .text.SVC_Handler
                0x0000000008002552        0xe ./Core/Src/stm32f4xx_it.o
                0x0000000008002552                SVC_Handler
 .text.DebugMon_Handler
                0x0000000008002560        0xe ./Core/Src/stm32f4xx_it.o
                0x0000000008002560                DebugMon_Handler
 .text.PendSV_Handler
                0x000000000800256e        0xe ./Core/Src/stm32f4xx_it.o
                0x000000000800256e                PendSV_Handler
 .text.SysTick_Handler
                0x000000000800257c        0xc ./Core/Src/stm32f4xx_it.o
                0x000000000800257c                SysTick_Handler
 .text.EXTI0_IRQHandler
                0x0000000008002588        0xe ./Core/Src/stm32f4xx_it.o
                0x0000000008002588                EXTI0_IRQHandler
 *fill*         0x0000000008002596        0x2 
 .text.DMA1_Stream5_IRQHandler
                0x0000000008002598       0x14 ./Core/Src/stm32f4xx_it.o
                0x0000000008002598                DMA1_Stream5_IRQHandler
 .text.EXTI9_5_IRQHandler
                0x00000000080025ac       0x10 ./Core/Src/stm32f4xx_it.o
                0x00000000080025ac                EXTI9_5_IRQHandler
 .text.USART1_IRQHandler
                0x00000000080025bc       0x14 ./Core/Src/stm32f4xx_it.o
                0x00000000080025bc                USART1_IRQHandler
 .text.EXTI15_10_IRQHandler
                0x00000000080025d0       0x20 ./Core/Src/stm32f4xx_it.o
                0x00000000080025d0                EXTI15_10_IRQHandler
 .text.DMA2_Stream2_IRQHandler
                0x00000000080025f0       0x14 ./Core/Src/stm32f4xx_it.o
                0x00000000080025f0                DMA2_Stream2_IRQHandler
 .text.OTG_FS_IRQHandler
                0x0000000008002604       0x14 ./Core/Src/stm32f4xx_it.o
                0x0000000008002604                OTG_FS_IRQHandler
 .text.DMA2_Stream7_IRQHandler
                0x0000000008002618       0x14 ./Core/Src/stm32f4xx_it.o
                0x0000000008002618                DMA2_Stream7_IRQHandler
 .text._sbrk    0x000000000800262c       0x6c ./Core/Src/sysmem.o
                0x000000000800262c                _sbrk
 .text.SystemInit
                0x0000000008002698       0x2c ./Core/Src/system_stm32f4xx.o
                0x0000000008002698                SystemInit
 .text.MX_USART1_UART_Init
                0x00000000080026c4       0x54 ./Core/Src/usart.o
                0x00000000080026c4                MX_USART1_UART_Init
 .text.HAL_UART_MspInit
                0x0000000008002718      0x1ac ./Core/Src/usart.o
                0x0000000008002718                HAL_UART_MspInit
 .text.PlayerInit
                0x00000000080028c4       0x30 ./Core/Src/waveplayer.o
                0x00000000080028c4                PlayerInit
 .text.AUDIO_PLAYER_Start
                0x00000000080028f4       0xc0 ./Core/Src/waveplayer.o
                0x00000000080028f4                AUDIO_PLAYER_Start
 .text.AUDIO_PLAYER_Process
                0x00000000080029b4      0x270 ./Core/Src/waveplayer.o
                0x00000000080029b4                AUDIO_PLAYER_Process
 .text.AUDIO_OUT_TransferComplete_CallBack
                0x0000000008002c24       0x28 ./Core/Src/waveplayer.o
                0x0000000008002c24                AUDIO_OUT_TransferComplete_CallBack
 .text.AUDIO_OUT_HalfTransfer_CallBack
                0x0000000008002c4c       0x28 ./Core/Src/waveplayer.o
                0x0000000008002c4c                AUDIO_OUT_HalfTransfer_CallBack
 .text.Reset_Handler
                0x0000000008002c74       0x50 ./Core/Startup/startup_stm32f411vetx.o
                0x0000000008002c74                Reset_Handler
 .text.Default_Handler
                0x0000000008002cc4        0x2 ./Core/Startup/startup_stm32f411vetx.o
                0x0000000008002cc4                RTC_Alarm_IRQHandler
                0x0000000008002cc4                EXTI2_IRQHandler
                0x0000000008002cc4                SPI4_IRQHandler
                0x0000000008002cc4                TIM1_CC_IRQHandler
                0x0000000008002cc4                DMA2_Stream5_IRQHandler
                0x0000000008002cc4                PVD_IRQHandler
                0x0000000008002cc4                SDIO_IRQHandler
                0x0000000008002cc4                TAMP_STAMP_IRQHandler
                0x0000000008002cc4                EXTI3_IRQHandler
                0x0000000008002cc4                TIM1_UP_TIM10_IRQHandler
                0x0000000008002cc4                I2C3_ER_IRQHandler
                0x0000000008002cc4                I2C2_EV_IRQHandler
                0x0000000008002cc4                DMA1_Stream2_IRQHandler
                0x0000000008002cc4                FPU_IRQHandler
                0x0000000008002cc4                SPI1_IRQHandler
                0x0000000008002cc4                TIM1_BRK_TIM9_IRQHandler
                0x0000000008002cc4                DMA2_Stream3_IRQHandler
                0x0000000008002cc4                USART6_IRQHandler
                0x0000000008002cc4                DMA2_Stream0_IRQHandler
                0x0000000008002cc4                TIM4_IRQHandler
                0x0000000008002cc4                I2C1_EV_IRQHandler
                0x0000000008002cc4                DMA1_Stream6_IRQHandler
                0x0000000008002cc4                DMA1_Stream1_IRQHandler
                0x0000000008002cc4                TIM3_IRQHandler
                0x0000000008002cc4                RCC_IRQHandler
                0x0000000008002cc4                Default_Handler
                0x0000000008002cc4                ADC_IRQHandler
                0x0000000008002cc4                DMA1_Stream7_IRQHandler
                0x0000000008002cc4                SPI5_IRQHandler
                0x0000000008002cc4                TIM5_IRQHandler
                0x0000000008002cc4                I2C3_EV_IRQHandler
                0x0000000008002cc4                RTC_WKUP_IRQHandler
                0x0000000008002cc4                SPI2_IRQHandler
                0x0000000008002cc4                DMA1_Stream0_IRQHandler
                0x0000000008002cc4                EXTI4_IRQHandler
                0x0000000008002cc4                WWDG_IRQHandler
                0x0000000008002cc4                TIM2_IRQHandler
                0x0000000008002cc4                OTG_FS_WKUP_IRQHandler
                0x0000000008002cc4                TIM1_TRG_COM_TIM11_IRQHandler
                0x0000000008002cc4                EXTI1_IRQHandler
                0x0000000008002cc4                USART2_IRQHandler
                0x0000000008002cc4                I2C2_ER_IRQHandler
                0x0000000008002cc4                DMA2_Stream1_IRQHandler
                0x0000000008002cc4                FLASH_IRQHandler
                0x0000000008002cc4                DMA2_Stream4_IRQHandler
                0x0000000008002cc4                SPI3_IRQHandler
                0x0000000008002cc4                DMA1_Stream4_IRQHandler
                0x0000000008002cc4                I2C1_ER_IRQHandler
                0x0000000008002cc4                DMA2_Stream6_IRQHandler
                0x0000000008002cc4                DMA1_Stream3_IRQHandler
 *fill*         0x0000000008002cc6        0x2 
 .text.HAL_Init
                0x0000000008002cc8       0x44 ./Drivers/STM32F4xx_HAL_Driver/Src/stm32f4xx_hal.o
                0x0000000008002cc8                HAL_Init
 .text.HAL_InitTick
                0x0000000008002d0c       0x60 ./Drivers/STM32F4xx_HAL_Driver/Src/stm32f4xx_hal.o
                0x0000000008002d0c                HAL_InitTick
 .text.HAL_IncTick
                0x0000000008002d6c       0x28 ./Drivers/STM32F4xx_HAL_Driver/Src/stm32f4xx_hal.o
                0x0000000008002d6c                HAL_IncTick
 .text.HAL_GetTick
                0x0000000008002d94       0x18 ./Drivers/STM32F4xx_HAL_Driver/Src/stm32f4xx_hal.o
                0x0000000008002d94                HAL_GetTick
 .text.HAL_Delay
                0x0000000008002dac       0x48 ./Drivers/STM32F4xx_HAL_Driver/Src/stm32f4xx_hal.o
                0x0000000008002dac                HAL_Delay
 .text.__NVIC_SetPriorityGrouping
                0x0000000008002df4       0x48 ./Drivers/STM32F4xx_HAL_Driver/Src/stm32f4xx_hal_cortex.o
 .text.__NVIC_GetPriorityGrouping
                0x0000000008002e3c       0x1c ./Drivers/STM32F4xx_HAL_Driver/Src/stm32f4xx_hal_cortex.o
 .text.__NVIC_EnableIRQ
                0x0000000008002e58       0x3c ./Drivers/STM32F4xx_HAL_Driver/Src/stm32f4xx_hal_cortex.o
 .text.__NVIC_SetPriority
                0x0000000008002e94       0x54 ./Drivers/STM32F4xx_HAL_Driver/Src/stm32f4xx_hal_cortex.o
 .text.NVIC_EncodePriority
                0x0000000008002ee8       0x66 ./Drivers/STM32F4xx_HAL_Driver/Src/stm32f4xx_hal_cortex.o
 *fill*         0x0000000008002f4e        0x2 
 .text.SysTick_Config
                0x0000000008002f50       0x44 ./Drivers/STM32F4xx_HAL_Driver/Src/stm32f4xx_hal_cortex.o
 .text.HAL_NVIC_SetPriorityGrouping
                0x0000000008002f94       0x16 ./Drivers/STM32F4xx_HAL_Driver/Src/stm32f4xx_hal_cortex.o
                0x0000000008002f94                HAL_NVIC_SetPriorityGrouping
 .text.HAL_NVIC_SetPriority
                0x0000000008002faa       0x38 ./Drivers/STM32F4xx_HAL_Driver/Src/stm32f4xx_hal_cortex.o
                0x0000000008002faa                HAL_NVIC_SetPriority
 .text.HAL_NVIC_EnableIRQ
                0x0000000008002fe2       0x1c ./Drivers/STM32F4xx_HAL_Driver/Src/stm32f4xx_hal_cortex.o
                0x0000000008002fe2                HAL_NVIC_EnableIRQ
 .text.HAL_SYSTICK_Config
                0x0000000008002ffe       0x18 ./Drivers/STM32F4xx_HAL_Driver/Src/stm32f4xx_hal_cortex.o
                0x0000000008002ffe                HAL_SYSTICK_Config
 *fill*         0x0000000008003016        0x2 
 .text.HAL_DMA_Init
                0x0000000008003018      0x15c ./Drivers/STM32F4xx_HAL_Driver/Src/stm32f4xx_hal_dma.o
                0x0000000008003018                HAL_DMA_Init
 .text.HAL_DMA_DeInit
                0x0000000008003174       0xbc ./Drivers/STM32F4xx_HAL_Driver/Src/stm32f4xx_hal_dma.o
                0x0000000008003174                HAL_DMA_DeInit
 .text.HAL_DMA_Start_IT
                0x0000000008003230       0xb0 ./Drivers/STM32F4xx_HAL_Driver/Src/stm32f4xx_hal_dma.o
                0x0000000008003230                HAL_DMA_Start_IT
 .text.HAL_DMA_Abort
                0x00000000080032e0       0xe0 ./Drivers/STM32F4xx_HAL_Driver/Src/stm32f4xx_hal_dma.o
                0x00000000080032e0                HAL_DMA_Abort
 .text.HAL_DMA_Abort_IT
                0x00000000080033c0       0x44 ./Drivers/STM32F4xx_HAL_Driver/Src/stm32f4xx_hal_dma.o
                0x00000000080033c0                HAL_DMA_Abort_IT
 .text.HAL_DMA_IRQHandler
                0x0000000008003404      0x314 ./Drivers/STM32F4xx_HAL_Driver/Src/stm32f4xx_hal_dma.o
                0x0000000008003404                HAL_DMA_IRQHandler
 .text.DMA_SetConfig
                0x0000000008003718       0x5c ./Drivers/STM32F4xx_HAL_Driver/Src/stm32f4xx_hal_dma.o
 .text.DMA_CalcBaseAndBitshift
                0x0000000008003774       0x6c ./Drivers/STM32F4xx_HAL_Driver/Src/stm32f4xx_hal_dma.o
 .text.DMA_CheckFifoParam
                0x00000000080037e0       0xf8 ./Drivers/STM32F4xx_HAL_Driver/Src/stm32f4xx_hal_dma.o
 .text.HAL_GPIO_Init
                0x00000000080038d8      0x308 ./Drivers/STM32F4xx_HAL_Driver/Src/stm32f4xx_hal_gpio.o
                0x00000000080038d8                HAL_GPIO_Init
 .text.HAL_GPIO_DeInit
                0x0000000008003be0      0x1c8 ./Drivers/STM32F4xx_HAL_Driver/Src/stm32f4xx_hal_gpio.o
                0x0000000008003be0                HAL_GPIO_DeInit
 .text.HAL_GPIO_WritePin
                0x0000000008003da8       0x32 ./Drivers/STM32F4xx_HAL_Driver/Src/stm32f4xx_hal_gpio.o
                0x0000000008003da8                HAL_GPIO_WritePin
 *fill*         0x0000000008003dda        0x2 
 .text.HAL_GPIO_EXTI_IRQHandler
                0x0000000008003ddc       0x30 ./Drivers/STM32F4xx_HAL_Driver/Src/stm32f4xx_hal_gpio.o
                0x0000000008003ddc                HAL_GPIO_EXTI_IRQHandler
 .text.HAL_HCD_Init
                0x0000000008003e0c       0xc4 ./Drivers/STM32F4xx_HAL_Driver/Src/stm32f4xx_hal_hcd.o
                0x0000000008003e0c                HAL_HCD_Init
 .text.HAL_HCD_HC_Init
                0x0000000008003ed0      0x11e ./Drivers/STM32F4xx_HAL_Driver/Src/stm32f4xx_hal_hcd.o
                0x0000000008003ed0                HAL_HCD_HC_Init
 .text.HAL_HCD_HC_Halt
                0x0000000008003fee       0x46 ./Drivers/STM32F4xx_HAL_Driver/Src/stm32f4xx_hal_hcd.o
                0x0000000008003fee                HAL_HCD_HC_Halt
 .text.HAL_HCD_HC_SubmitRequest
                0x0000000008004034      0x2ac ./Drivers/STM32F4xx_HAL_Driver/Src/stm32f4xx_hal_hcd.o
                0x0000000008004034                HAL_HCD_HC_SubmitRequest
 .text.HAL_HCD_IRQHandler
                0x00000000080042e0      0x216 ./Drivers/STM32F4xx_HAL_Driver/Src/stm32f4xx_hal_hcd.o
                0x00000000080042e0                HAL_HCD_IRQHandler
 .text.HAL_HCD_Start
                0x00000000080044f6       0x46 ./Drivers/STM32F4xx_HAL_Driver/Src/stm32f4xx_hal_hcd.o
                0x00000000080044f6                HAL_HCD_Start
 .text.HAL_HCD_Stop
                0x000000000800453c       0x3a ./Drivers/STM32F4xx_HAL_Driver/Src/stm32f4xx_hal_hcd.o
                0x000000000800453c                HAL_HCD_Stop
 .text.HAL_HCD_ResetPort
                0x0000000008004576       0x1c ./Drivers/STM32F4xx_HAL_Driver/Src/stm32f4xx_hal_hcd.o
                0x0000000008004576                HAL_HCD_ResetPort
 .text.HAL_HCD_HC_GetURBState
                0x0000000008004592       0x28 ./Drivers/STM32F4xx_HAL_Driver/Src/stm32f4xx_hal_hcd.o
                0x0000000008004592                HAL_HCD_HC_GetURBState
 .text.HAL_HCD_HC_GetXferCount
                0x00000000080045ba       0x28 ./Drivers/STM32F4xx_HAL_Driver/Src/stm32f4xx_hal_hcd.o
                0x00000000080045ba                HAL_HCD_HC_GetXferCount
 .text.HAL_HCD_GetCurrentFrame
                0x00000000080045e2       0x1c ./Drivers/STM32F4xx_HAL_Driver/Src/stm32f4xx_hal_hcd.o
                0x00000000080045e2                HAL_HCD_GetCurrentFrame
 .text.HAL_HCD_GetCurrentSpeed
                0x00000000080045fe       0x1c ./Drivers/STM32F4xx_HAL_Driver/Src/stm32f4xx_hal_hcd.o
                0x00000000080045fe                HAL_HCD_GetCurrentSpeed
 .text.HCD_HC_IN_IRQHandler
                0x000000000800461a      0x6aa ./Drivers/STM32F4xx_HAL_Driver/Src/stm32f4xx_hal_hcd.o
 .text.HCD_HC_OUT_IRQHandler
                0x0000000008004cc4      0x6d2 ./Drivers/STM32F4xx_HAL_Driver/Src/stm32f4xx_hal_hcd.o
 .text.HCD_RXQLVL_IRQHandler
                0x0000000008005396      0x1a4 ./Drivers/STM32F4xx_HAL_Driver/Src/stm32f4xx_hal_hcd.o
 .text.HCD_Port_IRQHandler
                0x000000000800553a       0xe6 ./Drivers/STM32F4xx_HAL_Driver/Src/stm32f4xx_hal_hcd.o
 .text.HAL_I2C_Init
                0x0000000008005620      0x288 ./Drivers/STM32F4xx_HAL_Driver/Src/stm32f4xx_hal_i2c.o
                0x0000000008005620                HAL_I2C_Init
 .text.HAL_I2C_DeInit
                0x00000000080058a8       0x5e ./Drivers/STM32F4xx_HAL_Driver/Src/stm32f4xx_hal_i2c.o
                0x00000000080058a8                HAL_I2C_DeInit
 *fill*         0x0000000008005906        0x2 
 .text.HAL_I2C_Master_Transmit
                0x0000000008005908      0x1fc ./Drivers/STM32F4xx_HAL_Driver/Src/stm32f4xx_hal_i2c.o
                0x0000000008005908                HAL_I2C_Master_Transmit
 .text.HAL_I2C_Mem_Write
                0x0000000008005b04      0x1f4 ./Drivers/STM32F4xx_HAL_Driver/Src/stm32f4xx_hal_i2c.o
                0x0000000008005b04                HAL_I2C_Mem_Write
 .text.HAL_I2C_Mem_Read
                0x0000000008005cf8      0x44c ./Drivers/STM32F4xx_HAL_Driver/Src/stm32f4xx_hal_i2c.o
                0x0000000008005cf8                HAL_I2C_Mem_Read
 .text.HAL_I2C_IsDeviceReady
                0x0000000008006144      0x25c ./Drivers/STM32F4xx_HAL_Driver/Src/stm32f4xx_hal_i2c.o
                0x0000000008006144                HAL_I2C_IsDeviceReady
 .text.HAL_I2C_GetState
                0x00000000080063a0       0x1c ./Drivers/STM32F4xx_HAL_Driver/Src/stm32f4xx_hal_i2c.o
                0x00000000080063a0                HAL_I2C_GetState
 .text.I2C_MasterRequestWrite
                0x00000000080063bc      0x104 ./Drivers/STM32F4xx_HAL_Driver/Src/stm32f4xx_hal_i2c.o
 .text.I2C_RequestMemoryWrite
                0x00000000080064c0      0x12c ./Drivers/STM32F4xx_HAL_Driver/Src/stm32f4xx_hal_i2c.o
 .text.I2C_RequestMemoryRead
                0x00000000080065ec      0x1d0 ./Drivers/STM32F4xx_HAL_Driver/Src/stm32f4xx_hal_i2c.o
 .text.I2C_WaitOnFlagUntilTimeout
                0x00000000080067bc       0xae ./Drivers/STM32F4xx_HAL_Driver/Src/stm32f4xx_hal_i2c.o
 .text.I2C_WaitOnMasterAddressFlagUntilTimeout
                0x000000000800686a       0xfe ./Drivers/STM32F4xx_HAL_Driver/Src/stm32f4xx_hal_i2c.o
 .text.I2C_WaitOnTXEFlagUntilTimeout
                0x0000000008006968       0x82 ./Drivers/STM32F4xx_HAL_Driver/Src/stm32f4xx_hal_i2c.o
 .text.I2C_WaitOnBTFFlagUntilTimeout
                0x00000000080069ea       0x82 ./Drivers/STM32F4xx_HAL_Driver/Src/stm32f4xx_hal_i2c.o
 .text.I2C_WaitOnRXNEFlagUntilTimeout
                0x0000000008006a6c       0xac ./Drivers/STM32F4xx_HAL_Driver/Src/stm32f4xx_hal_i2c.o
 .text.I2C_IsAcknowledgeFailed
                0x0000000008006b18       0x5e ./Drivers/STM32F4xx_HAL_Driver/Src/stm32f4xx_hal_i2c.o
 *fill*         0x0000000008006b76        0x2 
 .text.HAL_I2S_Init
                0x0000000008006b78      0x280 ./Drivers/STM32F4xx_HAL_Driver/Src/stm32f4xx_hal_i2s.o
                0x0000000008006b78                HAL_I2S_Init
 .text.HAL_I2S_Transmit_DMA
                0x0000000008006df8      0x150 ./Drivers/STM32F4xx_HAL_Driver/Src/stm32f4xx_hal_i2s.o
                0x0000000008006df8                HAL_I2S_Transmit_DMA
 .text.HAL_I2S_DMAPause
                0x0000000008006f48       0xc4 ./Drivers/STM32F4xx_HAL_Driver/Src/stm32f4xx_hal_i2s.o
                0x0000000008006f48                HAL_I2S_DMAPause
 .text.HAL_I2S_DMAResume
                0x000000000800700c      0x128 ./Drivers/STM32F4xx_HAL_Driver/Src/stm32f4xx_hal_i2s.o
                0x000000000800700c                HAL_I2S_DMAResume
 .text.HAL_I2S_DMAStop
                0x0000000008007134      0x3b4 ./Drivers/STM32F4xx_HAL_Driver/Src/stm32f4xx_hal_i2s.o
                0x0000000008007134                HAL_I2S_DMAStop
 .text.HAL_I2S_RxCpltCallback
                0x00000000080074e8       0x14 ./Drivers/STM32F4xx_HAL_Driver/Src/stm32f4xx_hal_i2s.o
                0x00000000080074e8                HAL_I2S_RxCpltCallback
 .text.HAL_I2S_GetState
                0x00000000080074fc       0x1c ./Drivers/STM32F4xx_HAL_Driver/Src/stm32f4xx_hal_i2s.o
                0x00000000080074fc                HAL_I2S_GetState
 .text.I2S_DMATxCplt
                0x0000000008007518       0x42 ./Drivers/STM32F4xx_HAL_Driver/Src/stm32f4xx_hal_i2s.o
 .text.I2S_DMATxHalfCplt
                0x000000000800755a       0x1c ./Drivers/STM32F4xx_HAL_Driver/Src/stm32f4xx_hal_i2s.o
 .text.I2S_DMAError
                0x0000000008007576       0x4c ./Drivers/STM32F4xx_HAL_Driver/Src/stm32f4xx_hal_i2s.o
 .text.I2S_Transmit_IT
                0x00000000080075c2       0x5c ./Drivers/STM32F4xx_HAL_Driver/Src/stm32f4xx_hal_i2s.o
 .text.I2S_Receive_IT
                0x000000000800761e       0x5e ./Drivers/STM32F4xx_HAL_Driver/Src/stm32f4xx_hal_i2s.o
 .text.I2S_IRQHandler
                0x000000000800767c      0x114 ./Drivers/STM32F4xx_HAL_Driver/Src/stm32f4xx_hal_i2s.o
 .text.I2S_WaitFlagStateUntilTimeout
                0x0000000008007790       0x72 ./Drivers/STM32F4xx_HAL_Driver/Src/stm32f4xx_hal_i2s.o
 *fill*         0x0000000008007802        0x2 
 .text.HAL_I2SEx_FullDuplex_IRQHandler
                0x0000000008007804      0x2a8 ./Drivers/STM32F4xx_HAL_Driver/Src/stm32f4xx_hal_i2s_ex.o
                0x0000000008007804                HAL_I2SEx_FullDuplex_IRQHandler
 .text.HAL_I2SEx_TxRxCpltCallback
                0x0000000008007aac       0x14 ./Drivers/STM32F4xx_HAL_Driver/Src/stm32f4xx_hal_i2s_ex.o
                0x0000000008007aac                HAL_I2SEx_TxRxCpltCallback
 .text.I2SEx_TxISR_I2S
                0x0000000008007ac0       0x62 ./Drivers/STM32F4xx_HAL_Driver/Src/stm32f4xx_hal_i2s_ex.o
 *fill*         0x0000000008007b22        0x2 
 .text.I2SEx_TxISR_I2SExt
                0x0000000008007b24       0x98 ./Drivers/STM32F4xx_HAL_Driver/Src/stm32f4xx_hal_i2s_ex.o
 .text.I2SEx_RxISR_I2S
                0x0000000008007bbc       0x64 ./Drivers/STM32F4xx_HAL_Driver/Src/stm32f4xx_hal_i2s_ex.o
 .text.I2SEx_RxISR_I2SExt
                0x0000000008007c20       0x98 ./Drivers/STM32F4xx_HAL_Driver/Src/stm32f4xx_hal_i2s_ex.o
 .text.HAL_RCC_OscConfig
                0x0000000008007cb8      0x4f0 ./Drivers/STM32F4xx_HAL_Driver/Src/stm32f4xx_hal_rcc.o
                0x0000000008007cb8                HAL_RCC_OscConfig
 .text.HAL_RCC_ClockConfig
                0x00000000080081a8      0x1cc ./Drivers/STM32F4xx_HAL_Driver/Src/stm32f4xx_hal_rcc.o
                0x00000000080081a8                HAL_RCC_ClockConfig
 .text.HAL_RCC_GetSysClockFreq
                0x0000000008008374      0x20c ./Drivers/STM32F4xx_HAL_Driver/Src/stm32f4xx_hal_rcc.o
                0x0000000008008374                HAL_RCC_GetSysClockFreq
 .text.HAL_RCC_GetHCLKFreq
                0x0000000008008580       0x18 ./Drivers/STM32F4xx_HAL_Driver/Src/stm32f4xx_hal_rcc.o
                0x0000000008008580                HAL_RCC_GetHCLKFreq
 .text.HAL_RCC_GetPCLK1Freq
                0x0000000008008598       0x28 ./Drivers/STM32F4xx_HAL_Driver/Src/stm32f4xx_hal_rcc.o
                0x0000000008008598                HAL_RCC_GetPCLK1Freq
 .text.HAL_RCC_GetPCLK2Freq
                0x00000000080085c0       0x28 ./Drivers/STM32F4xx_HAL_Driver/Src/stm32f4xx_hal_rcc.o
                0x00000000080085c0                HAL_RCC_GetPCLK2Freq
 .text.HAL_RCCEx_PeriphCLKConfig
                0x00000000080085e8      0x1e0 ./Drivers/STM32F4xx_HAL_Driver/Src/stm32f4xx_hal_rcc_ex.o
                0x00000000080085e8                HAL_RCCEx_PeriphCLKConfig
 .text.HAL_RCCEx_GetPeriphCLKConfig
                0x00000000080087c8       0x84 ./Drivers/STM32F4xx_HAL_Driver/Src/stm32f4xx_hal_rcc_ex.o
                0x00000000080087c8                HAL_RCCEx_GetPeriphCLKConfig
 .text.HAL_RCCEx_GetPeriphCLKFreq
                0x000000000800884c       0xc0 ./Drivers/STM32F4xx_HAL_Driver/Src/stm32f4xx_hal_rcc_ex.o
                0x000000000800884c                HAL_RCCEx_GetPeriphCLKFreq
 .text.HAL_UART_Init
                0x000000000800890c       0x9a ./Drivers/STM32F4xx_HAL_Driver/Src/stm32f4xx_hal_uart.o
                0x000000000800890c                HAL_UART_Init
 .text.HAL_UART_Receive_IT
                0x00000000080089a6       0x60 ./Drivers/STM32F4xx_HAL_Driver/Src/stm32f4xx_hal_uart.o
                0x00000000080089a6                HAL_UART_Receive_IT
 *fill*         0x0000000008008a06        0x2 
 .text.HAL_UART_IRQHandler
                0x0000000008008a08      0x51c ./Drivers/STM32F4xx_HAL_Driver/Src/stm32f4xx_hal_uart.o
                0x0000000008008a08                HAL_UART_IRQHandler
 .text.HAL_UART_TxCpltCallback
                0x0000000008008f24       0x14 ./Drivers/STM32F4xx_HAL_Driver/Src/stm32f4xx_hal_uart.o
                0x0000000008008f24                HAL_UART_TxCpltCallback
 .text.HAL_UART_ErrorCallback
                0x0000000008008f38       0x14 ./Drivers/STM32F4xx_HAL_Driver/Src/stm32f4xx_hal_uart.o
                0x0000000008008f38                HAL_UART_ErrorCallback
 .text.HAL_UARTEx_RxEventCallback
                0x0000000008008f4c       0x18 ./Drivers/STM32F4xx_HAL_Driver/Src/stm32f4xx_hal_uart.o
                0x0000000008008f4c                HAL_UARTEx_RxEventCallback
 .text.UART_Start_Receive_IT
                0x0000000008008f64       0x7c ./Drivers/STM32F4xx_HAL_Driver/Src/stm32f4xx_hal_uart.o
                0x0000000008008f64                UART_Start_Receive_IT
 .text.UART_EndRxTransfer
                0x0000000008008fe0       0xc6 ./Drivers/STM32F4xx_HAL_Driver/Src/stm32f4xx_hal_uart.o
 .text.UART_DMAAbortOnError
                0x00000000080090a6       0x28 ./Drivers/STM32F4xx_HAL_Driver/Src/stm32f4xx_hal_uart.o
 .text.UART_Transmit_IT
                0x00000000080090ce       0xa0 ./Drivers/STM32F4xx_HAL_Driver/Src/stm32f4xx_hal_uart.o
 .text.UART_EndTransmit_IT
                0x000000000800916e       0x30 ./Drivers/STM32F4xx_HAL_Driver/Src/stm32f4xx_hal_uart.o
 .text.UART_Receive_IT
                0x000000000800919e      0x176 ./Drivers/STM32F4xx_HAL_Driver/Src/stm32f4xx_hal_uart.o
 .text.UART_SetConfig
                0x0000000008009314      0x4e8 ./Drivers/STM32F4xx_HAL_Driver/Src/stm32f4xx_hal_uart.o
 .text.USB_CoreInit
                0x00000000080097fc       0xc2 ./Drivers/STM32F4xx_HAL_Driver/Src/stm32f4xx_ll_usb.o
                0x00000000080097fc                USB_CoreInit
 .text.USB_EnableGlobalInt
                0x00000000080098be       0x22 ./Drivers/STM32F4xx_HAL_Driver/Src/stm32f4xx_ll_usb.o
                0x00000000080098be                USB_EnableGlobalInt
 .text.USB_DisableGlobalInt
                0x00000000080098e0       0x22 ./Drivers/STM32F4xx_HAL_Driver/Src/stm32f4xx_ll_usb.o
                0x00000000080098e0                USB_DisableGlobalInt
 .text.USB_SetCurrentMode
                0x0000000008009902       0x98 ./Drivers/STM32F4xx_HAL_Driver/Src/stm32f4xx_ll_usb.o
                0x0000000008009902                USB_SetCurrentMode
 *fill*         0x000000000800999a        0x2 
 .text.USB_FlushTxFifo
                0x000000000800999c       0x68 ./Drivers/STM32F4xx_HAL_Driver/Src/stm32f4xx_ll_usb.o
                0x000000000800999c                USB_FlushTxFifo
 .text.USB_FlushRxFifo
                0x0000000008009a04       0x60 ./Drivers/STM32F4xx_HAL_Driver/Src/stm32f4xx_ll_usb.o
                0x0000000008009a04                USB_FlushRxFifo
 .text.USB_WritePacket
                0x0000000008009a64       0x7c ./Drivers/STM32F4xx_HAL_Driver/Src/stm32f4xx_ll_usb.o
                0x0000000008009a64                USB_WritePacket
 .text.USB_ReadPacket
                0x0000000008009ae0       0xb0 ./Drivers/STM32F4xx_HAL_Driver/Src/stm32f4xx_ll_usb.o
                0x0000000008009ae0                USB_ReadPacket
 .text.USB_ReadInterrupts
                0x0000000008009b90       0x26 ./Drivers/STM32F4xx_HAL_Driver/Src/stm32f4xx_ll_usb.o
                0x0000000008009b90                USB_ReadInterrupts
 .text.USB_GetMode
                0x0000000008009bb6       0x1c ./Drivers/STM32F4xx_HAL_Driver/Src/stm32f4xx_ll_usb.o
                0x0000000008009bb6                USB_GetMode
 *fill*         0x0000000008009bd2        0x2 
 .text.USB_CoreReset
                0x0000000008009bd4       0x68 ./Drivers/STM32F4xx_HAL_Driver/Src/stm32f4xx_ll_usb.o
 .text.USB_HostInit
                0x0000000008009c3c      0x180 ./Drivers/STM32F4xx_HAL_Driver/Src/stm32f4xx_ll_usb.o
                0x0000000008009c3c                USB_HostInit
 .text.USB_InitFSLSPClkSel
                0x0000000008009dbc       0x74 ./Drivers/STM32F4xx_HAL_Driver/Src/stm32f4xx_ll_usb.o
                0x0000000008009dbc                USB_InitFSLSPClkSel
 .text.USB_ResetPort
                0x0000000008009e30       0x54 ./Drivers/STM32F4xx_HAL_Driver/Src/stm32f4xx_ll_usb.o
                0x0000000008009e30                USB_ResetPort
 .text.USB_DriveVbus
                0x0000000008009e84       0x72 ./Drivers/STM32F4xx_HAL_Driver/Src/stm32f4xx_ll_usb.o
                0x0000000008009e84                USB_DriveVbus
 .text.USB_GetHostSpeed
                0x0000000008009ef6       0x2e ./Drivers/STM32F4xx_HAL_Driver/Src/stm32f4xx_ll_usb.o
                0x0000000008009ef6                USB_GetHostSpeed
 .text.USB_GetCurrentFrame
                0x0000000008009f24       0x22 ./Drivers/STM32F4xx_HAL_Driver/Src/stm32f4xx_ll_usb.o
                0x0000000008009f24                USB_GetCurrentFrame
 *fill*         0x0000000008009f46        0x2 
 .text.USB_HC_Init
                0x0000000008009f48      0x244 ./Drivers/STM32F4xx_HAL_Driver/Src/stm32f4xx_ll_usb.o
                0x0000000008009f48                USB_HC_Init
 .text.USB_HC_StartXfer
                0x000000000800a18c      0x284 ./Drivers/STM32F4xx_HAL_Driver/Src/stm32f4xx_ll_usb.o
                0x000000000800a18c                USB_HC_StartXfer
 .text.USB_HC_ReadInterrupt
                0x000000000800a410       0x22 ./Drivers/STM32F4xx_HAL_Driver/Src/stm32f4xx_ll_usb.o
                0x000000000800a410                USB_HC_ReadInterrupt
 .text.USB_HC_Halt
                0x000000000800a432      0x1f8 ./Drivers/STM32F4xx_HAL_Driver/Src/stm32f4xx_ll_usb.o
                0x000000000800a432                USB_HC_Halt
 *fill*         0x000000000800a62a        0x2 
 .text.USB_DoPing
                0x000000000800a62c       0x78 ./Drivers/STM32F4xx_HAL_Driver/Src/stm32f4xx_ll_usb.o
                0x000000000800a62c                USB_DoPing
 .text.USB_StopHost
                0x000000000800a6a4      0x124 ./Drivers/STM32F4xx_HAL_Driver/Src/stm32f4xx_ll_usb.o
                0x000000000800a6a4                USB_StopHost
 .text.MX_FATFS_Init
                0x000000000800a7c8       0x24 ./FATFS/App/fatfs.o
                0x000000000800a7c8                MX_FATFS_Init
 .text.get_fattime
                0x000000000800a7ec       0x10 ./FATFS/App/fatfs.o
                0x000000000800a7ec                get_fattime
 .text.USBH_initialize
                0x000000000800a7fc       0x18 ./FATFS/Target/usbh_diskio.o
                0x000000000800a7fc                USBH_initialize
 .text.USBH_status
                0x000000000800a814       0x38 ./FATFS/Target/usbh_diskio.o
                0x000000000800a814                USBH_status
 .text.USBH_read
                0x000000000800a84c       0x74 ./FATFS/Target/usbh_diskio.o
                0x000000000800a84c                USBH_read
 .text.USBH_write
                0x000000000800a8c0       0x84 ./FATFS/Target/usbh_diskio.o
                0x000000000800a8c0                USBH_write
 .text.USBH_ioctl
                0x000000000800a944       0xd8 ./FATFS/Target/usbh_diskio.o
                0x000000000800a944                USBH_ioctl
 .text.USBH_MSC_InterfaceInit
                0x000000000800aa1c      0x244 ./Middlewares/ST/STM32_USB_Host_Library/Class/MSC/Src/usbh_msc.o
 .text.USBH_MSC_InterfaceDeInit
                0x000000000800ac60       0x8c ./Middlewares/ST/STM32_USB_Host_Library/Class/MSC/Src/usbh_msc.o
 .text.USBH_MSC_ClassRequest
                0x000000000800acec       0xce ./Middlewares/ST/STM32_USB_Host_Library/Class/MSC/Src/usbh_msc.o
 *fill*         0x000000000800adba        0x2 
 .text.USBH_MSC_Process
                0x000000000800adbc      0x520 ./Middlewares/ST/STM32_USB_Host_Library/Class/MSC/Src/usbh_msc.o
 .text.USBH_MSC_SOFProcess
                0x000000000800b2dc       0x16 ./Middlewares/ST/STM32_USB_Host_Library/Class/MSC/Src/usbh_msc.o
 .text.USBH_MSC_RdWrProcess
                0x000000000800b2f2      0x19e ./Middlewares/ST/STM32_USB_Host_Library/Class/MSC/Src/usbh_msc.o
 .text.USBH_MSC_UnitIsReady
                0x000000000800b490       0x4c ./Middlewares/ST/STM32_USB_Host_Library/Class/MSC/Src/usbh_msc.o
                0x000000000800b490                USBH_MSC_UnitIsReady
 .text.USBH_MSC_GetLUNInfo
                0x000000000800b4dc       0x48 ./Middlewares/ST/STM32_USB_Host_Library/Class/MSC/Src/usbh_msc.o
                0x000000000800b4dc                USBH_MSC_GetLUNInfo
 .text.USBH_MSC_Read
                0x000000000800b524       0xd2 ./Middlewares/ST/STM32_USB_Host_Library/Class/MSC/Src/usbh_msc.o
                0x000000000800b524                USBH_MSC_Read
 .text.USBH_MSC_Write
                0x000000000800b5f6       0xd2 ./Middlewares/ST/STM32_USB_Host_Library/Class/MSC/Src/usbh_msc.o
                0x000000000800b5f6                USBH_MSC_Write
 .text.USBH_MSC_BOT_REQ_Reset
                0x000000000800b6c8       0x3a ./Middlewares/ST/STM32_USB_Host_Library/Class/MSC/Src/usbh_msc_bot.o
                0x000000000800b6c8                USBH_MSC_BOT_REQ_Reset
 .text.USBH_MSC_BOT_REQ_GetMaxLUN
                0x000000000800b702       0x3c ./Middlewares/ST/STM32_USB_Host_Library/Class/MSC/Src/usbh_msc_bot.o
                0x000000000800b702                USBH_MSC_BOT_REQ_GetMaxLUN
 *fill*         0x000000000800b73e        0x2 
 .text.USBH_MSC_BOT_Init
                0x000000000800b740       0x44 ./Middlewares/ST/STM32_USB_Host_Library/Class/MSC/Src/usbh_msc_bot.o
                0x000000000800b740                USBH_MSC_BOT_Init
 .text.USBH_MSC_BOT_Process
                0x000000000800b784      0x39c ./Middlewares/ST/STM32_USB_Host_Library/Class/MSC/Src/usbh_msc_bot.o
                0x000000000800b784                USBH_MSC_BOT_Process
 .text.USBH_MSC_BOT_Abort
                0x000000000800bb20       0x58 ./Middlewares/ST/STM32_USB_Host_Library/Class/MSC/Src/usbh_msc_bot.o
 .text.USBH_MSC_DecodeCSW
                0x000000000800bb78       0x88 ./Middlewares/ST/STM32_USB_Host_Library/Class/MSC/Src/usbh_msc_bot.o
 .text.USBH_MSC_SCSI_TestUnitReady
                0x000000000800bc00       0x86 ./Middlewares/ST/STM32_USB_Host_Library/Class/MSC/Src/usbh_msc_scsi.o
                0x000000000800bc00                USBH_MSC_SCSI_TestUnitReady
 .text.USBH_MSC_SCSI_ReadCapacity
                0x000000000800bc86       0xf6 ./Middlewares/ST/STM32_USB_Host_Library/Class/MSC/Src/usbh_msc_scsi.o
                0x000000000800bc86                USBH_MSC_SCSI_ReadCapacity
 .text.USBH_MSC_SCSI_Inquiry
                0x000000000800bd7c      0x14a ./Middlewares/ST/STM32_USB_Host_Library/Class/MSC/Src/usbh_msc_scsi.o
                0x000000000800bd7c                USBH_MSC_SCSI_Inquiry
 .text.USBH_MSC_SCSI_RequestSense
                0x000000000800bec6       0xf2 ./Middlewares/ST/STM32_USB_Host_Library/Class/MSC/Src/usbh_msc_scsi.o
                0x000000000800bec6                USBH_MSC_SCSI_RequestSense
 .text.USBH_MSC_SCSI_Write
                0x000000000800bfb8       0xd6 ./Middlewares/ST/STM32_USB_Host_Library/Class/MSC/Src/usbh_msc_scsi.o
                0x000000000800bfb8                USBH_MSC_SCSI_Write
 .text.USBH_MSC_SCSI_Read
                0x000000000800c08e       0xd6 ./Middlewares/ST/STM32_USB_Host_Library/Class/MSC/Src/usbh_msc_scsi.o
                0x000000000800c08e                USBH_MSC_SCSI_Read
 .text.USBH_Init
                0x000000000800c164       0x74 ./Middlewares/ST/STM32_USB_Host_Library/Core/Src/usbh_core.o
                0x000000000800c164                USBH_Init
 .text.DeInitStateMachine
                0x000000000800c1d8       0xa8 ./Middlewares/ST/STM32_USB_Host_Library/Core/Src/usbh_core.o
 .text.USBH_RegisterClass
                0x000000000800c280       0x54 ./Middlewares/ST/STM32_USB_Host_Library/Core/Src/usbh_core.o
                0x000000000800c280                USBH_RegisterClass
 .text.USBH_SelectInterface
                0x000000000800c2d4       0x38 ./Middlewares/ST/STM32_USB_Host_Library/Core/Src/usbh_core.o
                0x000000000800c2d4                USBH_SelectInterface
 .text.USBH_FindInterface
                0x000000000800c30c       0x8c ./Middlewares/ST/STM32_USB_Host_Library/Core/Src/usbh_core.o
                0x000000000800c30c                USBH_FindInterface
 .text.USBH_Start
                0x000000000800c398       0x20 ./Middlewares/ST/STM32_USB_Host_Library/Core/Src/usbh_core.o
                0x000000000800c398                USBH_Start
 .text.USBH_Process
                0x000000000800c3b8      0x3d8 ./Middlewares/ST/STM32_USB_Host_Library/Core/Src/usbh_core.o
                0x000000000800c3b8                USBH_Process
 .text.USBH_HandleEnum
                0x000000000800c790      0x3c8 ./Middlewares/ST/STM32_USB_Host_Library/Core/Src/usbh_core.o
 .text.USBH_LL_SetTimer
                0x000000000800cb58       0x1e ./Middlewares/ST/STM32_USB_Host_Library/Core/Src/usbh_core.o
                0x000000000800cb58                USBH_LL_SetTimer
 .text.USBH_LL_IncTimer
                0x000000000800cb76       0x24 ./Middlewares/ST/STM32_USB_Host_Library/Core/Src/usbh_core.o
                0x000000000800cb76                USBH_LL_IncTimer
 .text.USBH_HandleSof
                0x000000000800cb9a       0x30 ./Middlewares/ST/STM32_USB_Host_Library/Core/Src/usbh_core.o
 .text.USBH_LL_PortEnabled
                0x000000000800cbca       0x1c ./Middlewares/ST/STM32_USB_Host_Library/Core/Src/usbh_core.o
                0x000000000800cbca                USBH_LL_PortEnabled
 .text.USBH_LL_PortDisabled
                0x000000000800cbe6       0x1c ./Middlewares/ST/STM32_USB_Host_Library/Core/Src/usbh_core.o
                0x000000000800cbe6                USBH_LL_PortDisabled
 .text.USBH_LL_Connect
                0x000000000800cc02       0x2e ./Middlewares/ST/STM32_USB_Host_Library/Core/Src/usbh_core.o
                0x000000000800cc02                USBH_LL_Connect
 .text.USBH_LL_Disconnect
                0x000000000800cc30       0x48 ./Middlewares/ST/STM32_USB_Host_Library/Core/Src/usbh_core.o
                0x000000000800cc30                USBH_LL_Disconnect
 .text.USBH_Get_DevDesc
                0x000000000800cc78       0x50 ./Middlewares/ST/STM32_USB_Host_Library/Core/Src/usbh_ctlreq.o
                0x000000000800cc78                USBH_Get_DevDesc
 .text.USBH_Get_CfgDesc
                0x000000000800ccc8       0x48 ./Middlewares/ST/STM32_USB_Host_Library/Core/Src/usbh_ctlreq.o
                0x000000000800ccc8                USBH_Get_CfgDesc
 .text.USBH_Get_StringDesc
                0x000000000800cd10       0x56 ./Middlewares/ST/STM32_USB_Host_Library/Core/Src/usbh_ctlreq.o
                0x000000000800cd10                USBH_Get_StringDesc
 .text.USBH_GetDescriptor
                0x000000000800cd66       0x6a ./Middlewares/ST/STM32_USB_Host_Library/Core/Src/usbh_ctlreq.o
                0x000000000800cd66                USBH_GetDescriptor
 .text.USBH_SetAddress
                0x000000000800cdd0       0x48 ./Middlewares/ST/STM32_USB_Host_Library/Core/Src/usbh_ctlreq.o
                0x000000000800cdd0                USBH_SetAddress
 .text.USBH_SetCfg
                0x000000000800ce18       0x46 ./Middlewares/ST/STM32_USB_Host_Library/Core/Src/usbh_ctlreq.o
                0x000000000800ce18                USBH_SetCfg
 .text.USBH_SetFeature
                0x000000000800ce5e       0x48 ./Middlewares/ST/STM32_USB_Host_Library/Core/Src/usbh_ctlreq.o
                0x000000000800ce5e                USBH_SetFeature
 .text.USBH_ClrFeature
                0x000000000800cea6       0x48 ./Middlewares/ST/STM32_USB_Host_Library/Core/Src/usbh_ctlreq.o
                0x000000000800cea6                USBH_ClrFeature
 *fill*         0x000000000800ceee        0x2 
 .text.USBH_ParseDevDesc
                0x000000000800cef0      0x124 ./Middlewares/ST/STM32_USB_Host_Library/Core/Src/usbh_ctlreq.o
 .text.USBH_ParseCfgDesc
                0x000000000800d014      0x1ec ./Middlewares/ST/STM32_USB_Host_Library/Core/Src/usbh_ctlreq.o
 .text.USBH_ParseInterfaceDesc
                0x000000000800d200       0x5e ./Middlewares/ST/STM32_USB_Host_Library/Core/Src/usbh_ctlreq.o
 .text.USBH_ParseEPDesc
                0x000000000800d25e      0x14a ./Middlewares/ST/STM32_USB_Host_Library/Core/Src/usbh_ctlreq.o
 .text.USBH_ParseStringDesc
                0x000000000800d3a8       0x66 ./Middlewares/ST/STM32_USB_Host_Library/Core/Src/usbh_ctlreq.o
 .text.USBH_GetNextDesc
                0x000000000800d40e       0x36 ./Middlewares/ST/STM32_USB_Host_Library/Core/Src/usbh_ctlreq.o
                0x000000000800d40e                USBH_GetNextDesc
 .text.USBH_CtlReq
                0x000000000800d444       0x7a ./Middlewares/ST/STM32_USB_Host_Library/Core/Src/usbh_ctlreq.o
                0x000000000800d444                USBH_CtlReq
 *fill*         0x000000000800d4be        0x2 
 .text.USBH_HandleControl
                0x000000000800d4c0      0x2e8 ./Middlewares/ST/STM32_USB_Host_Library/Core/Src/usbh_ctlreq.o
 .text.USBH_CtlSendSetup
                0x000000000800d7a8       0x34 ./Middlewares/ST/STM32_USB_Host_Library/Core/Src/usbh_ioreq.o
                0x000000000800d7a8                USBH_CtlSendSetup
 .text.USBH_CtlSendData
                0x000000000800d7dc       0x4a ./Middlewares/ST/STM32_USB_Host_Library/Core/Src/usbh_ioreq.o
                0x000000000800d7dc                USBH_CtlSendData
 .text.USBH_CtlReceiveData
                0x000000000800d826       0x3c ./Middlewares/ST/STM32_USB_Host_Library/Core/Src/usbh_ioreq.o
                0x000000000800d826                USBH_CtlReceiveData
 .text.USBH_BulkSendData
                0x000000000800d862       0x4a ./Middlewares/ST/STM32_USB_Host_Library/Core/Src/usbh_ioreq.o
                0x000000000800d862                USBH_BulkSendData
 .text.USBH_BulkReceiveData
                0x000000000800d8ac       0x3c ./Middlewares/ST/STM32_USB_Host_Library/Core/Src/usbh_ioreq.o
                0x000000000800d8ac                USBH_BulkReceiveData
 .text.USBH_OpenPipe
                0x000000000800d8e8       0x3e ./Middlewares/ST/STM32_USB_Host_Library/Core/Src/usbh_pipes.o
                0x000000000800d8e8                USBH_OpenPipe
 .text.USBH_ClosePipe
                0x000000000800d926       0x20 ./Middlewares/ST/STM32_USB_Host_Library/Core/Src/usbh_pipes.o
                0x000000000800d926                USBH_ClosePipe
 .text.USBH_AllocPipe
                0x000000000800d946       0x42 ./Middlewares/ST/STM32_USB_Host_Library/Core/Src/usbh_pipes.o
                0x000000000800d946                USBH_AllocPipe
 .text.USBH_FreePipe
                0x000000000800d988       0x3c ./Middlewares/ST/STM32_USB_Host_Library/Core/Src/usbh_pipes.o
                0x000000000800d988                USBH_FreePipe
 .text.USBH_GetFreePipe
                0x000000000800d9c4       0x48 ./Middlewares/ST/STM32_USB_Host_Library/Core/Src/usbh_pipes.o
 .text.disk_status
                0x000000000800da0c       0x34 ./Middlewares/Third_Party/FatFs/src/diskio.o
                0x000000000800da0c                disk_status
 .text.disk_initialize
                0x000000000800da40       0x4c ./Middlewares/Third_Party/FatFs/src/diskio.o
                0x000000000800da40                disk_initialize
 .text.disk_read
                0x000000000800da8c       0x40 ./Middlewares/Third_Party/FatFs/src/diskio.o
                0x000000000800da8c                disk_read
 .text.disk_write
                0x000000000800dacc       0x40 ./Middlewares/Third_Party/FatFs/src/diskio.o
                0x000000000800dacc                disk_write
 .text.disk_ioctl
                0x000000000800db0c       0x3c ./Middlewares/Third_Party/FatFs/src/diskio.o
                0x000000000800db0c                disk_ioctl
 .text.ld_word  0x000000000800db48       0x30 ./Middlewares/Third_Party/FatFs/src/ff.o
 .text.ld_dword
                0x000000000800db78       0x46 ./Middlewares/Third_Party/FatFs/src/ff.o
 .text.st_word  0x000000000800dbbe       0x36 ./Middlewares/Third_Party/FatFs/src/ff.o
 .text.st_dword
                0x000000000800dbf4       0x58 ./Middlewares/Third_Party/FatFs/src/ff.o
 .text.mem_cpy  0x000000000800dc4c       0x42 ./Middlewares/Third_Party/FatFs/src/ff.o
 .text.mem_set  0x000000000800dc8e       0x36 ./Middlewares/Third_Party/FatFs/src/ff.o
 .text.mem_cmp  0x000000000800dcc4       0x4e ./Middlewares/Third_Party/FatFs/src/ff.o
 .text.chk_chr  0x000000000800dd12       0x36 ./Middlewares/Third_Party/FatFs/src/ff.o
 .text.chk_lock
                0x000000000800dd48       0xb8 ./Middlewares/Third_Party/FatFs/src/ff.o
 .text.enq_lock
                0x000000000800de00       0x44 ./Middlewares/Third_Party/FatFs/src/ff.o
 .text.inc_lock
                0x000000000800de44      0x11c ./Middlewares/Third_Party/FatFs/src/ff.o
 .text.dec_lock
                0x000000000800df60       0x78 ./Middlewares/Third_Party/FatFs/src/ff.o
 .text.clear_lock
                0x000000000800dfd8       0x48 ./Middlewares/Third_Party/FatFs/src/ff.o
 .text.sync_window
                0x000000000800e020       0x88 ./Middlewares/Third_Party/FatFs/src/ff.o
 .text.move_window
                0x000000000800e0a8       0x5a ./Middlewares/Third_Party/FatFs/src/ff.o
 *fill*         0x000000000800e102        0x2 
 .text.sync_fs  0x000000000800e104       0xdc ./Middlewares/Third_Party/FatFs/src/ff.o
 .text.clust2sect
                0x000000000800e1e0       0x3e ./Middlewares/Third_Party/FatFs/src/ff.o
 .text.get_fat  0x000000000800e21e      0x150 ./Middlewares/Third_Party/FatFs/src/ff.o
 .text.put_fat  0x000000000800e36e      0x1d4 ./Middlewares/Third_Party/FatFs/src/ff.o
 .text.remove_chain
                0x000000000800e542       0xca ./Middlewares/Third_Party/FatFs/src/ff.o
 .text.create_chain
                0x000000000800e60c      0x130 ./Middlewares/Third_Party/FatFs/src/ff.o
 .text.clmt_clust
                0x000000000800e73c       0x68 ./Middlewares/Third_Party/FatFs/src/ff.o
 .text.dir_sdi  0x000000000800e7a4       0xf6 ./Middlewares/Third_Party/FatFs/src/ff.o
 .text.dir_next
                0x000000000800e89a      0x18a ./Middlewares/Third_Party/FatFs/src/ff.o
 .text.dir_alloc
                0x000000000800ea24       0x8e ./Middlewares/Third_Party/FatFs/src/ff.o
 .text.ld_clust
                0x000000000800eab2       0x3e ./Middlewares/Third_Party/FatFs/src/ff.o
 .text.st_clust
                0x000000000800eaf0       0x40 ./Middlewares/Third_Party/FatFs/src/ff.o
 .text.cmp_lfn  0x000000000800eb30       0xe0 ./Middlewares/Third_Party/FatFs/src/ff.o
 .text.pick_lfn
                0x000000000800ec10       0xc8 ./Middlewares/Third_Party/FatFs/src/ff.o
 .text.put_lfn  0x000000000800ecd8       0xd0 ./Middlewares/Third_Party/FatFs/src/ff.o
 .text.gen_numname
                0x000000000800eda8      0x11c ./Middlewares/Third_Party/FatFs/src/ff.o
 .text.sum_sfn  0x000000000800eec4       0x42 ./Middlewares/Third_Party/FatFs/src/ff.o
 .text.dir_read
                0x000000000800ef06      0x14e ./Middlewares/Third_Party/FatFs/src/ff.o
 .text.dir_find
                0x000000000800f054      0x180 ./Middlewares/Third_Party/FatFs/src/ff.o
 .text.dir_register
                0x000000000800f1d4      0x1f0 ./Middlewares/Third_Party/FatFs/src/ff.o
 .text.get_fileinfo
                0x000000000800f3c4      0x1ba ./Middlewares/Third_Party/FatFs/src/ff.o
 *fill*         0x000000000800f57e        0x2 
 .text.create_name
                0x000000000800f580      0x370 ./Middlewares/Third_Party/FatFs/src/ff.o
 .text.follow_path
                0x000000000800f8f0       0xe2 ./Middlewares/Third_Party/FatFs/src/ff.o
 .text.get_ldnumber
                0x000000000800f9d2       0x88 ./Middlewares/Third_Party/FatFs/src/ff.o
 *fill*         0x000000000800fa5a        0x2 
 .text.check_fs
                0x000000000800fa5c       0xac ./Middlewares/Third_Party/FatFs/src/ff.o
 .text.find_volume
                0x000000000800fb08      0x4a0 ./Middlewares/Third_Party/FatFs/src/ff.o
 .text.validate
                0x000000000800ffa8       0x6a ./Middlewares/Third_Party/FatFs/src/ff.o
 *fill*         0x0000000008010012        0x2 
 .text.f_mount  0x0000000008010014       0x8c ./Middlewares/Third_Party/FatFs/src/ff.o
                0x0000000008010014                f_mount
 .text.f_open   0x00000000080100a0      0x37c ./Middlewares/Third_Party/FatFs/src/ff.o
                0x00000000080100a0                f_open
 .text.f_read   0x000000000801041c      0x27e ./Middlewares/Third_Party/FatFs/src/ff.o
                0x000000000801041c                f_read
 .text.f_sync   0x000000000801069a       0xfc ./Middlewares/Third_Party/FatFs/src/ff.o
                0x000000000801069a                f_sync
 .text.f_close  0x0000000008010796       0x54 ./Middlewares/Third_Party/FatFs/src/ff.o
                0x0000000008010796                f_close
 .text.f_lseek  0x00000000080107ea      0x412 ./Middlewares/Third_Party/FatFs/src/ff.o
                0x00000000080107ea                f_lseek
 .text.f_opendir
                0x0000000008010bfc       0xe6 ./Middlewares/Third_Party/FatFs/src/ff.o
                0x0000000008010bfc                f_opendir
 .text.f_closedir
                0x0000000008010ce2       0x4c ./Middlewares/Third_Party/FatFs/src/ff.o
                0x0000000008010ce2                f_closedir
 .text.f_readdir
                0x0000000008010d2e       0x7a ./Middlewares/Third_Party/FatFs/src/ff.o
                0x0000000008010d2e                f_readdir
 .text.FATFS_LinkDriverEx
                0x0000000008010da8       0x98 ./Middlewares/Third_Party/FatFs/src/ff_gen_drv.o
                0x0000000008010da8                FATFS_LinkDriverEx
 .text.FATFS_LinkDriver
                0x0000000008010e40       0x1e ./Middlewares/Third_Party/FatFs/src/ff_gen_drv.o
                0x0000000008010e40                FATFS_LinkDriver
 *fill*         0x0000000008010e5e        0x2 
 .text.ff_convert
                0x0000000008010e60       0x78 ./Middlewares/Third_Party/FatFs/src/option/ccsbcs.o
                0x0000000008010e60                ff_convert
 .text.ff_wtoupper
                0x0000000008010ed8      0x114 ./Middlewares/Third_Party/FatFs/src/option/ccsbcs.o
                0x0000000008010ed8                ff_wtoupper
 .text.MX_USB_HOST_Init
                0x0000000008010fec       0x4c ./USB_HOST/App/usb_host.o
                0x0000000008010fec                MX_USB_HOST_Init
 .text.MX_USB_HOST_Process
                0x0000000008011038       0x14 ./USB_HOST/App/usb_host.o
                0x0000000008011038                MX_USB_HOST_Process
 .text.USBH_UserProcess
                0x000000000801104c       0x5c ./USB_HOST/App/usb_host.o
 .text.HAL_HCD_MspInit
                0x00000000080110a8       0xc4 ./USB_HOST/Target/usbh_conf.o
                0x00000000080110a8                HAL_HCD_MspInit
 .text.HAL_HCD_SOF_Callback
                0x000000000801116c       0x1c ./USB_HOST/Target/usbh_conf.o
                0x000000000801116c                HAL_HCD_SOF_Callback
 .text.HAL_HCD_Connect_Callback
                0x0000000008011188       0x1c ./USB_HOST/Target/usbh_conf.o
                0x0000000008011188                HAL_HCD_Connect_Callback
 .text.HAL_HCD_Disconnect_Callback
                0x00000000080111a4       0x1c ./USB_HOST/Target/usbh_conf.o
                0x00000000080111a4                HAL_HCD_Disconnect_Callback
 .text.HAL_HCD_HC_NotifyURBChange_Callback
                0x00000000080111c0       0x1c ./USB_HOST/Target/usbh_conf.o
                0x00000000080111c0                HAL_HCD_HC_NotifyURBChange_Callback
 .text.HAL_HCD_PortEnabled_Callback
                0x00000000080111dc       0x1c ./USB_HOST/Target/usbh_conf.o
                0x00000000080111dc                HAL_HCD_PortEnabled_Callback
 .text.HAL_HCD_PortDisabled_Callback
                0x00000000080111f8       0x1c ./USB_HOST/Target/usbh_conf.o
                0x00000000080111f8                HAL_HCD_PortDisabled_Callback
 .text.USBH_LL_Init
                0x0000000008011214       0x78 ./USB_HOST/Target/usbh_conf.o
                0x0000000008011214                USBH_LL_Init
 .text.USBH_LL_Start
                0x000000000801128c       0x36 ./USB_HOST/Target/usbh_conf.o
                0x000000000801128c                USBH_LL_Start
 .text.USBH_LL_Stop
                0x00000000080112c2       0x36 ./USB_HOST/Target/usbh_conf.o
                0x00000000080112c2                USBH_LL_Stop
 .text.USBH_LL_GetSpeed
                0x00000000080112f8       0x4e ./USB_HOST/Target/usbh_conf.o
                0x00000000080112f8                USBH_LL_GetSpeed
 .text.USBH_LL_ResetPort
                0x0000000008011346       0x36 ./USB_HOST/Target/usbh_conf.o
                0x0000000008011346                USBH_LL_ResetPort
 .text.USBH_LL_GetLastXferSize
                0x000000000801137c       0x26 ./USB_HOST/Target/usbh_conf.o
                0x000000000801137c                USBH_LL_GetLastXferSize
 .text.USBH_LL_OpenPipe
                0x00000000080113a2       0x5e ./USB_HOST/Target/usbh_conf.o
                0x00000000080113a2                USBH_LL_OpenPipe
 .text.USBH_LL_ClosePipe
                0x0000000008011400       0x3e ./USB_HOST/Target/usbh_conf.o
                0x0000000008011400                USBH_LL_ClosePipe
 .text.USBH_LL_SubmitURB
                0x000000000801143e       0x62 ./USB_HOST/Target/usbh_conf.o
                0x000000000801143e                USBH_LL_SubmitURB
 .text.USBH_LL_GetURBState
                0x00000000080114a0       0x26 ./USB_HOST/Target/usbh_conf.o
                0x00000000080114a0                USBH_LL_GetURBState
 .text.USBH_LL_DriverVBUS
                0x00000000080114c6       0x2e ./USB_HOST/Target/usbh_conf.o
                0x00000000080114c6                USBH_LL_DriverVBUS
 .text.USBH_LL_SetToggle
                0x00000000080114f4       0x60 ./USB_HOST/Target/usbh_conf.o
                0x00000000080114f4                USBH_LL_SetToggle
 .text.USBH_LL_GetToggle
                0x0000000008011554       0x60 ./USB_HOST/Target/usbh_conf.o
                0x0000000008011554                USBH_LL_GetToggle
 .text.USBH_Delay
                0x00000000080115b4       0x16 ./USB_HOST/Target/usbh_conf.o
                0x00000000080115b4                USBH_Delay
 *fill*         0x00000000080115ca        0x2 
 .text.USBH_Get_USB_Status
                0x00000000080115cc       0x58 ./USB_HOST/Target/usbh_conf.o
                0x00000000080115cc                USBH_Get_USB_Status
 .text.MX_DriverVbusFS
                0x0000000008011624       0x38 ./USB_HOST/Target/usbh_platform.o
                0x0000000008011624                MX_DriverVbusFS
 .text.malloc   0x000000000801165c       0x10 C:/ST/STM32CubeIDE_1.13.1/STM32CubeIDE/plugins/com.st.stm32cube.ide.mcu.externaltools.gnu-tools-for-stm32.11.3.rel1.win32_1.1.0.202305231506/tools/bin/../lib/gcc/arm-none-eabi/11.3.1/../../../../arm-none-eabi/lib/thumb/v7e-m+fp/hard\libc_nano.a(libc_a-malloc.o)
                0x000000000801165c                malloc
 .text.free     0x000000000801166c       0x10 C:/ST/STM32CubeIDE_1.13.1/STM32CubeIDE/plugins/com.st.stm32cube.ide.mcu.externaltools.gnu-tools-for-stm32.11.3.rel1.win32_1.1.0.202305231506/tools/bin/../lib/gcc/arm-none-eabi/11.3.1/../../../../arm-none-eabi/lib/thumb/v7e-m+fp/hard\libc_nano.a(libc_a-malloc.o)
                0x000000000801166c                free
 .text.sbrk_aligned
                0x000000000801167c       0x40 C:/ST/STM32CubeIDE_1.13.1/STM32CubeIDE/plugins/com.st.stm32cube.ide.mcu.externaltools.gnu-tools-for-stm32.11.3.rel1.win32_1.1.0.202305231506/tools/bin/../lib/gcc/arm-none-eabi/11.3.1/../../../../arm-none-eabi/lib/thumb/v7e-m+fp/hard\libc_nano.a(libc_a-mallocr.o)
 .text._malloc_r
                0x00000000080116bc      0x100 C:/ST/STM32CubeIDE_1.13.1/STM32CubeIDE/plugins/com.st.stm32cube.ide.mcu.externaltools.gnu-tools-for-stm32.11.3.rel1.win32_1.1.0.202305231506/tools/bin/../lib/gcc/arm-none-eabi/11.3.1/../../../../arm-none-eabi/lib/thumb/v7e-m+fp/hard\libc_nano.a(libc_a-mallocr.o)
                0x00000000080116bc                _malloc_r
 .text.__malloc_lock
                0x00000000080117bc        0xc C:/ST/STM32CubeIDE_1.13.1/STM32CubeIDE/plugins/com.st.stm32cube.ide.mcu.externaltools.gnu-tools-for-stm32.11.3.rel1.win32_1.1.0.202305231506/tools/bin/../lib/gcc/arm-none-eabi/11.3.1/../../../../arm-none-eabi/lib/thumb/v7e-m+fp/hard\libc_nano.a(libc_a-mlock.o)
                0x00000000080117bc                __malloc_lock
 .text.__malloc_unlock
                0x00000000080117c8        0xc C:/ST/STM32CubeIDE_1.13.1/STM32CubeIDE/plugins/com.st.stm32cube.ide.mcu.externaltools.gnu-tools-for-stm32.11.3.rel1.win32_1.1.0.202305231506/tools/bin/../lib/gcc/arm-none-eabi/11.3.1/../../../../arm-none-eabi/lib/thumb/v7e-m+fp/hard\libc_nano.a(libc_a-mlock.o)
                0x00000000080117c8                __malloc_unlock
 .text.memset   0x00000000080117d4       0x10 C:/ST/STM32CubeIDE_1.13.1/STM32CubeIDE/plugins/com.st.stm32cube.ide.mcu.externaltools.gnu-tools-for-stm32.11.3.rel1.win32_1.1.0.202305231506/tools/bin/../lib/gcc/arm-none-eabi/11.3.1/../../../../arm-none-eabi/lib/thumb/v7e-m+fp/hard\libc_nano.a(libc_a-memset.o)
                0x00000000080117d4                memset
 .text.strncpy  0x00000000080117e4       0x26 C:/ST/STM32CubeIDE_1.13.1/STM32CubeIDE/plugins/com.st.stm32cube.ide.mcu.externaltools.gnu-tools-for-stm32.11.3.rel1.win32_1.1.0.202305231506/tools/bin/../lib/gcc/arm-none-eabi/11.3.1/../../../../arm-none-eabi/lib/thumb/v7e-m+fp/hard\libc_nano.a(libc_a-strncpy.o)
                0x00000000080117e4                strncpy
 .text.strstr   0x000000000801180a       0x2c C:/ST/STM32CubeIDE_1.13.1/STM32CubeIDE/plugins/com.st.stm32cube.ide.mcu.externaltools.gnu-tools-for-stm32.11.3.rel1.win32_1.1.0.202305231506/tools/bin/../lib/gcc/arm-none-eabi/11.3.1/../../../../arm-none-eabi/lib/thumb/v7e-m+fp/hard\libc_nano.a(libc_a-strstr.o)
                0x000000000801180a                strstr
 *fill*         0x0000000008011836        0x2 
 .text._sbrk_r  0x0000000008011838       0x20 C:/ST/STM32CubeIDE_1.13.1/STM32CubeIDE/plugins/com.st.stm32cube.ide.mcu.externaltools.gnu-tools-for-stm32.11.3.rel1.win32_1.1.0.202305231506/tools/bin/../lib/gcc/arm-none-eabi/11.3.1/../../../../arm-none-eabi/lib/thumb/v7e-m+fp/hard\libc_nano.a(libc_a-sbrkr.o)
                0x0000000008011838                _sbrk_r
 .text.__errno  0x0000000008011858        0xc C:/ST/STM32CubeIDE_1.13.1/STM32CubeIDE/plugins/com.st.stm32cube.ide.mcu.externaltools.gnu-tools-for-stm32.11.3.rel1.win32_1.1.0.202305231506/tools/bin/../lib/gcc/arm-none-eabi/11.3.1/../../../../arm-none-eabi/lib/thumb/v7e-m+fp/hard\libc_nano.a(libc_a-errno.o)
                0x0000000008011858                __errno
 .text.__libc_init_array
                0x0000000008011864       0x48 C:/ST/STM32CubeIDE_1.13.1/STM32CubeIDE/plugins/com.st.stm32cube.ide.mcu.externaltools.gnu-tools-for-stm32.11.3.rel1.win32_1.1.0.202305231506/tools/bin/../lib/gcc/arm-none-eabi/11.3.1/../../../../arm-none-eabi/lib/thumb/v7e-m+fp/hard\libc_nano.a(libc_a-init.o)
                0x0000000008011864                __libc_init_array
 .text.__retarget_lock_acquire_recursive
                0x00000000080118ac        0x2 C:/ST/STM32CubeIDE_1.13.1/STM32CubeIDE/plugins/com.st.stm32cube.ide.mcu.externaltools.gnu-tools-for-stm32.11.3.rel1.win32_1.1.0.202305231506/tools/bin/../lib/gcc/arm-none-eabi/11.3.1/../../../../arm-none-eabi/lib/thumb/v7e-m+fp/hard\libc_nano.a(libc_a-lock.o)
                0x00000000080118ac                __retarget_lock_acquire_recursive
 .text.__retarget_lock_release_recursive
                0x00000000080118ae        0x2 C:/ST/STM32CubeIDE_1.13.1/STM32CubeIDE/plugins/com.st.stm32cube.ide.mcu.externaltools.gnu-tools-for-stm32.11.3.rel1.win32_1.1.0.202305231506/tools/bin/../lib/gcc/arm-none-eabi/11.3.1/../../../../arm-none-eabi/lib/thumb/v7e-m+fp/hard\libc_nano.a(libc_a-lock.o)
                0x00000000080118ae                __retarget_lock_release_recursive
 .text.memcpy   0x00000000080118b0       0x1c C:/ST/STM32CubeIDE_1.13.1/STM32CubeIDE/plugins/com.st.stm32cube.ide.mcu.externaltools.gnu-tools-for-stm32.11.3.rel1.win32_1.1.0.202305231506/tools/bin/../lib/gcc/arm-none-eabi/11.3.1/../../../../arm-none-eabi/lib/thumb/v7e-m+fp/hard\libc_nano.a(libc_a-memcpy-stub.o)
                0x00000000080118b0                memcpy
 .text._free_r  0x00000000080118cc       0x98 C:/ST/STM32CubeIDE_1.13.1/STM32CubeIDE/plugins/com.st.stm32cube.ide.mcu.externaltools.gnu-tools-for-stm32.11.3.rel1.win32_1.1.0.202305231506/tools/bin/../lib/gcc/arm-none-eabi/11.3.1/../../../../arm-none-eabi/lib/thumb/v7e-m+fp/hard\libc_nano.a(libc_a-freer.o)
                0x00000000080118cc                _free_r
 *(.glue_7)
 .glue_7        0x0000000008011964        0x0 linker stubs
 *(.glue_7t)
 .glue_7t       0x0000000008011964        0x0 linker stubs
 *(.eh_frame)
 .eh_frame      0x0000000008011964        0x0 C:/ST/STM32CubeIDE_1.13.1/STM32CubeIDE/plugins/com.st.stm32cube.ide.mcu.externaltools.gnu-tools-for-stm32.11.3.rel1.win32_1.1.0.202305231506/tools/bin/../lib/gcc/arm-none-eabi/11.3.1/thumb/v7e-m+fp/hard/crtbegin.o
 *(.init)
 .init          0x0000000008011964        0x4 C:/ST/STM32CubeIDE_1.13.1/STM32CubeIDE/plugins/com.st.stm32cube.ide.mcu.externaltools.gnu-tools-for-stm32.11.3.rel1.win32_1.1.0.202305231506/tools/bin/../lib/gcc/arm-none-eabi/11.3.1/thumb/v7e-m+fp/hard/crti.o
                0x0000000008011964                _init
 .init          0x0000000008011968        0x8 C:/ST/STM32CubeIDE_1.13.1/STM32CubeIDE/plugins/com.st.stm32cube.ide.mcu.externaltools.gnu-tools-for-stm32.11.3.rel1.win32_1.1.0.202305231506/tools/bin/../lib/gcc/arm-none-eabi/11.3.1/thumb/v7e-m+fp/hard/crtn.o
 *(.fini)
 .fini          0x0000000008011970        0x4 C:/ST/STM32CubeIDE_1.13.1/STM32CubeIDE/plugins/com.st.stm32cube.ide.mcu.externaltools.gnu-tools-for-stm32.11.3.rel1.win32_1.1.0.202305231506/tools/bin/../lib/gcc/arm-none-eabi/11.3.1/thumb/v7e-m+fp/hard/crti.o
                0x0000000008011970                _fini
 .fini          0x0000000008011974        0x8 C:/ST/STM32CubeIDE_1.13.1/STM32CubeIDE/plugins/com.st.stm32cube.ide.mcu.externaltools.gnu-tools-for-stm32.11.3.rel1.win32_1.1.0.202305231506/tools/bin/../lib/gcc/arm-none-eabi/11.3.1/thumb/v7e-m+fp/hard/crtn.o
                0x000000000801197c                . = ALIGN (0x4)
                0x000000000801197c                _etext = .

.vfp11_veneer   0x000000000801197c        0x0
 .vfp11_veneer  0x000000000801197c        0x0 linker stubs

.v4_bx          0x000000000801197c        0x0
 .v4_bx         0x000000000801197c        0x0 linker stubs

.iplt           0x000000000801197c        0x0
 .iplt          0x000000000801197c        0x0 C:/ST/STM32CubeIDE_1.13.1/STM32CubeIDE/plugins/com.st.stm32cube.ide.mcu.externaltools.gnu-tools-for-stm32.11.3.rel1.win32_1.1.0.202305231506/tools/bin/../lib/gcc/arm-none-eabi/11.3.1/thumb/v7e-m+fp/hard/crtbegin.o

.rodata         0x000000000801197c     0x1b04
                0x000000000801197c                . = ALIGN (0x4)
 *(.rodata)
 .rodata        0x000000000801197c        0x8 ./Core/Src/File_Handling.o
 .rodata        0x0000000008011984      0x112 ./Core/Src/display.o
 *fill*         0x0000000008011a96        0x2 
 .rodata        0x0000000008011a98        0x4 ./Middlewares/ST/STM32_USB_Host_Library/Class/MSC/Src/usbh_msc.o
 .rodata        0x0000000008011a9c       0x48 ./Middlewares/Third_Party/FatFs/src/ff.o
 *(.rodata*)
 .rodata.I2SFreq
                0x0000000008011ae4       0x20 ./Core/Src/AUDIO.o
                0x0000000008011ae4                I2SFreq
 .rodata.I2SPLLN
                0x0000000008011b04       0x20 ./Core/Src/AUDIO.o
                0x0000000008011b04                I2SPLLN
 .rodata.I2SPLLR
                0x0000000008011b24       0x20 ./Core/Src/AUDIO.o
                0x0000000008011b24                I2SPLLR
 .rodata.Font7x10
                0x0000000008011b44      0x76c ./Core/Src/fonts.o
                0x0000000008011b44                Font7x10
 .rodata.Font11x18
                0x00000000080122b0      0xd5c ./Core/Src/fonts.o
                0x00000000080122b0                Font11x18
 .rodata.AHBPrescTable
                0x000000000801300c       0x10 ./Core/Src/system_stm32f4xx.o
                0x000000000801300c                AHBPrescTable
 .rodata.APBPrescTable
                0x000000000801301c        0x8 ./Core/Src/system_stm32f4xx.o
                0x000000000801301c                APBPrescTable
 .rodata.flagBitshiftOffset.0
                0x0000000008013024        0x8 ./Drivers/STM32F4xx_HAL_Driver/Src/stm32f4xx_hal_dma.o
 .rodata.USBH_Driver
                0x000000000801302c       0x14 ./FATFS/Target/usbh_diskio.o
                0x000000000801302c                USBH_Driver
 .rodata.ExCvt  0x0000000008013040       0x80 ./Middlewares/Third_Party/FatFs/src/ff.o
 .rodata.LfnOfs
                0x00000000080130c0        0xd ./Middlewares/Third_Party/FatFs/src/ff.o
 *fill*         0x00000000080130cd        0x3 
 .rodata.Tbl    0x00000000080130d0      0x100 ./Middlewares/Third_Party/FatFs/src/option/ccsbcs.o
 .rodata.cvt1.1
                0x00000000080131d0      0x1f2 ./Middlewares/Third_Party/FatFs/src/option/ccsbcs.o
 *fill*         0x00000000080133c2        0x2 
 .rodata.cvt2.0
                0x00000000080133c4       0xbc ./Middlewares/Third_Party/FatFs/src/option/ccsbcs.o
                0x0000000008013480                . = ALIGN (0x4)

.ARM.extab      0x0000000008013480        0x0
                0x0000000008013480                . = ALIGN (0x4)
 *(.ARM.extab* .gnu.linkonce.armextab.*)
                0x0000000008013480                . = ALIGN (0x4)

.ARM            0x0000000008013480        0x8
                0x0000000008013480                . = ALIGN (0x4)
                0x0000000008013480                __exidx_start = .
 *(.ARM.exidx*)
 .ARM.exidx     0x0000000008013480        0x8 C:/ST/STM32CubeIDE_1.13.1/STM32CubeIDE/plugins/com.st.stm32cube.ide.mcu.externaltools.gnu-tools-for-stm32.11.3.rel1.win32_1.1.0.202305231506/tools/bin/../lib/gcc/arm-none-eabi/11.3.1/thumb/v7e-m+fp/hard\libgcc.a(_udivmoddi4.o)
                0x0000000008013488                __exidx_end = .
                0x0000000008013488                . = ALIGN (0x4)

.rel.dyn        0x0000000008013488        0x0
 .rel.iplt      0x0000000008013488        0x0 C:/ST/STM32CubeIDE_1.13.1/STM32CubeIDE/plugins/com.st.stm32cube.ide.mcu.externaltools.gnu-tools-for-stm32.11.3.rel1.win32_1.1.0.202305231506/tools/bin/../lib/gcc/arm-none-eabi/11.3.1/thumb/v7e-m+fp/hard/crtbegin.o

.preinit_array  0x0000000008013488        0x0
                0x0000000008013488                . = ALIGN (0x4)
                0x0000000008013488                PROVIDE (__preinit_array_start = .)
 *(.preinit_array*)
                0x0000000008013488                PROVIDE (__preinit_array_end = .)
                0x0000000008013488                . = ALIGN (0x4)

.init_array     0x0000000008013488        0x4
                0x0000000008013488                . = ALIGN (0x4)
                0x0000000008013488                PROVIDE (__init_array_start = .)
 *(SORT_BY_NAME(.init_array.*))
 *(.init_array*)
 .init_array    0x0000000008013488        0x4 C:/ST/STM32CubeIDE_1.13.1/STM32CubeIDE/plugins/com.st.stm32cube.ide.mcu.externaltools.gnu-tools-for-stm32.11.3.rel1.win32_1.1.0.202305231506/tools/bin/../lib/gcc/arm-none-eabi/11.3.1/thumb/v7e-m+fp/hard/crtbegin.o
                0x000000000801348c                PROVIDE (__init_array_end = .)
                0x000000000801348c                . = ALIGN (0x4)

.fini_array     0x000000000801348c        0x4
                0x000000000801348c                . = ALIGN (0x4)
                [!provide]                        PROVIDE (__fini_array_start = .)
 *(SORT_BY_NAME(.fini_array.*))
 *(.fini_array*)
 .fini_array    0x000000000801348c        0x4 C:/ST/STM32CubeIDE_1.13.1/STM32CubeIDE/plugins/com.st.stm32cube.ide.mcu.externaltools.gnu-tools-for-stm32.11.3.rel1.win32_1.1.0.202305231506/tools/bin/../lib/gcc/arm-none-eabi/11.3.1/thumb/v7e-m+fp/hard/crtbegin.o
                [!provide]                        PROVIDE (__fini_array_end = .)
                0x0000000008013490                . = ALIGN (0x4)
                0x0000000008013490                _sidata = LOADADDR (.data)

.data           0x0000000020000000       0xfc load address 0x0000000008013490
                0x0000000020000000                . = ALIGN (0x4)
                0x0000000020000000                _sdata = .
 *(.data)
 *(.data*)
 .data.I2cxTimeout
                0x0000000020000000        0x4 ./Core/Src/AUDIO_LINK.o
                0x0000000020000000                I2cxTimeout
 .data.cs43l22_drv
                0x0000000020000004       0x30 ./Core/Src/cs43l22.o
                0x0000000020000004                cs43l22_drv
 .data.Is_cs43l22_Stop
                0x0000000020000034        0x1 ./Core/Src/cs43l22.o
 *fill*         0x0000000020000035        0x3 
 .data.Font_7x10
                0x0000000020000038        0x8 ./Core/Src/fonts.o
                0x0000000020000038                Font_7x10
 .data.Font_11x18
                0x0000000020000040        0x8 ./Core/Src/fonts.o
                0x0000000020000040                Font_11x18
 .data.cantidad_wavs
                0x0000000020000048        0x1 ./Core/Src/main.o
                0x0000000020000048                cantidad_wavs
 *fill*         0x0000000020000049        0x3 
 .data.parlantes
                0x000000002000004c       0x30 ./Core/Src/parlantes.o
                0x000000002000004c                parlantes
 .data.SystemCoreClock
                0x000000002000007c        0x4 ./Core/Src/system_stm32f4xx.o
                0x000000002000007c                SystemCoreClock
 .data.uwVolume
                0x0000000020000080        0x4 ./Core/Src/waveplayer.o
 .data.uwTickPrio
                0x0000000020000084        0x4 ./Drivers/STM32F4xx_HAL_Driver/Src/stm32f4xx_hal.o
                0x0000000020000084                uwTickPrio
 .data.uwTickFreq
                0x0000000020000088        0x1 ./Drivers/STM32F4xx_HAL_Driver/Src/stm32f4xx_hal.o
                0x0000000020000088                uwTickFreq
 *fill*         0x0000000020000089        0x3 
 .data.USBH_msc
                0x000000002000008c       0x20 ./Middlewares/ST/STM32_USB_Host_Library/Class/MSC/Src/usbh_msc.o
                0x000000002000008c                USBH_msc
 .data._impure_data
                0x00000000200000ac       0x4c C:/ST/STM32CubeIDE_1.13.1/STM32CubeIDE/plugins/com.st.stm32cube.ide.mcu.externaltools.gnu-tools-for-stm32.11.3.rel1.win32_1.1.0.202305231506/tools/bin/../lib/gcc/arm-none-eabi/11.3.1/../../../../arm-none-eabi/lib/thumb/v7e-m+fp/hard\libc_nano.a(libc_a-impure.o)
                0x00000000200000ac                _impure_data
 .data._impure_ptr
                0x00000000200000f8        0x4 C:/ST/STM32CubeIDE_1.13.1/STM32CubeIDE/plugins/com.st.stm32cube.ide.mcu.externaltools.gnu-tools-for-stm32.11.3.rel1.win32_1.1.0.202305231506/tools/bin/../lib/gcc/arm-none-eabi/11.3.1/../../../../arm-none-eabi/lib/thumb/v7e-m+fp/hard\libc_nano.a(libc_a-impure.o)
                0x00000000200000f8                _impure_ptr
 *(.RamFunc)
 *(.RamFunc*)
                0x00000000200000fc                . = ALIGN (0x4)
                0x00000000200000fc                _edata = .

.igot.plt       0x00000000200000fc        0x0 load address 0x000000000801358c
 .igot.plt      0x00000000200000fc        0x0 C:/ST/STM32CubeIDE_1.13.1/STM32CubeIDE/plugins/com.st.stm32cube.ide.mcu.externaltools.gnu-tools-for-stm32.11.3.rel1.win32_1.1.0.202305231506/tools/bin/../lib/gcc/arm-none-eabi/11.3.1/thumb/v7e-m+fp/hard/crtbegin.o
                0x00000000200000fc                . = ALIGN (0x4)

.bss            0x00000000200000fc     0x2a18 load address 0x000000000801358c
                0x00000000200000fc                _sbss = .
                0x00000000200000fc                __bss_start__ = _sbss
 *(.bss)
 .bss           0x00000000200000fc       0x1c C:/ST/STM32CubeIDE_1.13.1/STM32CubeIDE/plugins/com.st.stm32cube.ide.mcu.externaltools.gnu-tools-for-stm32.11.3.rel1.win32_1.1.0.202305231506/tools/bin/../lib/gcc/arm-none-eabi/11.3.1/thumb/v7e-m+fp/hard/crtbegin.o
 *(.bss*)
 .bss.pAudioDrv
                0x0000000020000118        0x4 ./Core/Src/AUDIO.o
 .bss.hAudioOutI2s
                0x000000002000011c       0x48 ./Core/Src/AUDIO.o
                0x000000002000011c                hAudioOutI2s
 .bss.hdma_i2sTx.0
                0x0000000020000164       0x60 ./Core/Src/AUDIO.o
 .bss.I2cHandle
                0x00000000200001c4       0x54 ./Core/Src/AUDIO_LINK.o
 .bss.fresult   0x0000000020000218        0x1 ./Core/Src/File_Handling.o
                0x0000000020000218                fresult
 *fill*         0x0000000020000219        0x1 
 .bss.NumObs    0x000000002000021a        0x2 ./Core/Src/File_Handling.o
                0x000000002000021a                NumObs
 .bss.OutputDev
                0x000000002000021c        0x1 ./Core/Src/cs43l22.o
                0x000000002000021c                OutputDev
 *fill*         0x000000002000021d        0x3 
 .bss.hi2c3     0x0000000020000220       0x54 ./Core/Src/i2c.o
                0x0000000020000220                hi2c3
 .bss.hi2s3     0x0000000020000274       0x48 ./Core/Src/i2s.o
                0x0000000020000274                hi2s3
 .bss.hdma_spi3_tx
                0x00000000200002bc       0x60 ./Core/Src/i2s.o
                0x00000000200002bc                hdma_spi3_tx
 .bss.uart_rx_byte
                0x000000002000031c        0x1 ./Core/Src/main.o
                0x000000002000031c                uart_rx_byte
 .bss.uart_cmd_received
                0x000000002000031d        0x1 ./Core/Src/main.o
                0x000000002000031d                uart_cmd_received
 .bss.next_song
                0x000000002000031e        0x1 ./Core/Src/main.o
                0x000000002000031e                next_song
 .bss.prev_song
                0x000000002000031f        0x1 ./Core/Src/main.o
                0x000000002000031f                prev_song
 .bss.next_speaker
                0x0000000020000320        0x1 ./Core/Src/main.o
                0x0000000020000320                next_speaker
 .bss.prev_speaker
                0x0000000020000321        0x1 ./Core/Src/main.o
                0x0000000020000321                prev_speaker
 .bss.idx       0x0000000020000322        0x1 ./Core/Src/main.o
                0x0000000020000322                idx
 .bss.idS       0x0000000020000323        0x1 ./Core/Src/main.o
                0x0000000020000323                idS
 .bss.SSD1306_Buffer
                0x0000000020000324      0x400 ./Core/Src/ssd1306_oled.o
 .bss.SSD1306   0x0000000020000724        0x6 ./Core/Src/ssd1306_oled.o
 *fill*         0x000000002000072a        0x2 
 .bss.__sbrk_heap_end
                0x000000002000072c        0x4 ./Core/Src/sysmem.o
 .bss.huart1    0x0000000020000730       0x44 ./Core/Src/usart.o
                0x0000000020000730                huart1
 .bss.hdma_usart1_rx
                0x0000000020000774       0x60 ./Core/Src/usart.o
                0x0000000020000774                hdma_usart1_rx
 .bss.hdma_usart1_tx
                0x00000000200007d4       0x60 ./Core/Src/usart.o
                0x00000000200007d4                hdma_usart1_tx
 .bss.BufferCtl
                0x0000000020000834     0x1008 ./Core/Src/waveplayer.o
 .bss.AudioState
                0x000000002000183c        0x1 ./Core/Src/waveplayer.o
                0x000000002000183c                AudioState
 *fill*         0x000000002000183d        0x1 
 .bss.FilePos   0x000000002000183e        0x2 ./Core/Src/waveplayer.o
 .bss.FileList  0x0000000020001840      0x3da ./Core/Src/waveplayer.o