Archive member included to satisfy reference by file (symbol)

C:/ST/STM32CubeIDE_1.19.0/STM32CubeIDE/plugins/com.st.stm32cube.ide.mcu.externaltools.gnu-tools-for-stm32.13.3.rel1.win32_1.0.0.202411081344/tools/bin/../lib/gcc/arm-none-eabi/13.3.1/../../../../arm-none-eabi/lib/thumb/v7e-m+fp/hard\libc_nano.a(libc_a-exit.o)
                              C:/ST/STM32CubeIDE_1.19.0/STM32CubeIDE/plugins/com.st.stm32cube.ide.mcu.externaltools.gnu-tools-for-stm32.13.3.rel1.win32_1.0.0.202411081344/tools/bin/../lib/gcc/arm-none-eabi/13.3.1/../../../../arm-none-eabi/lib/thumb/v7e-m+fp/hard/crt0.o (exit)
C:/ST/STM32CubeIDE_1.19.0/STM32CubeIDE/plugins/com.st.stm32cube.ide.mcu.externaltools.gnu-tools-for-stm32.13.3.rel1.win32_1.0.0.202411081344/tools/bin/../lib/gcc/arm-none-eabi/13.3.1/../../../../arm-none-eabi/lib/thumb/v7e-m+fp/hard\libc_nano.a(libc_a-malloc.o)
                              ./Middlewares/ST/STM32_USB_Host_Library/Class/MSC/Src/usbh_msc.o (malloc)
C:/ST/STM32CubeIDE_1.19.0/STM32CubeIDE/plugins/com.st.stm32cube.ide.mcu.externaltools.gnu-tools-for-stm32.13.3.rel1.win32_1.0.0.202411081344/tools/bin/../lib/gcc/arm-none-eabi/13.3.1/../../../../arm-none-eabi/lib/thumb/v7e-m+fp/hard\libc_nano.a(libc_a-mallocr.o)
                              C:/ST/STM32CubeIDE_1.19.0/STM32CubeIDE/plugins/com.st.stm32cube.ide.mcu.externaltools.gnu-tools-for-stm32.13.3.rel1.win32_1.0.0.202411081344/tools/bin/../lib/gcc/arm-none-eabi/13.3.1/../../../../arm-none-eabi/lib/thumb/v7e-m+fp/hard\libc_nano.a(libc_a-malloc.o) (_malloc_r)
C:/ST/STM32CubeIDE_1.19.0/STM32CubeIDE/plugins/com.st.stm32cube.ide.mcu.externaltools.gnu-tools-for-stm32.13.3.rel1.win32_1.0.0.202411081344/tools/bin/../lib/gcc/arm-none-eabi/13.3.1/../../../../arm-none-eabi/lib/thumb/v7e-m+fp/hard\libc_nano.a(libc_a-mlock.o)
                              C:/ST/STM32CubeIDE_1.19.0/STM32CubeIDE/plugins/com.st.stm32cube.ide.mcu.externaltools.gnu-tools-for-stm32.13.3.rel1.win32_1.0.0.202411081344/tools/bin/../lib/gcc/arm-none-eabi/13.3.1/../../../../arm-none-eabi/lib/thumb/v7e-m+fp/hard\libc_nano.a(libc_a-mallocr.o) (__malloc_lock)
C:/ST/STM32CubeIDE_1.19.0/STM32CubeIDE/plugins/com.st.stm32cube.ide.mcu.externaltools.gnu-tools-for-stm32.13.3.rel1.win32_1.0.0.202411081344/tools/bin/../lib/gcc/arm-none-eabi/13.3.1/../../../../arm-none-eabi/lib/thumb/v7e-m+fp/hard\libc_nano.a(libc_a-findfp.o)
                              C:/ST/STM32CubeIDE_1.19.0/STM32CubeIDE/plugins/com.st.stm32cube.ide.mcu.externaltools.gnu-tools-for-stm32.13.3.rel1.win32_1.0.0.202411081344/tools/bin/../lib/gcc/arm-none-eabi/13.3.1/../../../../arm-none-eabi/lib/thumb/v7e-m+fp/hard\libc_nano.a(libc_a-exit.o) (__stdio_exit_handler)
C:/ST/STM32CubeIDE_1.19.0/STM32CubeIDE/plugins/com.st.stm32cube.ide.mcu.externaltools.gnu-tools-for-stm32.13.3.rel1.win32_1.0.0.202411081344/tools/bin/../lib/gcc/arm-none-eabi/13.3.1/../../../../arm-none-eabi/lib/thumb/v7e-m+fp/hard\libc_nano.a(libc_a-fwalk.o)
                              C:/ST/STM32CubeIDE_1.19.0/STM32CubeIDE/plugins/com.st.stm32cube.ide.mcu.externaltools.gnu-tools-for-stm32.13.3.rel1.win32_1.0.0.202411081344/tools/bin/../lib/gcc/arm-none-eabi/13.3.1/../../../../arm-none-eabi/lib/thumb/v7e-m+fp/hard\libc_nano.a(libc_a-findfp.o) (_fwalk_sglue)
C:/ST/STM32CubeIDE_1.19.0/STM32CubeIDE/plugins/com.st.stm32cube.ide.mcu.externaltools.gnu-tools-for-stm32.13.3.rel1.win32_1.0.0.202411081344/tools/bin/../lib/gcc/arm-none-eabi/13.3.1/../../../../arm-none-eabi/lib/thumb/v7e-m+fp/hard\libc_nano.a(libc_a-stdio.o)
                              C:/ST/STM32CubeIDE_1.19.0/STM32CubeIDE/plugins/com.st.stm32cube.ide.mcu.externaltools.gnu-tools-for-stm32.13.3.rel1.win32_1.0.0.202411081344/tools/bin/../lib/gcc/arm-none-eabi/13.3.1/../../../../arm-none-eabi/lib/thumb/v7e-m+fp/hard\libc_nano.a(libc_a-findfp.o) (__sread)
C:/ST/STM32CubeIDE_1.19.0/STM32CubeIDE/plugins/com.st.stm32cube.ide.mcu.externaltools.gnu-tools-for-stm32.13.3.rel1.win32_1.0.0.202411081344/tools/bin/../lib/gcc/arm-none-eabi/13.3.1/../../../../arm-none-eabi/lib/thumb/v7e-m+fp/hard\libc_nano.a(libc_a-memset.o)
                              C:/ST/STM32CubeIDE_1.19.0/STM32CubeIDE/plugins/com.st.stm32cube.ide.mcu.externaltools.gnu-tools-for-stm32.13.3.rel1.win32_1.0.0.202411081344/tools/bin/../lib/gcc/arm-none-eabi/13.3.1/../../../../arm-none-eabi/lib/thumb/v7e-m+fp/hard/crt0.o (memset)
C:/ST/STM32CubeIDE_1.19.0/STM32CubeIDE/plugins/com.st.stm32cube.ide.mcu.externaltools.gnu-tools-for-stm32.13.3.rel1.win32_1.0.0.202411081344/tools/bin/../lib/gcc/arm-none-eabi/13.3.1/../../../../arm-none-eabi/lib/thumb/v7e-m+fp/hard\libc_nano.a(libc_a-strncpy.o)
                              ./Core/Src/File_Handling.o (strncpy)
C:/ST/STM32CubeIDE_1.19.0/STM32CubeIDE/plugins/com.st.stm32cube.ide.mcu.externaltools.gnu-tools-for-stm32.13.3.rel1.win32_1.0.0.202411081344/tools/bin/../lib/gcc/arm-none-eabi/13.3.1/../../../../arm-none-eabi/lib/thumb/v7e-m+fp/hard\libc_nano.a(libc_a-strstr.o)
[...]
Memory Configuration

Name             Origin             Length             Attributes
RAM              0x20000000         0x00020000         xrw
FLASH            0x08000000         0x00080000         xr
*default*        0x00000000         0xffffffff

Linker script and memory map

LOAD C:/ST/STM32CubeIDE_1.19.0/STM32CubeIDE/plugins/com.st.stm32cube.ide.mcu.externaltools.gnu-tools-for-stm32.13.3.rel1.win32_1.0.0.202411081344/tools/bin/../lib/gcc/arm-none-eabi/13.3.1/thumb/v7e-m+fp/hard/crti.o
LOAD C:/ST/STM32CubeIDE_1.19.0/STM32CubeIDE/plugins/com.st.stm32cube.ide.mcu.externaltools.gnu-tools-for-stm32.13.3.rel1.win32_1.0.0.202411081344/tools/bin/../lib/gcc/arm-none-eabi/13.3.1/thumb/v7e-m+fp/hard/crtbegin.o
LOAD C:/ST/STM32CubeIDE_1.19.0/STM32CubeIDE/plugins/com.st.stm32cube.ide.mcu.externaltools.gnu-tools-for-stm32.13.3.rel1.win32_1.0.0.202411081344/tools/bin/../lib/gcc/arm-none-eabi/13.3.1/../../../../arm-none-eabi/lib/thumb/v7e-m+fp/hard/crt0.o
LOAD ./Core/Src/AUDIO.o
LOAD ./Core/Src/AUDIO_LINK.o
LOAD ./Core/Src/File_Handling.o
LOAD ./Core/Src/cs43l22.o
LOAD ./Core/Src/display.o
LOAD ./Core/Src/dma.o
LOAD ./Core/Src/fonts.o
LOAD ./Core/Src/gpio.o
LOAD ./Core/Src/i2c.o
LOAD ./Core/Src/i2s.o
LOAD ./Core/Src/main.o
LOAD ./Core/Src/parlantes.o
LOAD ./Core/Src/ssd1306_oled.o
LOAD ./Core/Src/stm32f4xx_hal_msp.o
LOAD ./Core/Src/stm32f4xx_it.o
LOAD ./Core/Src/syscalls.o
LOAD ./Core/Src/sysmem.o
LOAD ./Core/Src/system_stm32f4xx.o
LOAD ./Core/Src/usart.o
LOAD ./Core/Src/waveplayer.o
LOAD ./Core/Startup/startup_stm32f411vetx.o
LOAD ./Drivers/STM32F4xx_HAL_Driver/Src/stm32f4xx_hal.o
LOAD ./Drivers/STM32F4xx_HAL_Driver/Src/stm32f4xx_hal_cortex.o
LOAD ./Drivers/STM32F4xx_HAL_Driver/Src/stm32f4xx_hal_dma.o
LOAD ./Drivers/STM32F4xx_HAL_Driver/Src/stm32f4xx_hal_dma_ex.o
LOAD ./Drivers/STM32F4xx_HAL_Driver/Src/stm32f4xx_hal_exti.o
LOAD ./Drivers/STM32F4xx_HAL_Driver/Src/stm32f4xx_hal_flash.o
LOAD ./Drivers/STM32F4xx_HAL_Driver/Src/stm32f4xx_hal_flash_ex.o
LOAD ./Drivers/STM32F4xx_HAL_Driver/Src/stm32f4xx_hal_flash_ramfunc.o
LOAD ./Drivers/STM32F4xx_HAL_Driver/Src/stm32f4xx_hal_gpio.o
LOAD ./Drivers/STM32F4xx_HAL_Driver/Src/stm32f4xx_hal_hcd.o
LOAD ./Drivers/STM32F4xx_HAL_Driver/Src/stm32f4xx_hal_i2c.o
LOAD ./Drivers/STM32F4xx_HAL_Driver/Src/stm32f4xx_hal_i2c_ex.o
LOAD ./Drivers/STM32F4xx_HAL_Driver/Src/stm32f4xx_hal_i2s.o
LOAD ./Drivers/STM32F4xx_HAL_Driver/Src/stm32f4xx_hal_i2s_ex.o
LOAD ./Drivers/STM32F4xx_HAL_Driver/Src/stm32f4xx_hal_pwr.o
LOAD ./Drivers/STM32F4xx_HAL_Driver/Src/stm32f4xx_hal_pwr_ex.o
LOAD ./Drivers/STM32F4xx_HAL_Driver/Src/stm32f4xx_hal_rcc.o
LOAD ./Drivers/STM32F4xx_HAL_Driver/Src/stm32f4xx_hal_rcc_ex.o
LOAD ./Drivers/STM32F4xx_HAL_Driver/Src/stm32f4xx_hal_tim.o
LOAD ./Drivers/STM32F4xx_HAL_Driver/Src/stm32f4xx_hal_tim_ex.o
LOAD ./Drivers/STM32F4xx_HAL_Driver/Src/stm32f4xx_hal_uart.o
LOAD ./Drivers/STM32F4xx_HAL_Driver/Src/stm32f4xx_ll_usb.o
LOAD ./FATFS/App/fatfs.o
LOAD ./FATFS/Target/usbh_diskio.o
LOAD ./Middlewares/ST/STM32_USB_Host_Library/Class/MSC/Src/usbh_msc.o
LOAD ./Middlewares/ST/STM32_USB_Host_Library/Class/MSC/Src/usbh_msc_bot.o
LOAD ./Middlewares/ST/STM32_USB_Host_Library/Class/MSC/Src/usbh_msc_scsi.o
LOAD ./Middlewares/ST/STM32_USB_Host_Library/Core/Src/usbh_core.o
LOAD ./Middlewares/ST/STM32_USB_Host_Library/Core/Src/usbh_ctlreq.o
LOAD ./Middlewares/ST/STM32_USB_Host_Library/Core/Src/usbh_ioreq.o
LOAD ./Middlewares/ST/STM32_USB_Host_Library/Core/Src/usbh_pipes.o
LOAD ./Middlewares/Third_Party/FatFs/src/diskio.o
LOAD ./Middlewares/Third_Party/FatFs/src/ff.o
LOAD ./Middlewares/Third_Party/FatFs/src/ff_gen_drv.o
LOAD ./Middlewares/Third_Party/FatFs/src/option/ccsbcs.o
LOAD ./Middlewares/Third_Party/FatFs/src/option/syscall.o
LOAD ./USB_HOST/App/usb_host.o
LOAD ./USB_HOST/Target/usbh_conf.o
LOAD ./USB_HOST/Target/usbh_platform.o
START GROUP
LOAD C:/ST/STM32CubeIDE_1.19.0/STM32CubeIDE/plugins/com.st.stm32cube.ide.mcu.externaltools.gnu-tools-for-stm32.13.3.rel1.win32_1.0.0.202411081344/tools/bin/../lib/gcc/arm-none-eabi/13.3.1/../../../../arm-none-eabi/lib/thumb/v7e-m+fp/hard\libc_nano.a
LOAD C:/ST/STM32CubeIDE_1.19.0/STM32CubeIDE/plugins/com.st.stm32cube.ide.mcu.externaltools.gnu-tools-for-stm32.13.3.rel1.win32_1.0.0.202411081344/tools/bin/../lib/gcc/arm-none-eabi/13.3.1/../../../../arm-none-eabi/lib/thumb/v7e-m+fp/hard\libm.a
END GROUP
START GROUP
LOAD C:/ST/STM32CubeIDE_1.19.0/STM32CubeIDE/plugins/com.st.stm32cube.ide.mcu.externaltools.gnu-tools-for-stm32.13.3.rel1.win32_1.0.0.202411081344/tools/bin/../lib/gcc/arm-none-eabi/13.3.1/thumb/v7e-m+fp/hard\libgcc.a
LOAD C:/ST/STM32CubeIDE_1.19.0/STM32CubeIDE/plugins/com.st.stm32cube.ide.mcu.externaltools.gnu-tools-for-stm32.13.3.rel1.win32_1.0.0.202411081344/tools/bin/../lib/gcc/arm-none-eabi/13.3.1/../../../../arm-none-eabi/lib/thumb/v7e-m+fp/hard\libc_nano.a
END GROUP
START GROUP
LOAD C:/ST/STM32CubeIDE_1.19.0/STM32CubeIDE/plugins/com.st.stm32cube.ide.mcu.externaltools.gnu-tools-for-stm32.13.3.rel1.win32_1.0.0.202411081344/tools/bin/../lib/gcc/arm-none-eabi/13.3.1/thumb/v7e-m+fp/hard\libgcc.a
LOAD C:/ST/STM32CubeIDE_1.19.0/STM32CubeIDE/plugins/com.st.stm32cube.ide.mcu.externaltools.gnu-tools-for-stm32.13.3.rel1.win32_1.0.0.202411081344/tools/bin/../lib/gcc/arm-none-eabi/13.3.1/../../../../arm-none-eabi/lib/thumb/v7e-m+fp/hard\libc_nano.a
LOAD C:/ST/STM32CubeIDE_1.19.0/STM32CubeIDE/plugins/com.st.stm32cube.ide.mcu.externaltools.gnu-tools-for-stm32.13.3.rel1.win32_1.0.0.202411081344/tools/bin/../lib/gcc/arm-none-eabi/13.3.1/../../../../arm-none-eabi/lib/thumb/v7e-m+fp/hard\libnosys.a
END GROUP
START GROUP
LOAD C:/ST/STM32CubeIDE_1.19.0/STM32CubeIDE/plugins/com.st.stm32cube.ide.mcu.externaltools.gnu-tools-for-stm32.13.3.rel1.win32_1.0.0.202411081344/tools/bin/../lib/gcc/arm-none-eabi/13.3.1/thumb/v7e-m+fp/hard\libgcc.a
LOAD C:/ST/STM32CubeIDE_1.19.0/STM32CubeIDE/plugins/com.st.stm32cube.ide.mcu.externaltools.gnu-tools-for-stm32.13.3.rel1.win32_1.0.0.202411081344/tools/bin/../lib/gcc/arm-none-eabi/13.3.1/../../../../arm-none-eabi/lib/thumb/v7e-m+fp/hard\libc_nano.a
LOAD C:/ST/STM32CubeIDE_1.19.0/STM32CubeIDE/plugins/com.st.stm32cube.ide.mcu.externaltools.gnu-tools-for-stm32.13.3.rel1.win32_1.0.0.202411081344/tools/bin/../lib/gcc/arm-none-eabi/13.3.1/../../../../arm-none-eabi/lib/thumb/v7e-m+fp/hard\libnosys.a
END GROUP
LOAD C:/ST/STM32CubeIDE_1.19.0/STM32CubeIDE/plugins/com.st.stm32cube.ide.mcu.externaltools.gnu-tools-for-stm32.13.3.rel1.win32_1.0.0.202411081344/tools/bin/../lib/gcc/arm-none-eabi/13.3.1/thumb/v7e-m+fp/hard/crtend.o
LOAD C:/ST/STM32CubeIDE_1.19.0/STM32CubeIDE/plugins/com.st.stm32cube.ide.mcu.externaltools.gnu-tools-for-stm32.13.3.rel1.win32_1.0.0.202411081344/tools/bin/../lib/gcc/arm-none-eabi/13.3.1/thumb/v7e-m+fp/hard/crtn.o
                0x20020000                        _estack = (ORIGIN (RAM) + LENGTH (RAM))
                0x00000200                        _Min_Heap_Size = 0x200
                0x00000400                        _Min_Stack_Size = 0x400

.isr_vector     0x08000000      0x198
                0x08000000                        . = ALIGN (0x4)
 *(.isr_vector)
 .isr_vector    0x08000000      0x198 ./Core/Startup/startup_stm32f411vetx.o
                0x08000000                g_pfnVectors
                0x08000198                        . = ALIGN (0x4)

.text           0x08000198    0x102b0
                0x08000198                        . = ALIGN (0x4)
 *(.text)
 .text          0x08000198       0x40 C:/ST/STM32CubeIDE_1.19.0/STM32CubeIDE/plugins/com.st.stm32cube.ide.mcu.externaltools.gnu-tools-for-stm32.13.3.rel1.win32_1.0.0.202411081344/tools/bin/../lib/gcc/arm-none-eabi/13.3.1/thumb/v7e-m+fp/hard/crtbegin.o
 .text          0x080001d8       0x30 C:/ST/STM32CubeIDE_1.19.0/STM32CubeIDE/plugins/com.st.stm32cube.ide.mcu.externaltools.gnu-tools-for-stm32.13.3.rel1.win32_1.0.0.202411081344/tools/bin/../lib/gcc/arm-none-eabi/13.3.1/thumb/v7e-m+fp/hard\libgcc.a(_aeabi_uldivmod.o)
                0x080001d8                __aeabi_uldivmod
 .text          0x08000208      0x2f8 C:/ST/STM32CubeIDE_1.19.0/STM32CubeIDE/plugins/com.st.stm32cube.ide.mcu.externaltools.gnu-tools-for-stm32.13.3.rel1.win32_1.0.0.202411081344/tools/bin/../lib/gcc/arm-none-eabi/13.3.1/thumb/v7e-m+fp/hard\libgcc.a(_udivmoddi4.o)
                0x08000208                __udivmoddi4
 .text          0x08000500        0x4 C:/ST/STM32CubeIDE_1.19.0/STM32CubeIDE/plugins/com.st.stm32cube.ide.mcu.externaltools.gnu-tools-for-stm32.13.3.rel1.win32_1.0.0.202411081344/tools/bin/../lib/gcc/arm-none-eabi/13.3.1/thumb/v7e-m+fp/hard\libgcc.a(_dvmd_tls.o)
                0x08000500                __aeabi_idiv0
                0x08000500                __aeabi_ldiv0
 *(.text*)
 .text.AUDIO_OUT_Init
                0x08000504       0x9c ./Core/Src/AUDIO.o
                0x08000504                AUDIO_OUT_Init
 .text.AUDIO_OUT_Play
                0x080005a0       0x54 ./Core/Src/AUDIO.o
                0x080005a0                AUDIO_OUT_Play
 .text.AUDIO_OUT_Pause
                0x080005f4       0x2c ./Core/Src/AUDIO.o
                0x080005f4                AUDIO_OUT_Pause
 .text.AUDIO_OUT_Resume
                0x08000620       0x2c ./Core/Src/AUDIO.o
                0x08000620                AUDIO_OUT_Resume
 .text.AUDIO_OUT_Stop
                0x0800064c       0x50 ./Core/Src/AUDIO.o
                0x0800064c                AUDIO_OUT_Stop
 .text.AUDIO_OUT_SetVolume
                0x0800069c       0x30 ./Core/Src/AUDIO.o
                0x0800069c                AUDIO_OUT_SetVolume
 .text.AUDIO_OUT_SetMute
                0x080006cc       0x2c ./Core/Src/AUDIO.o
                0x080006cc                AUDIO_OUT_SetMute
 .text.HAL_I2S_TxCpltCallback
                0x080006f8       0x24 ./Core/Src/AUDIO.o
                0x080006f8                HAL_I2S_TxCpltCallback
 .text.HAL_I2S_TxHalfCpltCallback
                0x0800071c       0x24 ./Core/Src/AUDIO.o
                0x0800071c                HAL_I2S_TxHalfCpltCallback
 .text.AUDIO_OUT_ClockConfig
                0x08000740       0xbc ./Core/Src/AUDIO.o
                0x08000740                AUDIO_OUT_ClockConfig
 .text.AUDIO_OUT_MspInit
                0x080007fc      0x180 ./Core/Src/AUDIO.o
                0x080007fc                AUDIO_OUT_MspInit
 .text.AUDIO_OUT_Error_CallBack
                0x0800097c        0xe ./Core/Src/AUDIO.o
                0x0800097c                AUDIO_OUT_Error_CallBack
 *fill*         0x0800098a        0x2 
 .text.I2S3_Init
                0x0800098c       0x70 ./Core/Src/AUDIO.o
 .text.HAL_I2S_ErrorCallback
                0x080009fc       0x24 ./Core/Src/AUDIO.o
                0x080009fc                HAL_I2S_ErrorCallback
 .text.I2Cx_Init
                0x08000a20       0x64 ./Core/Src/AUDIO_LINK.o
 .text.I2Cx_WriteData
                0x08000a84       0x50 ./Core/Src/AUDIO_LINK.o
 .text.I2Cx_ReadData
                0x08000ad4       0x58 ./Core/Src/AUDIO_LINK.o
 .text.I2Cx_Error
                0x08000b2c       0x18 ./Core/Src/AUDIO_LINK.o
 .text.I2Cx_MspInit
                0x08000b44       0xac ./Core/Src/AUDIO_LINK.o
 .text.AUDIO_IO_Init
                0x08000bf0       0x70 ./Core/Src/AUDIO_LINK.o
                0x08000bf0                AUDIO_IO_Init
 .text.AUDIO_IO_DeInit
                0x08000c60        0xe ./Core/Src/AUDIO_LINK.o
                0x08000c60                AUDIO_IO_DeInit
 .text.AUDIO_IO_Write
                0x08000c6e       0x28 ./Core/Src/AUDIO_LINK.o
                0x08000c6e                AUDIO_IO_Write
 .text.AUDIO_IO_Read
                0x08000c96       0x28 ./Core/Src/AUDIO_LINK.o
                0x08000c96                AUDIO_IO_Read
 *fill*         0x08000cbe        0x2 
 .text.AUDIO_StorageParse
                0x08000cc0      0x140 ./Core/Src/File_Handling.o
                0x08000cc0                AUDIO_StorageParse
 .text.AUDIO_GetWavObjectNumber
                0x08000e00       0x20 ./Core/Src/File_Handling.o
                0x08000e00                AUDIO_GetWavObjectNumber
 .text.Mount_USB
                0x08000e20       0x28 ./Core/Src/File_Handling.o
                0x08000e20                Mount_USB
 .text.cs43l22_Init
                0x08000e48      0x1c8 ./Core/Src/cs43l22.o
                0x08000e48                cs43l22_Init
 .text.cs43l22_DeInit
                0x08001010        0xc ./Core/Src/cs43l22.o
                0x08001010                cs43l22_DeInit
 .text.cs43l22_ReadID
                0x0800101c       0x30 ./Core/Src/cs43l22.o
                0x0800101c                cs43l22_ReadID
 .text.cs43l22_Play
                0x0800104c       0x74 ./Core/Src/cs43l22.o
                0x0800104c                cs43l22_Play
 .text.cs43l22_Pause
                0x080010c0       0x42 ./Core/Src/cs43l22.o
                0x080010c0                cs43l22_Pause
 *fill*         0x08001102        0x2 
 .text.cs43l22_Resume
                0x08001104       0x78 ./Core/Src/cs43l22.o
                0x08001104                cs43l22_Resume
 .text.cs43l22_Stop
                0x0800117c       0x68 ./Core/Src/cs43l22.o
                0x0800117c                cs43l22_Stop
 .text.cs43l22_SetVolume
                0x080011e4       0xbc ./Core/Src/cs43l22.o
                0x080011e4                cs43l22_SetVolume
 .text.cs43l22_SetFrequency
                0x080012a0       0x1a ./Core/Src/cs43l22.o
                0x080012a0                cs43l22_SetFrequency
 *fill*         0x080012ba        0x2 
 .text.cs43l22_SetMute
                0x080012bc       0xbc ./Core/Src/cs43l22.o
                0x080012bc                cs43l22_SetMute
 .text.cs43l22_SetOutputMode
                0x08001378       0xe4 ./Core/Src/cs43l22.o
                0x08001378                cs43l22_SetOutputMode
 .text.cs43l22_Reset
                0x0800145c       0x18 ./Core/Src/cs43l22.o
                0x0800145c                cs43l22_Reset
 .text.CODEC_IO_Write
                0x08001474       0x2e ./Core/Src/cs43l22.o
 *fill*         0x080014a2        0x2 
 .text.MX_DMA_Init
                0x080014a4       0x7c ./Core/Src/dma.o
                0x080014a4                MX_DMA_Init
 .text.MX_GPIO_Init
                0x08001520      0x194 ./Core/Src/gpio.o
                0x08001520                MX_GPIO_Init
 .text.HAL_I2C_MspInit
                0x080016b4       0xd4 ./Core/Src/i2c.o
                0x080016b4                HAL_I2C_MspInit
 .text.HAL_I2C_MspDeInit
                0x08001788       0x4c ./Core/Src/i2c.o
                0x08001788                HAL_I2C_MspDeInit
 .text.MX_I2S3_Init
                0x080017d4       0x5c ./Core/Src/i2s.o
                0x080017d4                MX_I2S3_Init
 .text.HAL_I2S_MspInit
                0x08001830      0x184 ./Core/Src/i2s.o
                0x08001830                HAL_I2S_MspInit
 .text.main     0x080019b4      0x17c ./Core/Src/main.o
                0x080019b4                main
 .text.SystemClock_Config
                0x08001b30       0xd0 ./Core/Src/main.o
                0x08001b30                SystemClock_Config
 .text.HAL_UART_RxCpltCallback
                0x08001c00       0x3c ./Core/Src/main.o
                0x08001c00                HAL_UART_RxCpltCallback
 .text.HAL_GPIO_EXTI_Callback
                0x08001c3c       0x60 ./Core/Src/main.o
                0x08001c3c                HAL_GPIO_EXTI_Callback
 .text.Error_Handler
                0x08001c9c        0xc ./Core/Src/main.o
                0x08001c9c                Error_Handler
 .text.Activar_Parlante
                0x08001ca8       0x68 ./Core/Src/parlantes.o
                0x08001ca8                Activar_Parlante
 .text.HAL_MspInit
                0x08001d10       0x50 ./Core/Src/stm32f4xx_hal_msp.o
                0x08001d10                HAL_MspInit
 .text.NMI_Handler
                0x08001d60        0x8 ./Core/Src/stm32f4xx_it.o
                0x08001d60                NMI_Handler
 .text.HardFault_Handler
                0x08001d68        0x8 ./Core/Src/stm32f4xx_it.o
                0x08001d68                HardFault_Handler
 .text.MemManage_Handler
                0x08001d70        0x8 ./Core/Src/stm32f4xx_it.o
                0x08001d70                MemManage_Handler
 .text.BusFault_Handler
                0x08001d78        0x8 ./Core/Src/stm32f4xx_it.o
                0x08001d78                BusFault_Handler
 .text.UsageFault_Handler
                0x08001d80        0x8 ./Core/Src/stm32f4xx_it.o
                0x08001d80                UsageFault_Handler
 .text.SVC_Handler
                0x08001d88        0xe ./Core/Src/stm32f4xx_it.o
                0x08001d88                SVC_Handler
 .text.DebugMon_Handler
                0x08001d96        0xe ./Core/Src/stm32f4xx_it.o
                0x08001d96                DebugMon_Handler
 .text.PendSV_Handler
                0x08001da4        0xe ./Core/Src/stm32f4xx_it.o
                0x08001da4                PendSV_Handler
 .text.SysTick_Handler
                0x08001db2        0xc ./Core/Src/stm32f4xx_it.o
                0x08001db2                SysTick_Handler
 .text.EXTI0_IRQHandler
                0x08001dbe        0xe ./Core/Src/stm32f4xx_it.o
                0x08001dbe                EXTI0_IRQHandler
 .text.DMA1_Stream5_IRQHandler
                0x08001dcc       0x14 ./Core/Src/stm32f4xx_it.o
                0x08001dcc                DMA1_Stream5_IRQHandler
 .text.EXTI9_5_IRQHandler
                0x08001de0       0x10 ./Core/Src/stm32f4xx_it.o
                0x08001de0                EXTI9_5_IRQHandler
 .text.USART1_IRQHandler
                0x08001df0       0x14 ./Core/Src/stm32f4xx_it.o
                0x08001df0                USART1_IRQHandler
 .text.EXTI15_10_IRQHandler
                0x08001e04       0x20 ./Core/Src/stm32f4xx_it.o
                0x08001e04                EXTI15_10_IRQHandler
 .text.DMA2_Stream2_IRQHandler
                0x08001e24       0x14 ./Core/Src/stm32f4xx_it.o
                0x08001e24                DMA2_Stream2_IRQHandler
 .text.OTG_FS_IRQHandler
                0x08001e38       0x14 ./Core/Src/stm32f4xx_it.o
                0x08001e38                OTG_FS_IRQHandler
 .text.DMA2_Stream7_IRQHandler
                0x08001e4c       0x14 ./Core/Src/stm32f4xx_it.o
                0x08001e4c                DMA2_Stream7_IRQHandler
 .text._sbrk    0x08001e60       0x6c ./Core/Src/sysmem.o
                0x08001e60                _sbrk
 .text.SystemInit
                0x08001ecc       0x2c ./Core/Src/system_stm32f4xx.o
                0x08001ecc                SystemInit
 .text.PlayerInit
                0x08001ef8       0x30 ./Core/Src/waveplayer.o
                0x08001ef8                PlayerInit
 .text.AUDIO_PLAYER_Start
                0x08001f28       0xc0 ./Core/Src/waveplayer.o
                0x08001f28                AUDIO_PLAYER_Start
 .text.AUDIO_PLAYER_Process
                0x08001fe8      0x23c ./Core/Src/waveplayer.o
                0x08001fe8                AUDIO_PLAYER_Process
 .text.AUDIO_OUT_TransferComplete_CallBack
                0x08002224       0x28 ./Core/Src/waveplayer.o
                0x08002224                AUDIO_OUT_TransferComplete_CallBack
 .text.AUDIO_OUT_HalfTransfer_CallBack
                0x0800224c       0x28 ./Core/Src/waveplayer.o
                0x0800224c                AUDIO_OUT_HalfTransfer_CallBack
 .text.Reset_Handler
                0x08002274       0x50 ./Core/Startup/startup_stm32f411vetx.o
                0x08002274                Reset_Handler
 .text.Default_Handler
                0x080022c4        0x2 ./Core/Startup/startup_stm32f411vetx.o
                0x080022c4                RTC_Alarm_IRQHandler
                0x080022c4                EXTI2_IRQHandler
                0x080022c4                SPI4_IRQHandler
                0x080022c4                TIM1_CC_IRQHandler
                0x080022c4                DMA2_Stream5_IRQHandler
                0x080022c4                PVD_IRQHandler
                0x080022c4                SDIO_IRQHandler
                0x080022c4                TAMP_STAMP_IRQHandler
                0x080022c4                EXTI3_IRQHandler
                0x080022c4                TIM1_UP_TIM10_IRQHandler
                0x080022c4                I2C3_ER_IRQHandler
                0x080022c4                I2C2_EV_IRQHandler
                0x080022c4                DMA1_Stream2_IRQHandler
                0x080022c4                FPU_IRQHandler
                0x080022c4                SPI1_IRQHandler
                0x080022c4                TIM1_BRK_TIM9_IRQHandler
                0x080022c4                DMA2_Stream3_IRQHandler
                0x080022c4                USART6_IRQHandler
                0x080022c4                DMA2_Stream0_IRQHandler
                0x080022c4                TIM4_IRQHandler
                0x080022c4                I2C1_EV_IRQHandler
                0x080022c4                DMA1_Stream6_IRQHandler
                0x080022c4                DMA1_Stream1_IRQHandler
                0x080022c4                TIM3_IRQHandler
                0x080022c4                RCC_IRQHandler
                0x080022c4                Default_Handler
                0x080022c4                ADC_IRQHandler
                0x080022c4                DMA1_Stream7_IRQHandler
                0x080022c4                SPI5_IRQHandler
                0x080022c4                TIM5_IRQHandler
                0x080022c4                I2C3_EV_IRQHandler
                0x080022c4                RTC_WKUP_IRQHandler
                0x080022c4                SPI2_IRQHandler
                0x080022c4                DMA1_Stream0_IRQHandler
                0x080022c4                EXTI4_IRQHandler
                0x080022c4                WWDG_IRQHandler
                0x080022c4                TIM2_IRQHandler
                0x080022c4                OTG_FS_WKUP_IRQHandler
                0x080022c4                TIM1_TRG_COM_TIM11_IRQHandler
                0x080022c4                EXTI1_IRQHandler
                0x080022c4                USART2_IRQHandler
                0x080022c4                I2C2_ER_IRQHandler
                0x080022c4                DMA2_Stream1_IRQHandler
                0x080022c4                FLASH_IRQHandler
                0x080022c4                DMA2_Stream4_IRQHandler
                0x080022c4                SPI3_IRQHandler
                0x080022c4                DMA1_Stream4_IRQHandler
                0x080022c4                I2C1_ER_IRQHandler
                0x080022c4                DMA2_Stream6_IRQHandler
                0x080022c4                DMA1_Stream3_IRQHandler
 *fill*         0x080022c6        0x2 
 .text.HAL_Init
                0x080022c8       0x44 ./Drivers/STM32F4xx_HAL_Driver/Src/stm32f4xx_hal.o
                0x080022c8                HAL_Init
 .text.HAL_InitTick
                0x0800230c       0x60 ./Drivers/STM32F4xx_HAL_Driver/Src/stm32f4xx_hal.o
                0x0800230c                HAL_InitTick
 .text.HAL_IncTick
                0x0800236c       0x28 ./Drivers/STM32F4xx_HAL_Driver/Src/stm32f4xx_hal.o
                0x0800236c                HAL_IncTick
 .text.HAL_GetTick
                0x08002394       0x18 ./Drivers/STM32F4xx_HAL_Driver/Src/stm32f4xx_hal.o
                0x08002394                HAL_GetTick
 .text.HAL_Delay
                0x080023ac       0x48 ./Drivers/STM32F4xx_HAL_Driver/Src/stm32f4xx_hal.o
                0x080023ac                HAL_Delay
 .text.__NVIC_SetPriorityGrouping
                0x080023f4       0x48 ./Drivers/STM32F4xx_HAL_Driver/Src/stm32f4xx_hal_cortex.o
 .text.__NVIC_GetPriorityGrouping
                0x0800243c       0x1c ./Drivers/STM32F4xx_HAL_Driver/Src/stm32f4xx_hal_cortex.o
 .text.__NVIC_EnableIRQ
                0x08002458       0x3c ./Drivers/STM32F4xx_HAL_Driver/Src/stm32f4xx_hal_cortex.o
 .text.__NVIC_SetPriority
                0x08002494       0x54 ./Drivers/STM32F4xx_HAL_Driver/Src/stm32f4xx_hal_cortex.o
 .text.NVIC_EncodePriority
                0x080024e8       0x66 ./Drivers/STM32F4xx_HAL_Driver/Src/stm32f4xx_hal_cortex.o
 *fill*         0x0800254e        0x2 
 .text.SysTick_Config
                0x08002550       0x44 ./Drivers/STM32F4xx_HAL_Driver/Src/stm32f4xx_hal_cortex.o
 .text.HAL_NVIC_SetPriorityGrouping
                0x08002594       0x16 ./Drivers/STM32F4xx_HAL_Driver/Src/stm32f4xx_hal_cortex.o
                0x08002594                HAL_NVIC_SetPriorityGrouping
 .text.HAL_NVIC_SetPriority
                0x080025aa       0x38 ./Drivers/STM32F4xx_HAL_Driver/Src/stm32f4xx_hal_cortex.o
                0x080025aa                HAL_NVIC_SetPriority
 .text.HAL_NVIC_EnableIRQ
                0x080025e2       0x1c ./Drivers/STM32F4xx_HAL_Driver/Src/stm32f4xx_hal_cortex.o
                0x080025e2                HAL_NVIC_EnableIRQ
 .text.HAL_SYSTICK_Config
                0x080025fe       0x18 ./Drivers/STM32F4xx_HAL_Driver/Src/stm32f4xx_hal_cortex.o
                0x080025fe                HAL_SYSTICK_Config
 *fill*         0x08002616        0x2 
 .text.HAL_DMA_Init
                0x08002618      0x15c ./Drivers/STM32F4xx_HAL_Driver/Src/stm32f4xx_hal_dma.o
                0x08002618                HAL_DMA_Init
 .text.HAL_DMA_DeInit
                0x08002774       0xbc ./Drivers/STM32F4xx_HAL_Driver/Src/stm32f4xx_hal_dma.o
                0x08002774                HAL_DMA_DeInit
 .text.HAL_DMA_Start_IT
                0x08002830       0xb0 ./Drivers/STM32F4xx_HAL_Driver/Src/stm32f4xx_hal_dma.o
                0x08002830                HAL_DMA_Start_IT
 .text.HAL_DMA_Abort
                0x080028e0       0xe0 ./Drivers/STM32F4xx_HAL_Driver/Src/stm32f4xx_hal_dma.o
                0x080028e0                HAL_DMA_Abort
 .text.HAL_DMA_Abort_IT
                0x080029c0       0x44 ./Drivers/STM32F4xx_HAL_Driver/Src/stm32f4xx_hal_dma.o
                0x080029c0                HAL_DMA_Abort_IT
 .text.HAL_DMA_IRQHandler
                0x08002a04      0x314 ./Drivers/STM32F4xx_HAL_Driver/Src/stm32f4xx_hal_dma.o
                0x08002a04                HAL_DMA_IRQHandler
 .text.DMA_SetConfig
                0x08002d18       0x5c ./Drivers/STM32F4xx_HAL_Driver/Src/stm32f4xx_hal_dma.o
 .text.DMA_CalcBaseAndBitshift
                0x08002d74       0x6c ./Drivers/STM32F4xx_HAL_Driver/Src/stm32f4xx_hal_dma.o
 .text.DMA_CheckFifoParam
                0x08002de0       0xf8 ./Drivers/STM32F4xx_HAL_Driver/Src/stm32f4xx_hal_dma.o
 .text.HAL_GPIO_Init
                0x08002ed8      0x308 ./Drivers/STM32F4xx_HAL_Driver/Src/stm32f4xx_hal_gpio.o
                0x08002ed8                HAL_GPIO_Init
 .text.HAL_GPIO_DeInit
                0x080031e0      0x1c8 ./Drivers/STM32F4xx_HAL_Driver/Src/stm32f4xx_hal_gpio.o
                0x080031e0                HAL_GPIO_DeInit
 .text.HAL_GPIO_WritePin
                0x080033a8       0x32 ./Drivers/STM32F4xx_HAL_Driver/Src/stm32f4xx_hal_gpio.o
                0x080033a8                HAL_GPIO_WritePin
 *fill*         0x080033da        0x2 
 .text.HAL_GPIO_EXTI_IRQHandler
                0x080033dc       0x30 ./Drivers/STM32F4xx_HAL_Driver/Src/stm32f4xx_hal_gpio.o
                0x080033dc                HAL_GPIO_EXTI_IRQHandler
 .text.HAL_HCD_Init
                0x0800340c       0xc4 ./Drivers/STM32F4xx_HAL_Driver/Src/stm32f4xx_hal_hcd.o
                0x0800340c                HAL_HCD_Init
 .text.HAL_HCD_HC_Init
                0x080034d0      0x11e ./Drivers/STM32F4xx_HAL_Driver/Src/stm32f4xx_hal_hcd.o
                0x080034d0                HAL_HCD_HC_Init
 .text.HAL_HCD_HC_Halt
                0x080035ee       0x46 ./Drivers/STM32F4xx_HAL_Driver/Src/stm32f4xx_hal_hcd.o
                0x080035ee                HAL_HCD_HC_Halt
 .text.HAL_HCD_HC_SubmitRequest
                0x08003634      0x2ac ./Drivers/STM32F4xx_HAL_Driver/Src/stm32f4xx_hal_hcd.o
                0x08003634                HAL_HCD_HC_SubmitRequest
 .text.HAL_HCD_IRQHandler
                0x080038e0      0x216 ./Drivers/STM32F4xx_HAL_Driver/Src/stm32f4xx_hal_hcd.o
                0x080038e0                HAL_HCD_IRQHandler
 .text.HAL_HCD_Start
                0x08003af6       0x46 ./Drivers/STM32F4xx_HAL_Driver/Src/stm32f4xx_hal_hcd.o
                0x08003af6                HAL_HCD_Start
 .text.HAL_HCD_Stop
                0x08003b3c       0x3a ./Drivers/STM32F4xx_HAL_Driver/Src/stm32f4xx_hal_hcd.o
                0x08003b3c                HAL_HCD_Stop
 .text.HAL_HCD_ResetPort
                0x08003b76       0x1c ./Drivers/STM32F4xx_HAL_Driver/Src/stm32f4xx_hal_hcd.o
                0x08003b76                HAL_HCD_ResetPort
 .text.HAL_HCD_HC_GetURBState
                0x08003b92       0x28 ./Drivers/STM32F4xx_HAL_Driver/Src/stm32f4xx_hal_hcd.o
                0x08003b92                HAL_HCD_HC_GetURBState
 .text.HAL_HCD_HC_GetXferCount
                0x08003bba       0x28 ./Drivers/STM32F4xx_HAL_Driver/Src/stm32f4xx_hal_hcd.o
                0x08003bba                HAL_HCD_HC_GetXferCount
 .text.HAL_HCD_GetCurrentFrame
                0x08003be2       0x1c ./Drivers/STM32F4xx_HAL_Driver/Src/stm32f4xx_hal_hcd.o
                0x08003be2                HAL_HCD_GetCurrentFrame
 .text.HAL_HCD_GetCurrentSpeed
                0x08003bfe       0x1c ./Drivers/STM32F4xx_HAL_Driver/Src/stm32f4xx_hal_hcd.o
                0x08003bfe                HAL_HCD_GetCurrentSpeed
 .text.HCD_HC_IN_IRQHandler
                0x08003c1a      0x6aa ./Drivers/STM32F4xx_HAL_Driver/Src/stm32f4xx_hal_hcd.o
 .text.HCD_HC_OUT_IRQHandler
                0x080042c4      0x6d2 ./Drivers/STM32F4xx_HAL_Driver/Src/stm32f4xx_hal_hcd.o
 .text.HCD_RXQLVL_IRQHandler
                0x08004996      0x1a4 ./Drivers/STM32F4xx_HAL_Driver/Src/stm32f4xx_hal_hcd.o
 .text.HCD_Port_IRQHandler
                0x08004b3a       0xe6 ./Drivers/STM32F4xx_HAL_Driver/Src/stm32f4xx_hal_hcd.o
 .text.HAL_I2C_Init
                0x08004c20      0x288 ./Drivers/STM32F4xx_HAL_Driver/Src/stm32f4xx_hal_i2c.o
                0x08004c20                HAL_I2C_Init
 .text.HAL_I2C_DeInit
                0x08004ea8       0x5e ./Drivers/STM32F4xx_HAL_Driver/Src/stm32f4xx_hal_i2c.o
                0x08004ea8                HAL_I2C_DeInit
 *fill*         0x08004f06        0x2 
 .text.HAL_I2C_Mem_Write
                0x08004f08      0x1f4 ./Drivers/STM32F4xx_HAL_Driver/Src/stm32f4xx_hal_i2c.o
                0x08004f08                HAL_I2C_Mem_Write
 .text.HAL_I2C_Mem_Read
                0x080050fc      0x44c ./Drivers/STM32F4xx_HAL_Driver/Src/stm32f4xx_hal_i2c.o
                0x080050fc                HAL_I2C_Mem_Read
 .text.HAL_I2C_GetState
                0x08005548       0x1c ./Drivers/STM32F4xx_HAL_Driver/Src/stm32f4xx_hal_i2c.o
                0x08005548                HAL_I2C_GetState
 .text.I2C_RequestMemoryWrite
                0x08005564      0x12c ./Drivers/STM32F4xx_HAL_Driver/Src/stm32f4xx_hal_i2c.o
 .text.I2C_RequestMemoryRead
                0x08005690      0x1d0 ./Drivers/STM32F4xx_HAL_Driver/Src/stm32f4xx_hal_i2c.o
 .text.I2C_WaitOnFlagUntilTimeout
                0x08005860       0xae ./Drivers/STM32F4xx_HAL_Driver/Src/stm32f4xx_hal_i2c.o
 .text.I2C_WaitOnMasterAddressFlagUntilTimeout
                0x0800590e       0xfe ./Drivers/STM32F4xx_HAL_Driver/Src/stm32f4xx_hal_i2c.o
 .text.I2C_WaitOnTXEFlagUntilTimeout
                0x08005a0c       0x82 ./Drivers/STM32F4xx_HAL_Driver/Src/stm32f4xx_hal_i2c.o
 .text.I2C_WaitOnBTFFlagUntilTimeout
                0x08005a8e       0x82 ./Drivers/STM32F4xx_HAL_Driver/Src/stm32f4xx_hal_i2c.o
 .text.I2C_WaitOnRXNEFlagUntilTimeout
                0x08005b10       0xac ./Drivers/STM32F4xx_HAL_Driver/Src/stm32f4xx_hal_i2c.o
 .text.I2C_IsAcknowledgeFailed
                0x08005bbc       0x5e ./Drivers/STM32F4xx_HAL_Driver/Src/stm32f4xx_hal_i2c.o
 *fill*         0x08005c1a        0x2 
 .text.HAL_I2S_Init
                0x08005c1c      0x280 ./Drivers/STM32F4xx_HAL_Driver/Src/stm32f4xx_hal_i2s.o
                0x08005c1c                HAL_I2S_Init
 .text.HAL_I2S_Transmit_DMA
                0x08005e9c      0x150 ./Drivers/STM32F4xx_HAL_Driver/Src/stm32f4xx_hal_i2s.o
                0x08005e9c                HAL_I2S_Transmit_DMA
 .text.HAL_I2S_DMAPause
                0x08005fec       0xc4 ./Drivers/STM32F4xx_HAL_Driver/Src/stm32f4xx_hal_i2s.o
                0x08005fec                HAL_I2S_DMAPause
 .text.HAL_I2S_DMAResume
                0x080060b0      0x128 ./Drivers/STM32F4xx_HAL_Driver/Src/stm32f4xx_hal_i2s.o
                0x080060b0                HAL_I2S_DMAResume
 .text.HAL_I2S_DMAStop
                0x080061d8      0x3b4 ./Drivers/STM32F4xx_HAL_Driver/Src/stm32f4xx_hal_i2s.o
                0x080061d8                HAL_I2S_DMAStop
 .text.HAL_I2S_RxCpltCallback
                0x0800658c       0x14 ./Drivers/STM32F4xx_HAL_Driver/Src/stm32f4xx_hal_i2s.o
                0x0800658c                HAL_I2S_RxCpltCallback
 .text.HAL_I2S_GetState
                0x080065a0       0x1c ./Drivers/STM32F4xx_HAL_Driver/Src/stm32f4xx_hal_i2s.o
                0x080065a0                HAL_I2S_GetState
 .text.I2S_DMATxCplt
                0x080065bc       0x42 ./Drivers/STM32F4xx_HAL_Driver/Src/stm32f4xx_hal_i2s.o
 .text.I2S_DMATxHalfCplt
                0x080065fe       0x1c ./Drivers/STM32F4xx_HAL_Driver/Src/stm32f4xx_hal_i2s.o
 .text.I2S_DMAError
                0x0800661a       0x4c ./Drivers/STM32F4xx_HAL_Driver/Src/stm32f4xx_hal_i2s.o
 .text.I2S_Transmit_IT
                0x08006666       0x5c ./Drivers/STM32F4xx_HAL_Driver/Src/stm32f4xx_hal_i2s.o
 .text.I2S_Receive_IT
                0x080066c2       0x5e ./Drivers/STM32F4xx_HAL_Driver/Src/stm32f4xx_hal_i2s.o
 .text.I2S_IRQHandler
                0x08006720      0x114 ./Drivers/STM32F4xx_HAL_Driver/Src/stm32f4xx_hal_i2s.o
 .text.I2S_WaitFlagStateUntilTimeout
                0x08006834       0x72 ./Drivers/STM32F4xx_HAL_Driver/Src/stm32f4xx_hal_i2s.o
 *fill*         0x080068a6        0x2 
 .text.HAL_I2SEx_FullDuplex_IRQHandler
                0x080068a8      0x2a8 ./Drivers/STM32F4xx_HAL_Driver/Src/stm32f4xx_hal_i2s_ex.o
                0x080068a8                HAL_I2SEx_FullDuplex_IRQHandler
 .text.HAL_I2SEx_TxRxCpltCallback
                0x08006b50       0x14 ./Drivers/STM32F4xx_HAL_Driver/Src/stm32f4xx_hal_i2s_ex.o
                0x08006b50                HAL_I2SEx_TxRxCpltCallback
 .text.I2SEx_TxISR_I2S
                0x08006b64       0x62 ./Drivers/STM32F4xx_HAL_Driver/Src/stm32f4xx_hal_i2s_ex.o
 *fill*         0x08006bc6        0x2 
 .text.I2SEx_TxISR_I2SExt
                0x08006bc8       0x98 ./Drivers/STM32F4xx_HAL_Driver/Src/stm32f4xx_hal_i2s_ex.o
 .text.I2SEx_RxISR_I2S
                0x08006c60       0x64 ./Drivers/STM32F4xx_HAL_Driver/Src/stm32f4xx_hal_i2s_ex.o
 .text.I2SEx_RxISR_I2SExt
                0x08006cc4       0x98 ./Drivers/STM32F4xx_HAL_Driver/Src/stm32f4xx_hal_i2s_ex.o
 .text.HAL_RCC_OscConfig
                0x08006d5c      0x4f0 ./Drivers/STM32F4xx_HAL_Driver/Src/stm32f4xx_hal_rcc.o
                0x08006d5c                HAL_RCC_OscConfig
 .text.HAL_RCC_ClockConfig
                0x0800724c      0x1cc ./Drivers/STM32F4xx_HAL_Driver/Src/stm32f4xx_hal_rcc.o
                0x0800724c                HAL_RCC_ClockConfig
 .text.HAL_RCC_GetSysClockFreq
                0x08007418      0x20c ./Drivers/STM32F4xx_HAL_Driver/Src/stm32f4xx_hal_rcc.o
                0x08007418                HAL_RCC_GetSysClockFreq
 .text.HAL_RCC_GetHCLKFreq
                0x08007624       0x18 ./Drivers/STM32F4xx_HAL_Driver/Src/stm32f4xx_hal_rcc.o
                0x08007624                HAL_RCC_GetHCLKFreq
 .text.HAL_RCC_GetPCLK1Freq
                0x0800763c       0x28 ./Drivers/STM32F4xx_HAL_Driver/Src/stm32f4xx_hal_rcc.o
                0x0800763c                HAL_RCC_GetPCLK1Freq
 .text.HAL_RCCEx_PeriphCLKConfig
                0x08007664      0x1e0 ./Drivers/STM32F4xx_HAL_Driver/Src/stm32f4xx_hal_rcc_ex.o
                0x08007664                HAL_RCCEx_PeriphCLKConfig
 .text.HAL_RCCEx_GetPeriphCLKConfig
                0x08007844       0x84 ./Drivers/STM32F4xx_HAL_Driver/Src/stm32f4xx_hal_rcc_ex.o
                0x08007844                HAL_RCCEx_GetPeriphCLKConfig
 .text.HAL_RCCEx_GetPeriphCLKFreq
                0x080078c8       0xc0 ./Drivers/STM32F4xx_HAL_Driver/Src/stm32f4xx_hal_rcc_ex.o
                0x080078c8                HAL_RCCEx_GetPeriphCLKFreq
 .text.HAL_UART_Receive_IT
                0x08007988       0x60 ./Drivers/STM32F4xx_HAL_Driver/Src/stm32f4xx_hal_uart.o
                0x08007988                HAL_UART_Receive_IT
 .text.HAL_UART_IRQHandler
                0x080079e8      0x51c ./Drivers/STM32F4xx_HAL_Driver/Src/stm32f4xx_hal_uart.o
                0x080079e8                HAL_UART_IRQHandler
 .text.HAL_UART_TxCpltCallback
                0x08007f04       0x14 ./Drivers/STM32F4xx_HAL_Driver/Src/stm32f4xx_hal_uart.o
                0x08007f04                HAL_UART_TxCpltCallback
 .text.HAL_UART_ErrorCallback
                0x08007f18       0x14 ./Drivers/STM32F4xx_HAL_Driver/Src/stm32f4xx_hal_uart.o
                0x08007f18                HAL_UART_ErrorCallback
 .text.HAL_UARTEx_RxEventCallback
                0x08007f2c       0x18 ./Drivers/STM32F4xx_HAL_Driver/Src/stm32f4xx_hal_uart.o
                0x08007f2c                HAL_UARTEx_RxEventCallback
 .text.UART_Start_Receive_IT
                0x08007f44       0x7c ./Drivers/STM32F4xx_HAL_Driver/Src/stm32f4xx_hal_uart.o
                0x08007f44                UART_Start_Receive_IT
 .text.UART_EndRxTransfer
                0x08007fc0       0xc6 ./Drivers/STM32F4xx_HAL_Driver/Src/stm32f4xx_hal_uart.o
 .text.UART_DMAAbortOnError
                0x08008086       0x28 ./Drivers/STM32F4xx_HAL_Driver/Src/stm32f4xx_hal_uart.o
 .text.UART_Transmit_IT
                0x080080ae       0xa0 ./Drivers/STM32F4xx_HAL_Driver/Src/stm32f4xx_hal_uart.o
 .text.UART_EndTransmit_IT
                0x0800814e       0x30 ./Drivers/STM32F4xx_HAL_Driver/Src/stm32f4xx_hal_uart.o
 .text.UART_Receive_IT
                0x0800817e      0x176 ./Drivers/STM32F4xx_HAL_Driver/Src/stm32f4xx_hal_uart.o
 .text.USB_CoreInit
                0x080082f4       0xc2 ./Drivers/STM32F4xx_HAL_Driver/Src/stm32f4xx_ll_usb.o
                0x080082f4                USB_CoreInit
 .text.USB_EnableGlobalInt
                0x080083b6       0x22 ./Drivers/STM32F4xx_HAL_Driver/Src/stm32f4xx_ll_usb.o
                0x080083b6                USB_EnableGlobalInt
 .text.USB_DisableGlobalInt
                0x080083d8       0x22 ./Drivers/STM32F4xx_HAL_Driver/Src/stm32f4xx_ll_usb.o
                0x080083d8                USB_DisableGlobalInt
 .text.USB_SetCurrentMode
                0x080083fa       0x98 ./Drivers/STM32F4xx_HAL_Driver/Src/stm32f4xx_ll_usb.o
                0x080083fa                USB_SetCurrentMode
 *fill*         0x08008492        0x2 
 .text.USB_FlushTxFifo
                0x08008494       0x68 ./Drivers/STM32F4xx_HAL_Driver/Src/stm32f4xx_ll_usb.o
                0x08008494                USB_FlushTxFifo
 .text.USB_FlushRxFifo
                0x080084fc       0x60 ./Drivers/STM32F4xx_HAL_Driver/Src/stm32f4xx_ll_usb.o
                0x080084fc                USB_FlushRxFifo
 .text.USB_WritePacket
                0x0800855c       0x7c ./Drivers/STM32F4xx_HAL_Driver/Src/stm32f4xx_ll_usb.o
                0x0800855c                USB_WritePacket
 .text.USB_ReadPacket
                0x080085d8       0xb0 ./Drivers/STM32F4xx_HAL_Driver/Src/stm32f4xx_ll_usb.o
                0x080085d8                USB_ReadPacket
 .text.USB_ReadInterrupts
                0x08008688       0x26 ./Drivers/STM32F4xx_HAL_Driver/Src/stm32f4xx_ll_usb.o
                0x08008688                USB_ReadInterrupts
 .text.USB_GetMode
                0x080086ae       0x1c ./Drivers/STM32F4xx_HAL_Driver/Src/stm32f4xx_ll_usb.o
                0x080086ae                USB_GetMode
 *fill*         0x080086ca        0x2 
 .text.USB_CoreReset
                0x080086cc       0x68 ./Drivers/STM32F4xx_HAL_Driver/Src/stm32f4xx_ll_usb.o
 .text.USB_HostInit
                0x08008734      0x180 ./Drivers/STM32F4xx_HAL_Driver/Src/stm32f4xx_ll_usb.o
                0x08008734                USB_HostInit
 .text.USB_InitFSLSPClkSel
                0x080088b4       0x74 ./Drivers/STM32F4xx_HAL_Driver/Src/stm32f4xx_ll_usb.o
                0x080088b4                USB_InitFSLSPClkSel
 .text.USB_ResetPort
                0x08008928       0x54 ./Drivers/STM32F4xx_HAL_Driver/Src/stm32f4xx_ll_usb.o
                0x08008928                USB_ResetPort
 .text.USB_DriveVbus
                0x0800897c       0x72 ./Drivers/STM32F4xx_HAL_Driver/Src/stm32f4xx_ll_usb.o
                0x0800897c                USB_DriveVbus
 .text.USB_GetHostSpeed
                0x080089ee       0x2e ./Drivers/STM32F4xx_HAL_Driver/Src/stm32f4xx_ll_usb.o
                0x080089ee                USB_GetHostSpeed
 .text.USB_GetCurrentFrame
                0x08008a1c       0x22 ./Drivers/STM32F4xx_HAL_Driver/Src/stm32f4xx_ll_usb.o
                0x08008a1c                USB_GetCurrentFrame
 *fill*         0x08008a3e        0x2 
 .text.USB_HC_Init
                0x08008a40      0x244 ./Drivers/STM32F4xx_HAL_Driver/Src/stm32f4xx_ll_usb.o
                0x08008a40                USB_HC_Init
 .text.USB_HC_StartXfer
                0x08008c84      0x284 ./Drivers/STM32F4xx_HAL_Driver/Src/stm32f4xx_ll_usb.o
                0x08008c84                USB_HC_StartXfer
 .text.USB_HC_ReadInterrupt
                0x08008f08       0x22 ./Drivers/STM32F4xx_HAL_Driver/Src/stm32f4xx_ll_usb.o
                0x08008f08                USB_HC_ReadInterrupt
 .text.USB_HC_Halt
                0x08008f2a      0x1f8 ./Drivers/STM32F4xx_HAL_Driver/Src/stm32f4xx_ll_usb.o
                0x08008f2a                USB_HC_Halt
 *fill*         0x08009122        0x2 
 .text.USB_DoPing
                0x08009124       0x78 ./Drivers/STM32F4xx_HAL_Driver/Src/stm32f4xx_ll_usb.o
                0x08009124                USB_DoPing
 .text.USB_StopHost
                0x0800919c      0x124 ./Drivers/STM32F4xx_HAL_Driver/Src/stm32f4xx_ll_usb.o
                0x0800919c                USB_StopHost
 .text.MX_FATFS_Init
                0x080092c0       0x24 ./FATFS/App/fatfs.o
                0x080092c0                MX_FATFS_Init
 .text.get_fattime
                0x080092e4       0x10 ./FATFS/App/fatfs.o
                0x080092e4                get_fattime
 .text.USBH_initialize
                0x080092f4       0x18 ./FATFS/Target/usbh_diskio.o
                0x080092f4                USBH_initialize
 .text.USBH_status
                0x0800930c       0x38 ./FATFS/Target/usbh_diskio.o
                0x0800930c                USBH_status
 .text.USBH_read
                0x08009344       0x74 ./FATFS/Target/usbh_diskio.o
                0x08009344                USBH_read
 .text.USBH_write
                0x080093b8       0x84 ./FATFS/Target/usbh_diskio.o
                0x080093b8                USBH_write
 .text.USBH_ioctl
                0x0800943c       0xd8 ./FATFS/Target/usbh_diskio.o
                0x0800943c                USBH_ioctl
 .text.USBH_MSC_InterfaceInit
                0x08009514      0x244 ./Middlewares/ST/STM32_USB_Host_Library/Class/MSC/Src/usbh_msc.o
 .text.USBH_MSC_InterfaceDeInit
                0x08009758       0x8c ./Middlewares/ST/STM32_USB_Host_Library/Class/MSC/Src/usbh_msc.o
 .text.USBH_MSC_ClassRequest
                0x080097e4       0xce ./Middlewares/ST/STM32_USB_Host_Library/Class/MSC/Src/usbh_msc.o
 *fill*         0x080098b2        0x2 
 .text.USBH_MSC_Process
                0x080098b4      0x51c ./Middlewares/ST/STM32_USB_Host_Library/Class/MSC/Src/usbh_msc.o
 .text.USBH_MSC_SOFProcess
                0x08009dd0       0x16 ./Middlewares/ST/STM32_USB_Host_Library/Class/MSC/Src/usbh_msc.o
 .text.USBH_MSC_RdWrProcess
                0x08009de6      0x19e ./Middlewares/ST/STM32_USB_Host_Library/Class/MSC/Src/usbh_msc.o
 .text.USBH_MSC_UnitIsReady
                0x08009f84       0x4c ./Middlewares/ST/STM32_USB_Host_Library/Class/MSC/Src/usbh_msc.o
                0x08009f84                USBH_MSC_UnitIsReady
 .text.USBH_MSC_GetLUNInfo
                0x08009fd0       0x48 ./Middlewares/ST/STM32_USB_Host_Library/Class/MSC/Src/usbh_msc.o
                0x08009fd0                USBH_MSC_GetLUNInfo
 .text.USBH_MSC_Read
                0x0800a018       0xd2 ./Middlewares/ST/STM32_USB_Host_Library/Class/MSC/Src/usbh_msc.o
                0x0800a018                USBH_MSC_Read
 .text.USBH_MSC_Write
                0x0800a0ea       0xd2 ./Middlewares/ST/STM32_USB_Host_Library/Class/MSC/Src/usbh_msc.o
                0x0800a0ea                USBH_MSC_Write
 .text.USBH_MSC_BOT_REQ_Reset
                0x0800a1bc       0x3a ./Middlewares/ST/STM32_USB_Host_Library/Class/MSC/Src/usbh_msc_bot.o
                0x0800a1bc                USBH_MSC_BOT_REQ_Reset
 .text.USBH_MSC_BOT_REQ_GetMaxLUN
                0x0800a1f6       0x3c ./Middlewares/ST/STM32_USB_Host_Library/Class/MSC/Src/usbh_msc_bot.o
                0x0800a1f6                USBH_MSC_BOT_REQ_GetMaxLUN
 *fill*         0x0800a232        0x2 
 .text.USBH_MSC_BOT_Init
                0x0800a234       0x44 ./Middlewares/ST/STM32_USB_Host_Library/Class/MSC/Src/usbh_msc_bot.o
                0x0800a234                USBH_MSC_BOT_Init
 .text.USBH_MSC_BOT_Process
                0x0800a278      0x39c ./Middlewares/ST/STM32_USB_Host_Library/Class/MSC/Src/usbh_msc_bot.o
                0x0800a278                USBH_MSC_BOT_Process
 .text.USBH_MSC_BOT_Abort
                0x0800a614       0x58 ./Middlewares/ST/STM32_USB_Host_Library/Class/MSC/Src/usbh_msc_bot.o
 .text.USBH_MSC_DecodeCSW
                0x0800a66c       0x88 ./Middlewares/ST/STM32_USB_Host_Library/Class/MSC/Src/usbh_msc_bot.o
 .text.USBH_MSC_SCSI_TestUnitReady
                0x0800a6f4       0x86 ./Middlewares/ST/STM32_USB_Host_Library/Class/MSC/Src/usbh_msc_scsi.o
                0x0800a6f4                USBH_MSC_SCSI_TestUnitReady
 .text.USBH_MSC_SCSI_ReadCapacity
                0x0800a77a       0xf4 ./Middlewares/ST/STM32_USB_Host_Library/Class/MSC/Src/usbh_msc_scsi.o
                0x0800a77a                USBH_MSC_SCSI_ReadCapacity
 .text.USBH_MSC_SCSI_Inquiry
                0x0800a86e      0x14a ./Middlewares/ST/STM32_USB_Host_Library/Class/MSC/Src/usbh_msc_scsi.o
                0x0800a86e                USBH_MSC_SCSI_Inquiry
 .text.USBH_MSC_SCSI_RequestSense
                0x0800a9b8       0xf2 ./Middlewares/ST/STM32_USB_Host_Library/Class/MSC/Src/usbh_msc_scsi.o
                0x0800a9b8                USBH_MSC_SCSI_RequestSense
 .text.USBH_MSC_SCSI_Write
                0x0800aaaa       0xd6 ./Middlewares/ST/STM32_USB_Host_Library/Class/MSC/Src/usbh_msc_scsi.o
                0x0800aaaa                USBH_MSC_SCSI_Write
 .text.USBH_MSC_SCSI_Read
                0x0800ab80       0xd6 ./Middlewares/ST/STM32_USB_Host_Library/Class/MSC/Src/usbh_msc_scsi.o
                0x0800ab80                USBH_MSC_SCSI_Read
 .text.USBH_Init
                0x0800ac56       0x74 ./Middlewares/ST/STM32_USB_Host_Library/Core/Src/usbh_core.o
                0x0800ac56                USBH_Init
 .text.DeInitStateMachine
                0x0800acca       0xa8 ./Middlewares/ST/STM32_USB_Host_Library/Core/Src/usbh_core.o
 .text.USBH_RegisterClass
                0x0800ad72       0x54 ./Middlewares/ST/STM32_USB_Host_Library/Core/Src/usbh_core.o
                0x0800ad72                USBH_RegisterClass
 .text.USBH_SelectInterface
                0x0800adc6       0x38 ./Middlewares/ST/STM32_USB_Host_Library/Core/Src/usbh_core.o
                0x0800adc6                USBH_SelectInterface
 .text.USBH_FindInterface
                0x0800adfe       0x8c ./Middlewares/ST/STM32_USB_Host_Library/Core/Src/usbh_core.o
                0x0800adfe                USBH_FindInterface
 .text.USBH_Start
                0x0800ae8a       0x20 ./Middlewares/ST/STM32_USB_Host_Library/Core/Src/usbh_core.o
                0x0800ae8a                USBH_Start
 *fill*         0x0800aeaa        0x2 
 .text.USBH_Process
                0x0800aeac      0x3d0 ./Middlewares/ST/STM32_USB_Host_Library/Core/Src/usbh_core.o
                0x0800aeac                USBH_Process
 .text.USBH_HandleEnum
                0x0800b27c      0x3c0 ./Middlewares/ST/STM32_USB_Host_Library/Core/Src/usbh_core.o
 .text.USBH_LL_SetTimer
                0x0800b63c       0x1e ./Middlewares/ST/STM32_USB_Host_Library/Core/Src/usbh_core.o
                0x0800b63c                USBH_LL_SetTimer
 .text.USBH_LL_IncTimer
                0x0800b65a       0x24 ./Middlewares/ST/STM32_USB_Host_Library/Core/Src/usbh_core.o
                0x0800b65a                USBH_LL_IncTimer
 .text.USBH_HandleSof
                0x0800b67e       0x30 ./Middlewares/ST/STM32_USB_Host_Library/Core/Src/usbh_core.o
 .text.USBH_LL_PortEnabled
                0x0800b6ae       0x1c ./Middlewares/ST/STM32_USB_Host_Library/Core/Src/usbh_core.o
                0x0800b6ae                USBH_LL_PortEnabled
 .text.USBH_LL_PortDisabled
                0x0800b6ca       0x1c ./Middlewares/ST/STM32_USB_Host_Library/Core/Src/usbh_core.o
                0x0800b6ca                USBH_LL_PortDisabled
 .text.USBH_LL_Connect
                0x0800b6e6       0x2e ./Middlewares/ST/STM32_USB_Host_Library/Core/Src/usbh_core.o
                0x0800b6e6                USBH_LL_Connect
 .text.USBH_LL_Disconnect
                0x0800b714       0x48 ./Middlewares/ST/STM32_USB_Host_Library/Core/Src/usbh_core.o
                0x0800b714                USBH_LL_Disconnect
 .text.USBH_Get_DevDesc
                0x0800b75c       0x50 ./Middlewares/ST/STM32_USB_Host_Library/Core/Src/usbh_ctlreq.o
                0x0800b75c                USBH_Get_DevDesc
 .text.USBH_Get_CfgDesc
                0x0800b7ac       0x48 ./Middlewares/ST/STM32_USB_Host_Library/Core/Src/usbh_ctlreq.o
                0x0800b7ac                USBH_Get_CfgDesc
 .text.USBH_Get_StringDesc
                0x0800b7f4       0x56 ./Middlewares/ST/STM32_USB_Host_Library/Core/Src/usbh_ctlreq.o
                0x0800b7f4                USBH_Get_StringDesc
 .text.USBH_GetDescriptor
                0x0800b84a       0x6a ./Middlewares/ST/STM32_USB_Host_Library/Core/Src/usbh_ctlreq.o
                0x0800b84a                USBH_GetDescriptor
 .text.USBH_SetAddress
                0x0800b8b4       0x48 ./Middlewares/ST/STM32_USB_Host_Library/Core/Src/usbh_ctlreq.o
                0x0800b8b4                USBH_SetAddress
 .text.USBH_SetCfg
                0x0800b8fc       0x46 ./Middlewares/ST/STM32_USB_Host_Library/Core/Src/usbh_ctlreq.o
                0x0800b8fc                USBH_SetCfg
 .text.USBH_SetFeature
                0x0800b942       0x48 ./Middlewares/ST/STM32_USB_Host_Library/Core/Src/usbh_ctlreq.o
                0x0800b942                USBH_SetFeature
 .text.USBH_ClrFeature
                0x0800b98a       0x48 ./Middlewares/ST/STM32_USB_Host_Library/Core/Src/usbh_ctlreq.o
                0x0800b98a                USBH_ClrFeature
 *fill*         0x0800b9d2        0x2 
 .text.USBH_ParseDevDesc
                0x0800b9d4      0x11c ./Middlewares/ST/STM32_USB_Host_Library/Core/Src/usbh_ctlreq.o
 .text.USBH_ParseCfgDesc
                0x0800baf0      0x1ea ./Middlewares/ST/STM32_USB_Host_Library/Core/Src/usbh_ctlreq.o
 .text.USBH_ParseInterfaceDesc
                0x0800bcda       0x5e ./Middlewares/ST/STM32_USB_Host_Library/Core/Src/usbh_ctlreq.o
 .text.USBH_ParseEPDesc
                0x0800bd38      0x144 ./Middlewares/ST/STM32_USB_Host_Library/Core/Src/usbh_ctlreq.o
 .text.USBH_ParseStringDesc
                0x0800be7c       0x66 ./Middlewares/ST/STM32_USB_Host_Library/Core/Src/usbh_ctlreq.o
 .text.USBH_GetNextDesc
                0x0800bee2       0x34 ./Middlewares/ST/STM32_USB_Host_Library/Core/Src/usbh_ctlreq.o
                0x0800bee2                USBH_GetNextDesc
 .text.USBH_CtlReq
                0x0800bf16       0x7a ./Middlewares/ST/STM32_USB_Host_Library/Core/Src/usbh_ctlreq.o
                0x0800bf16                USBH_CtlReq
 .text.USBH_HandleControl
                0x0800bf90      0x2e8 ./Middlewares/ST/STM32_USB_Host_Library/Core/Src/usbh_ctlreq.o
 .text.USBH_CtlSendSetup
                0x0800c278       0x34 ./Middlewares/ST/STM32_USB_Host_Library/Core/Src/usbh_ioreq.o
                0x0800c278                USBH_CtlSendSetup
 .text.USBH_CtlSendData
                0x0800c2ac       0x4a ./Middlewares/ST/STM32_USB_Host_Library/Core/Src/usbh_ioreq.o
                0x0800c2ac                USBH_CtlSendData
 .text.USBH_CtlReceiveData
                0x0800c2f6       0x3c ./Middlewares/ST/STM32_USB_Host_Library/Core/Src/usbh_ioreq.o
                0x0800c2f6                USBH_CtlReceiveData
 .text.USBH_BulkSendData
                0x0800c332       0x4a ./Middlewares/ST/STM32_USB_Host_Library/Core/Src/usbh_ioreq.o
                0x0800c332                USBH_BulkSendData
 .text.USBH_BulkReceiveData
                0x0800c37c       0x3c ./Middlewares/ST/STM32_USB_Host_Library/Core/Src/usbh_ioreq.o
                0x0800c37c                USBH_BulkReceiveData
 .text.USBH_OpenPipe
                0x0800c3b8       0x3e ./Middlewares/ST/STM32_USB_Host_Library/Core/Src/usbh_pipes.o
                0x0800c3b8                USBH_OpenPipe
 .text.USBH_ClosePipe
                0x0800c3f6       0x20 ./Middlewares/ST/STM32_USB_Host_Library/Core/Src/usbh_pipes.o
                0x0800c3f6                USBH_ClosePipe
 .text.USBH_AllocPipe
                0x0800c416       0x42 ./Middlewares/ST/STM32_USB_Host_Library/Core/Src/usbh_pipes.o
                0x0800c416                USBH_AllocPipe
 .text.USBH_FreePipe
                0x0800c458       0x3c ./Middlewares/ST/STM32_USB_Host_Library/Core/Src/usbh_pipes.o
                0x0800c458                USBH_FreePipe
 .text.USBH_GetFreePipe
                0x0800c494       0x48 ./Middlewares/ST/STM32_USB_Host_Library/Core/Src/usbh_pipes.o
 .text.disk_status
                0x0800c4dc       0x34 ./Middlewares/Third_Party/FatFs/src/diskio.o
                0x0800c4dc                disk_status
 .text.disk_initialize
                0x0800c510       0x4c ./Middlewares/Third_Party/FatFs/src/diskio.o
                0x0800c510                disk_initialize
 .text.disk_read
                0x0800c55c       0x40 ./Middlewares/Third_Party/FatFs/src/diskio.o
                0x0800c55c                disk_read
 .text.disk_write
                0x0800c59c       0x40 ./Middlewares/Third_Party/FatFs/src/diskio.o
                0x0800c59c                disk_write
 .text.disk_ioctl
                0x0800c5dc       0x3c ./Middlewares/Third_Party/FatFs/src/diskio.o
                0x0800c5dc                disk_ioctl
 .text.ld_word  0x0800c618       0x32 ./Middlewares/Third_Party/FatFs/src/ff.o
 .text.ld_dword
                0x0800c64a       0x46 ./Middlewares/Third_Party/FatFs/src/ff.o
 .text.st_word  0x0800c690       0x36 ./Middlewares/Third_Party/FatFs/src/ff.o
 .text.st_dword
                0x0800c6c6       0x58 ./Middlewares/Third_Party/FatFs/src/ff.o
 .text.mem_cpy  0x0800c71e       0x42 ./Middlewares/Third_Party/FatFs/src/ff.o
 .text.mem_set  0x0800c760       0x36 ./Middlewares/Third_Party/FatFs/src/ff.o
 .text.mem_cmp  0x0800c796       0x4e ./Middlewares/Third_Party/FatFs/src/ff.o
 .text.chk_chr  0x0800c7e4       0x36 ./Middlewares/Third_Party/FatFs/src/ff.o
 *fill*         0x0800c81a        0x2 
 .text.chk_lock
                0x0800c81c       0xb8 ./Middlewares/Third_Party/FatFs/src/ff.o
 .text.enq_lock
                0x0800c8d4       0x44 ./Middlewares/Third_Party/FatFs/src/ff.o
 .text.inc_lock
                0x0800c918      0x11c ./Middlewares/Third_Party/FatFs/src/ff.o
 .text.dec_lock
                0x0800ca34       0x78 ./Middlewares/Third_Party/FatFs/src/ff.o
 .text.clear_lock
                0x0800caac       0x48 ./Middlewares/Third_Party/FatFs/src/ff.o
 .text.sync_window
                0x0800caf4       0x88 ./Middlewares/Third_Party/FatFs/src/ff.o
 .text.move_window
                0x0800cb7c       0x5a ./Middlewares/Third_Party/FatFs/src/ff.o
 *fill*         0x0800cbd6        0x2 
 .text.sync_fs  0x0800cbd8       0xdc ./Middlewares/Third_Party/FatFs/src/ff.o
 .text.clust2sect
                0x0800ccb4       0x3e ./Middlewares/Third_Party/FatFs/src/ff.o
 .text.get_fat  0x0800ccf2      0x14e ./Middlewares/Third_Party/FatFs/src/ff.o
 .text.put_fat  0x0800ce40      0x1d4 ./Middlewares/Third_Party/FatFs/src/ff.o
 .text.remove_chain
                0x0800d014       0xca ./Middlewares/Third_Party/FatFs/src/ff.o
 .text.create_chain
                0x0800d0de      0x130 ./Middlewares/Third_Party/FatFs/src/ff.o
 .text.clmt_clust
                0x0800d20e       0x68 ./Middlewares/Third_Party/FatFs/src/ff.o
 .text.dir_sdi  0x0800d276       0xf6 ./Middlewares/Third_Party/FatFs/src/ff.o
 .text.dir_next
                0x0800d36c      0x18a ./Middlewares/Third_Party/FatFs/src/ff.o
 .text.dir_alloc
                0x0800d4f6       0x8e ./Middlewares/Third_Party/FatFs/src/ff.o
 .text.ld_clust
                0x0800d584       0x3e ./Middlewares/Third_Party/FatFs/src/ff.o
 .text.st_clust
                0x0800d5c2       0x40 ./Middlewares/Third_Party/FatFs/src/ff.o
 *fill*         0x0800d602        0x2 
 .text.cmp_lfn  0x0800d604       0xe0 ./Middlewares/Third_Party/FatFs/src/ff.o
 .text.pick_lfn
                0x0800d6e4       0xc8 ./Middlewares/Third_Party/FatFs/src/ff.o
 .text.put_lfn  0x0800d7ac       0xd0 ./Middlewares/Third_Party/FatFs/src/ff.o
 .text.gen_numname
                0x0800d87c      0x11c ./Middlewares/Third_Party/FatFs/src/ff.o
 .text.sum_sfn  0x0800d998       0x42 ./Middlewares/Third_Party/FatFs/src/ff.o
 .text.dir_read
                0x0800d9da      0x14e ./Middlewares/Third_Party/FatFs/src/ff.o
 .text.dir_find
                0x0800db28      0x180 ./Middlewares/Third_Party/FatFs/src/ff.o
 .text.dir_register
                0x0800dca8      0x1f0 ./Middlewares/Third_Party/FatFs/src/ff.o
 .text.get_fileinfo
                0x0800de98      0x1bc ./Middlewares/Third_Party/FatFs/src/ff.o
 .text.create_name
                0x0800e054      0x370 ./Middlewares/Third_Party/FatFs/src/ff.o
 .text.follow_path
                0x0800e3c4       0xe2 ./Middlewares/Third_Party/FatFs/src/ff.o
 .text.get_ldnumber
                0x0800e4a6       0x88 ./Middlewares/Third_Party/FatFs/src/ff.o
 *fill*         0x0800e52e        0x2 
 .text.check_fs
                0x0800e530       0xac ./Middlewares/Third_Party/FatFs/src/ff.o
 .text.find_volume
                0x0800e5dc      0x4a0 ./Middlewares/Third_Party/FatFs/src/ff.o
 .text.validate
                0x0800ea7c       0x6a ./Middlewares/Third_Party/FatFs/src/ff.o
 *fill*         0x0800eae6        0x2 
 .text.f_mount  0x0800eae8       0x8c ./Middlewares/Third_Party/FatFs/src/ff.o
                0x0800eae8                f_mount
 .text.f_open   0x0800eb74      0x374 ./Middlewares/Third_Party/FatFs/src/ff.o
                0x0800eb74                f_open
 .text.f_read   0x0800eee8      0x27e ./Middlewares/Third_Party/FatFs/src/ff.o
                0x0800eee8                f_read
 .text.f_sync   0x0800f166       0xfc ./Middlewares/Third_Party/FatFs/src/ff.o
                0x0800f166                f_sync
 .text.f_close  0x0800f262       0x54 ./Middlewares/Third_Party/FatFs/src/ff.o
                0x0800f262                f_close
 .text.f_lseek  0x0800f2b6      0x412 ./Middlewares/Third_Party/FatFs/src/ff.o
                0x0800f2b6                f_lseek
 .text.f_opendir
                0x0800f6c8       0xe6 ./Middlewares/Third_Party/FatFs/src/ff.o
                0x0800f6c8                f_opendir
 .text.f_closedir
                0x0800f7ae       0x4c ./Middlewares/Third_Party/FatFs/src/ff.o
                0x0800f7ae                f_closedir
 .text.f_readdir
                0x0800f7fa       0x7a ./Middlewares/Third_Party/FatFs/src/ff.o
                0x0800f7fa                f_readdir
 .text.FATFS_LinkDriverEx
                0x0800f874       0x98 ./Middlewares/Third_Party/FatFs/src/ff_gen_drv.o
                0x0800f874                FATFS_LinkDriverEx
 .text.FATFS_LinkDriver
                0x0800f90c       0x1e ./Middlewares/Third_Party/FatFs/src/ff_gen_drv.o
                0x0800f90c                FATFS_LinkDriver
 *fill*         0x0800f92a        0x2 
 .text.ff_convert
                0x0800f92c       0x78 ./Middlewares/Third_Party/FatFs/src/option/ccsbcs.o
                0x0800f92c                ff_convert
 .text.ff_wtoupper
                0x0800f9a4      0x114 ./Middlewares/Third_Party/FatFs/src/option/ccsbcs.o
                0x0800f9a4                ff_wtoupper
 .text.MX_USB_HOST_Init
                0x0800fab8       0x4c ./USB_HOST/App/usb_host.o
                0x0800fab8                MX_USB_HOST_Init
 .text.MX_USB_HOST_Process
                0x0800fb04       0x14 ./USB_HOST/App/usb_host.o
                0x0800fb04                MX_USB_HOST_Process
 .text.USBH_UserProcess
                0x0800fb18       0x5c ./USB_HOST/App/usb_host.o
 .text.HAL_HCD_MspInit
                0x0800fb74       0xc4 ./USB_HOST/Target/usbh_conf.o
                0x0800fb74                HAL_HCD_MspInit
 .text.HAL_HCD_SOF_Callback
                0x0800fc38       0x1c ./USB_HOST/Target/usbh_conf.o
                0x0800fc38                HAL_HCD_SOF_Callback
 .text.HAL_HCD_Connect_Callback
                0x0800fc54       0x1c ./USB_HOST/Target/usbh_conf.o
                0x0800fc54                HAL_HCD_Connect_Callback
 .text.HAL_HCD_Disconnect_Callback
                0x0800fc70       0x1c ./USB_HOST/Target/usbh_conf.o
                0x0800fc70                HAL_HCD_Disconnect_Callback
 .text.HAL_HCD_HC_NotifyURBChange_Callback
                0x0800fc8c       0x1c ./USB_HOST/Target/usbh_conf.o
                0x0800fc8c                HAL_HCD_HC_NotifyURBChange_Callback
 .text.HAL_HCD_PortEnabled_Callback
                0x0800fca8       0x1c ./USB_HOST/Target/usbh_conf.o
                0x0800fca8                HAL_HCD_PortEnabled_Callback
 .text.HAL_HCD_PortDisabled_Callback
                0x0800fcc4       0x1c ./USB_HOST/Target/usbh_conf.o
                0x0800fcc4                HAL_HCD_PortDisabled_Callback
 .text.USBH_LL_Init
                0x0800fce0       0x78 ./USB_HOST/Target/usbh_conf.o
                0x0800fce0                USBH_LL_Init
 .text.USBH_LL_Start
                0x0800fd58       0x36 ./USB_HOST/Target/usbh_conf.o
                0x0800fd58                USBH_LL_Start
 .text.USBH_LL_Stop
                0x0800fd8e       0x36 ./USB_HOST/Target/usbh_conf.o
                0x0800fd8e                USBH_LL_Stop
 .text.USBH_LL_GetSpeed
                0x0800fdc4       0x4e ./USB_HOST/Target/usbh_conf.o
                0x0800fdc4                USBH_LL_GetSpeed
 .text.USBH_LL_ResetPort
                0x0800fe12       0x36 ./USB_HOST/Target/usbh_conf.o
                0x0800fe12                USBH_LL_ResetPort
 .text.USBH_LL_GetLastXferSize
                0x0800fe48       0x26 ./USB_HOST/Target/usbh_conf.o
                0x0800fe48                USBH_LL_GetLastXferSize
 .text.USBH_LL_OpenPipe
                0x0800fe6e       0x5e ./USB_HOST/Target/usbh_conf.o
                0x0800fe6e                USBH_LL_OpenPipe
 .text.USBH_LL_ClosePipe
                0x0800fecc       0x3e ./USB_HOST/Target/usbh_conf.o
                0x0800fecc                USBH_LL_ClosePipe
 .text.USBH_LL_SubmitURB
                0x0800ff0a       0x62 ./USB_HOST/Target/usbh_conf.o
                0x0800ff0a                USBH_LL_SubmitURB
 .text.USBH_LL_GetURBState
                0x0800ff6c       0x26 ./USB_HOST/Target/usbh_conf.o
                0x0800ff6c                USBH_LL_GetURBState
 .text.USBH_LL_DriverVBUS
                0x0800ff92       0x2e ./USB_HOST/Target/usbh_conf.o
                0x0800ff92                USBH_LL_DriverVBUS
 .text.USBH_LL_SetToggle
                0x0800ffc0       0x60 ./USB_HOST/Target/usbh_conf.o
                0x0800ffc0                USBH_LL_SetToggle
 .text.USBH_LL_GetToggle
                0x08010020       0x60 ./USB_HOST/Target/usbh_conf.o
                0x08010020                USBH_LL_GetToggle
 .text.USBH_Delay
                0x08010080       0x16 ./USB_HOST/Target/usbh_conf.o
                0x08010080                USBH_Delay
 *fill*         0x08010096        0x2 
 .text.USBH_Get_USB_Status
                0x08010098       0x58 ./USB_HOST/Target/usbh_conf.o
                0x08010098                USBH_Get_USB_Status
 .text.MX_DriverVbusFS
                0x080100f0       0x38 ./USB_HOST/Target/usbh_platform.o
                0x080100f0                MX_DriverVbusFS
 .text.malloc   0x08010128       0x10 C:/ST/STM32CubeIDE_1.19.0/STM32CubeIDE/plugins/com.st.stm32cube.ide.mcu.externaltools.gnu-tools-for-stm32.13.3.rel1.win32_1.0.0.202411081344/tools/bin/../lib/gcc/arm-none-eabi/13.3.1/../../../../arm-none-eabi/lib/thumb/v7e-m+fp/hard\libc_nano.a(libc_a-malloc.o)
                0x08010128                malloc
 .text.free     0x08010138       0x10 C:/ST/STM32CubeIDE_1.19.0/STM32CubeIDE/plugins/com.st.stm32cube.ide.mcu.externaltools.gnu-tools-for-stm32.13.3.rel1.win32_1.0.0.202411081344/tools/bin/../lib/gcc/arm-none-eabi/13.3.1/../../../../arm-none-eabi/lib/thumb/v7e-m+fp/hard\libc_nano.a(libc_a-malloc.o)
                0x08010138                free
 .text.sbrk_aligned
                0x08010148       0x44 C:/ST/STM32CubeIDE_1.19.0/STM32CubeIDE/plugins/com.st.stm32cube.ide.mcu.externaltools.gnu-tools-for-stm32.13.3.rel1.win32_1.0.0.202411081344/tools/bin/../lib/gcc/arm-none-eabi/13.3.1/../../../../arm-none-eabi/lib/thumb/v7e-m+fp/hard\libc_nano.a(libc_a-mallocr.o)
 .text._malloc_r
                0x0801018c      0x100 C:/ST/STM32CubeIDE_1.19.0/STM32CubeIDE/plugins/com.st.stm32cube.ide.mcu.externaltools.gnu-tools-for-stm32.13.3.rel1.win32_1.0.0.202411081344/tools/bin/../lib/gcc/arm-none-eabi/13.3.1/../../../../arm-none-eabi/lib/thumb/v7e-m+fp/hard\libc_nano.a(libc_a-mallocr.o)
                0x0801018c                _malloc_r
 .text.__malloc_lock
                0x0801028c        0xc C:/ST/STM32CubeIDE_1.19.0/STM32CubeIDE/plugins/com.st.stm32cube.ide.mcu.externaltools.gnu-tools-for-stm32.13.3.rel1.win32_1.0.0.202411081344/tools/bin/../lib/gcc/arm-none-eabi/13.3.1/../../../../arm-none-eabi/lib/thumb/v7e-m+fp/hard\libc_nano.a(libc_a-mlock.o)
                0x0801028c                __malloc_lock
 .text.__malloc_unlock
                0x08010298        0xc C:/ST/STM32CubeIDE_1.19.0/STM32CubeIDE/plugins/com.st.stm32cube.ide.mcu.externaltools.gnu-tools-for-stm32.13.3.rel1.win32_1.0.0.202411081344/tools/bin/../lib/gcc/arm-none-eabi/13.3.1/../../../../arm-none-eabi/lib/thumb/v7e-m+fp/hard\libc_nano.a(libc_a-mlock.o)
                0x08010298                __malloc_unlock
 .text.memset   0x080102a4       0x10 C:/ST/STM32CubeIDE_1.19.0/STM32CubeIDE/plugins/com.st.stm32cube.ide.mcu.externaltools.gnu-tools-for-stm32.13.3.rel1.win32_1.0.0.202411081344/tools/bin/../lib/gcc/arm-none-eabi/13.3.1/../../../../arm-none-eabi/lib/thumb/v7e-m+fp/hard\libc_nano.a(libc_a-memset.o)
                0x080102a4                memset
 .text.strncpy  0x080102b4       0x26 C:/ST/STM32CubeIDE_1.19.0/STM32CubeIDE/plugins/com.st.stm32cube.ide.mcu.externaltools.gnu-tools-for-stm32.13.3.rel1.win32_1.0.0.202411081344/tools/bin/../lib/gcc/arm-none-eabi/13.3.1/../../../../arm-none-eabi/lib/thumb/v7e-m+fp/hard\libc_nano.a(libc_a-strncpy.o)
                0x080102b4                strncpy
 .text.strstr   0x080102da       0x2c C:/ST/STM32CubeIDE_1.19.0/STM32CubeIDE/plugins/com.st.stm32cube.ide.mcu.externaltools.gnu-tools-for-stm32.13.3.rel1.win32_1.0.0.202411081344/tools/bin/../lib/gcc/arm-none-eabi/13.3.1/../../../../arm-none-eabi/lib/thumb/v7e-m+fp/hard\libc_nano.a(libc_a-strstr.o)
                0x080102da                strstr
 *fill*         0x08010306        0x2 
 .text._sbrk_r  0x08010308       0x20 C:/ST/STM32CubeIDE_1.19.0/STM32CubeIDE/plugins/com.st.stm32cube.ide.mcu.externaltools.gnu-tools-for-stm32.13.3.rel1.win32_1.0.0.202411081344/tools/bin/../lib/gcc/arm-none-eabi/13.3.1/../../../../arm-none-eabi/lib/thumb/v7e-m+fp/hard\libc_nano.a(libc_a-sbrkr.o)
                0x08010308                _sbrk_r
 .text.__errno  0x08010328        0xc C:/ST/STM32CubeIDE_1.19.0/STM32CubeIDE/plugins/com.st.stm32cube.ide.mcu.externaltools.gnu-tools-for-stm32.13.3.rel1.win32_1.0.0.202411081344/tools/bin/../lib/gcc/arm-none-eabi/13.3.1/../../../../arm-none-eabi/lib/thumb/v7e-m+fp/hard\libc_nano.a(libc_a-errno.o)
                0x08010328                __errno
 .text.__libc_init_array
                0x08010334       0x48 C:/ST/STM32CubeIDE_1.19.0/STM32CubeIDE/plugins/com.st.stm32cube.ide.mcu.externaltools.gnu-tools-for-stm32.13.3.rel1.win32_1.0.0.202411081344/tools/bin/../lib/gcc/arm-none-eabi/13.3.1/../../../../arm-none-eabi/lib/thumb/v7e-m+fp/hard\libc_nano.a(libc_a-init.o)
                0x08010334                __libc_init_array
 .text.__retarget_lock_acquire_recursive
                0x0801037c        0x2 C:/ST/STM32CubeIDE_1.19.0/STM32CubeIDE/plugins/com.st.stm32cube.ide.mcu.externaltools.gnu-tools-for-stm32.13.3.rel1.win32_1.0.0.202411081344/tools/bin/../lib/gcc/arm-none-eabi/13.3.1/../../../../arm-none-eabi/lib/thumb/v7e-m+fp/hard\libc_nano.a(libc_a-lock.o)
                0x0801037c                __retarget_lock_acquire_recursive
 .text.__retarget_lock_release_recursive
                0x0801037e        0x2 C:/ST/STM32CubeIDE_1.19.0/STM32CubeIDE/plugins/com.st.stm32cube.ide.mcu.externaltools.gnu-tools-for-stm32.13.3.rel1.win32_1.0.0.202411081344/tools/bin/../lib/gcc/arm-none-eabi/13.3.1/../../../../arm-none-eabi/lib/thumb/v7e-m+fp/hard\libc_nano.a(libc_a-lock.o)
                0x0801037e                __retarget_lock_release_recursive
 .text.memcpy   0x08010380       0x1c C:/ST/STM32CubeIDE_1.19.0/STM32CubeIDE/plugins/com.st.stm32cube.ide.mcu.externaltools.gnu-tools-for-stm32.13.3.rel1.win32_1.0.0.202411081344/tools/bin/../lib/gcc/arm-none-eabi/13.3.1/../../../../arm-none-eabi/lib/thumb/v7e-m+fp/hard\libc_nano.a(libc_a-memcpy-stub.o)
                0x08010380                memcpy
 .text._free_r  0x0801039c       0x94 C:/ST/STM32CubeIDE_1.19.0/STM32CubeIDE/plugins/com.st.stm32cube.ide.mcu.externaltools.gnu-tools-for-stm32.13.3.rel1.win32_1.0.0.202411081344/tools/bin/../lib/gcc/arm-none-eabi/13.3.1/../../../../arm-none-eabi/lib/thumb/v7e-m+fp/hard\libc_nano.a(libc_a-freer.o)
                0x0801039c                _free_r
 *(.glue_7)
 .glue_7        0x08010430        0x0 linker stubs
 *(.glue_7t)
 .glue_7t       0x08010430        0x0 linker stubs
 *(.eh_frame)
 .eh_frame      0x08010430        0x0 C:/ST/STM32CubeIDE_1.19.0/STM32CubeIDE/plugins/com.st.stm32cube.ide.mcu.externaltools.gnu-tools-for-stm32.13.3.rel1.win32_1.0.0.202411081344/tools/bin/../lib/gcc/arm-none-eabi/13.3.1/thumb/v7e-m+fp/hard/crtbegin.o
 *(.init)
 .init          0x08010430        0x4 C:/ST/STM32CubeIDE_1.19.0/STM32CubeIDE/plugins/com.st.stm32cube.ide.mcu.externaltools.gnu-tools-for-stm32.13.3.rel1.win32_1.0.0.202411081344/tools/bin/../lib/gcc/arm-none-eabi/13.3.1/thumb/v7e-m+fp/hard/crti.o
                0x08010430                _init
 .init          0x08010434        0x8 C:/ST/STM32CubeIDE_1.19.0/STM32CubeIDE/plugins/com.st.stm32cube.ide.mcu.externaltools.gnu-tools-for-stm32.13.3.rel1.win32_1.0.0.202411081344/tools/bin/../lib/gcc/arm-none-eabi/13.3.1/thumb/v7e-m+fp/hard/crtn.o
 *(.fini)
 .fini          0x0801043c        0x4 C:/ST/STM32CubeIDE_1.19.0/STM32CubeIDE/plugins/com.st.stm32cube.ide.mcu.externaltools.gnu-tools-for-stm32.13.3.rel1.win32_1.0.0.202411081344/tools/bin/../lib/gcc/arm-none-eabi/13.3.1/thumb/v7e-m+fp/hard/crti.o
                0x0801043c                _fini
 .fini          0x08010440        0x8 C:/ST/STM32CubeIDE_1.19.0/STM32CubeIDE/plugins/com.st.stm32cube.ide.mcu.externaltools.gnu-tools-for-stm32.13.3.rel1.win32_1.0.0.202411081344/tools/bin/../lib/gcc/arm-none-eabi/13.3.1/thumb/v7e-m+fp/hard/crtn.o
                0x08010448                        . = ALIGN (0x4)
                0x08010448                        _etext = .

.vfp11_veneer   0x08010448        0x0
 .vfp11_veneer  0x08010448        0x0 linker stubs

.v4_bx          0x08010448        0x0
 .v4_bx         0x08010448        0x0 linker stubs

.iplt           0x08010448        0x0
 .iplt          0x08010448        0x0 C:/ST/STM32CubeIDE_1.19.0/STM32CubeIDE/plugins/com.st.stm32cube.ide.mcu.externaltools.gnu-tools-for-stm32.13.3.rel1.win32_1.0.0.202411081344/tools/bin/../lib/gcc/arm-none-eabi/13.3.1/thumb/v7e-m+fp/hard/crtbegin.o

.rodata         0x08010448      0x528
                0x08010448                        . = ALIGN (0x4)
 *(.rodata)
 .rodata        0x08010448        0x8 ./Core/Src/File_Handling.o
 .rodata        0x08010450        0x4 ./Middlewares/ST/STM32_USB_Host_Library/Class/MSC/Src/usbh_msc.o
 .rodata        0x08010454       0x48 ./Middlewares/Third_Party/FatFs/src/ff.o
 *(.rodata*)
 .rodata.I2SFreq
                0x0801049c       0x20 ./Core/Src/AUDIO.o
                0x0801049c                I2SFreq
 .rodata.I2SPLLN
                0x080104bc       0x20 ./Core/Src/AUDIO.o
                0x080104bc                I2SPLLN
 .rodata.I2SPLLR
                0x080104dc       0x20 ./Core/Src/AUDIO.o
                0x080104dc                I2SPLLR
 .rodata.AHBPrescTable
                0x080104fc       0x10 ./Core/Src/system_stm32f4xx.o
                0x080104fc                AHBPrescTable
 .rodata.APBPrescTable
                0x0801050c        0x8 ./Core/Src/system_stm32f4xx.o
                0x0801050c                APBPrescTable
 .rodata.flagBitshiftOffset.0
                0x08010514        0x8 ./Drivers/STM32F4xx_HAL_Driver/Src/stm32f4xx_hal_dma.o
 .rodata.USBH_Driver
                0x0801051c       0x14 ./FATFS/Target/usbh_diskio.o
                0x0801051c                USBH_Driver
 .rodata.ExCvt  0x08010530       0x80 ./Middlewares/Third_Party/FatFs/src/ff.o
 .rodata.LfnOfs
                0x080105b0        0xd ./Middlewares/Third_Party/FatFs/src/ff.o
 *fill*         0x080105bd        0x3 
 .rodata.Tbl    0x080105c0      0x100 ./Middlewares/Third_Party/FatFs/src/option/ccsbcs.o
 .rodata.cvt1.1
                0x080106c0      0x1f2 ./Middlewares/Third_Party/FatFs/src/option/ccsbcs.o
 *fill*         0x080108b2        0x2 
 .rodata.cvt2.0
                0x080108b4       0xbc ./Middlewares/Third_Party/FatFs/src/option/ccsbcs.o
                0x08010970                        . = ALIGN (0x4)

.ARM.extab      0x08010970        0x0
                0x08010970                        . = ALIGN (0x4)
 *(.ARM.extab* .gnu.linkonce.armextab.*)
                0x08010970                        . = ALIGN (0x4)

.ARM            0x08010970        0x8
                0x08010970                        . = ALIGN (0x4)
                0x08010970                        __exidx_start = .
 *(.ARM.exidx*)
 .ARM.exidx     0x08010970        0x8 C:/ST/STM32CubeIDE_1.19.0/STM32CubeIDE/plugins/com.st.stm32cube.ide.mcu.externaltools.gnu-tools-for-stm32.13.3.rel1.win32_1.0.0.202411081344/tools/bin/../lib/gcc/arm-none-eabi/13.3.1/thumb/v7e-m+fp/hard\libgcc.a(_udivmoddi4.o)
                0x08010978                        __exidx_end = .
                0x08010978                        . = ALIGN (0x4)

.rel.dyn        0x08010978        0x0
 .rel.iplt      0x08010978        0x0 C:/ST/STM32CubeIDE_1.19.0/STM32CubeIDE/plugins/com.st.stm32cube.ide.mcu.externaltools.gnu-tools-for-stm32.13.3.rel1.win32_1.0.0.202411081344/tools/bin/../lib/gcc/arm-none-eabi/13.3.1/thumb/v7e-m+fp/hard/crtbegin.o

.preinit_array  0x08010978        0x0
                0x08010978                        . = ALIGN (0x4)
                0x08010978                        PROVIDE (__preinit_array_start = .)
 *(.preinit_array*)
                0x08010978                        PROVIDE (__preinit_array_end = .)
                0x08010978                        . = ALIGN (0x4)

.init_array     0x08010978        0x4
                0x08010978                        . = ALIGN (0x4)
                0x08010978                        PROVIDE (__init_array_start = .)
 *(SORT_BY_NAME(.init_array.*))
 *(.init_array*)
 .init_array    0x08010978        0x4 C:/ST/STM32CubeIDE_1.19.0/STM32CubeIDE/plugins/com.st.stm32cube.ide.mcu.externaltools.gnu-tools-for-stm32.13.3.rel1.win32_1.0.0.202411081344/tools/bin/../lib/gcc/arm-none-eabi/13.3.1/thumb/v7e-m+fp/hard/crtbegin.o
                0x0801097c                        PROVIDE (__init_array_end = .)
                0x0801097c                        . = ALIGN (0x4)

.fini_array     0x0801097c        0x4
                0x0801097c                        . = ALIGN (0x4)
                [!provide]                        PROVIDE (__fini_array_start = .)
 *(SORT_BY_NAME(.fini_array.*))
 *(.fini_array*)
 .fini_array    0x0801097c        0x4 C:/ST/STM32CubeIDE_1.19.0/STM32CubeIDE/plugins/com.st.stm32cube.ide.mcu.externaltools.gnu-tools-for-stm32.13.3.rel1.win32_1.0.0.202411081344/tools/bin/../lib/gcc/arm-none-eabi/13.3.1/thumb/v7e-m+fp/hard/crtbegin.o
                [!provide]                        PROVIDE (__fini_array_end = .)
                0x08010980                        . = ALIGN (0x4)
                0x08010980                        _sidata = LOADADDR (.data)

.data           0x20000000       0xe8 load address 0x08010980
                0x20000000                        . = ALIGN (0x4)
                0x20000000                        _sdata = .
 *(.data)
 *(.data*)
 .data.I2cxTimeout
                0x20000000        0x4 ./Core/Src/AUDIO_LINK.o
                0x20000000                I2cxTimeout
 .data.cs43l22_drv
                0x20000004       0x30 ./Core/Src/cs43l22.o
                0x20000004                cs43l22_drv
 .data.Is_cs43l22_Stop
                0x20000034        0x1 ./Core/Src/cs43l22.o
 .data.cantidad_wavs
                0x20000035        0x1 ./Core/Src/main.o
                0x20000035                cantidad_wavs
 *fill*         0x20000036        0x2 
 .data.parlantes
                0x20000038       0x30 ./Core/Src/parlantes.o
                0x20000038                parlantes
 .data.SystemCoreClock
                0x20000068        0x4 ./Core/Src/system_stm32f4xx.o
                0x20000068                SystemCoreClock
 .data.uwVolume
                0x2000006c        0x4 ./Core/Src/waveplayer.o
 .data.uwTickPrio
                0x20000070        0x4 ./Drivers/STM32F4xx_HAL_Driver/Src/stm32f4xx_hal.o
                0x20000070                uwTickPrio
 .data.uwTickFreq
                0x20000074        0x1 ./Drivers/STM32F4xx_HAL_Driver/Src/stm32f4xx_hal.o
                0x20000074                uwTickFreq
 *fill*         0x20000075        0x3 
 .data.USBH_msc
                0x20000078       0x20 ./Middlewares/ST/STM32_USB_Host_Library/Class/MSC/Src/usbh_msc.o
                0x20000078                USBH_msc
 .data._impure_ptr
                0x20000098        0x4 C:/ST/STM32CubeIDE_1.19.0/STM32CubeIDE/plugins/com.st.stm32cube.ide.mcu.externaltools.gnu-tools-for-stm32.13.3.rel1.win32_1.0.0.202411081344/tools/bin/../lib/gcc/arm-none-eabi/13.3.1/../../../../arm-none-eabi/lib/thumb/v7e-m+fp/hard\libc_nano.a(libc_a-impure.o)
                0x20000098                _impure_ptr
 .data._impure_data
                0x2000009c       0x4c C:/ST/STM32CubeIDE_1.19.0/STM32CubeIDE/plugins/com.st.stm32cube.ide.mcu.externaltools.gnu-tools-for-stm32.13.3.rel1.win32_1.0.0.202411081344/tools/bin/../lib/gcc/arm-none-eabi/13.3.1/../../../../arm-none-eabi/lib/thumb/v7e-m+fp/hard\libc_nano.a(libc_a-impure.o)
                0x2000009c                _impure_data
 *(.RamFunc)
 *(.RamFunc*)
                0x200000e8                        . = ALIGN (0x4)
                0x200000e8                        _edata = .

.igot.plt       0x200000e8        0x0 load address 0x08010a68
 .igot.plt      0x200000e8        0x0 C:/ST/STM32CubeIDE_1.19.0/STM32CubeIDE/plugins/com.st.stm32cube.ide.mcu.externaltools.gnu-tools-for-stm32.13.3.rel1.win32_1.0.0.202411081344/tools/bin/../lib/gcc/arm-none-eabi/13.3.1/thumb/v7e-m+fp/hard/crtbegin.o
                0x200000e8                        . = ALIGN (0x4)

.bss            0x200000e8     0x25bc load address 0x08010a68
                0x200000e8                        _sbss = .
                0x200000e8                        __bss_start__ = _sbss
 *(.bss)
 .bss           0x200000e8       0x1c C:/ST/STM32CubeIDE_1.19.0/STM32CubeIDE/plugins/com.st.stm32cube.ide.mcu.externaltools.gnu-tools-for-stm32.13.3.rel1.win32_1.0.0.202411081344/tools/bin/../lib/gcc/arm-none-eabi/13.3.1/thumb/v7e-m+fp/hard/crtbegin.o
 *(.bss*)
 .bss.pAudioDrv
                0x20000104        0x4 ./Core/Src/AUDIO.o
 .bss.hAudioOutI2s
                0x20000108       0x48 ./Core/Src/AUDIO.o
                0x20000108                hAudioOutI2s
 .bss.hdma_i2sTx.0
                0x20000150       0x60 ./Core/Src/AUDIO.o
 .bss.I2cHandle
                0x200001b0       0x54 ./Core/Src/AUDIO_LINK.o
 .bss.fresult   0x20000204        0x1 ./Core/Src/File_Handling.o
                0x20000204                fresult
 *fill*         0x20000205        0x1 
 .bss.NumObs    0x20000206        0x2 ./Core/Src/File_Handling.o
                0x20000206                NumObs
 .bss.OutputDev
                0x20000208        0x1 ./Core/Src/cs43l22.o
                0x20000208                OutputDev
 *fill*         0x20000209        0x3 
 .bss.hi2s3     0x2000020c       0x48 ./Core/Src/i2s.o
                0x2000020c                hi2s3
 .bss.hdma_spi3_tx
                0x20000254       0x60 ./Core/Src/i2s.o
                0x20000254                hdma_spi3_tx
 .bss.uart_rx_byte
                0x200002b4        0x1 ./Core/Src/main.o
                0x200002b4                uart_rx_byte
 .bss.uart_cmd_received
                0x200002b5        0x1 ./Core/Src/main.o
                0x200002b5                uart_cmd_received
 .bss.next_song
                0x200002b6        0x1 ./Core/Src/main.o
                0x200002b6                next_song
 .bss.prev_song
                0x200002b7        0x1 ./Core/Src/main.o
                0x200002b7                prev_song
 .bss.next_speaker
                0x200002b8        0x1 ./Core/Src/main.o
                0x200002b8                next_speaker
 .bss.prev_speaker
                0x200002b9        0x1 ./Core/Src/main.o
                0x200002b9                prev_speaker
 .bss.idx       0x200002ba        0x1 ./Core/Src/main.o
                0x200002ba                idx
 .bss.idS       0x200002bb        0x1 ./Core/Src/main.o
                0x200002bb                idS
 .bss.__sbrk_heap_end
                0x200002bc        0x4 ./Core/Src/sysmem.o
 .bss.huart1    0x200002c0       0x44 ./Core/Src/usart.o
                0x200002c0                huart1
 .bss.hdma_usart1_rx
                0x20000304       0x60 ./Core/Src/usart.o
                0x20000304                hdma_usart1_rx
 .bss.hdma_usart1_tx
                0x20000364       0x60 ./Core/Src/usart.o
                0x20000364                hdma_usart1_tx
 .bss.BufferCtl
                0x200003c4     0x1008 ./Core/Src/waveplayer.o
 .bss.AudioState
                0x200013cc        0x1 ./Core/Src/waveplayer.o
                0x200013cc                AudioState
 *fill*         0x200013cd        0x1 
 .bss.FilePos   0x200013ce        0x2 ./Core/Src/waveplayer.o
 .bss.FileList  0x200013d0      0x3da ./Core/Src/waveplayer.o
                0x200013d0                FileList
 *fill*         0x200017aa        0x2 
 .bss.WaveFormat
                0x200017ac       0x2c ./Core/Src/waveplayer.o
                0x200017ac                WaveFormat
 .bss.WavFile   0x200017d8      0x230 ./Core/Src/waveplayer.o
                0x200017d8                WavFile
 .bss.uwTick    0x20001a08        0x4 ./Drivers/STM32F4xx_HAL_Driver/Src/stm32f4xx_hal.o
                0x20001a08                uwTick
 .bss.retUSBH   0x20001a0c        0x1 ./FATFS/App/fatfs.o
                0x20001a0c                retUSBH
 *fill*         0x20001a0d        0x3 
 .bss.USBHPath  0x20001a10        0x4 ./FATFS/App/fatfs.o
                0x20001a10                USBHPath
 .bss.USBHFatFS
                0x20001a14      0x234 ./FATFS/App/fatfs.o
                0x20001a14                USBHFatFS
 .bss.FatFs     0x20001c48        0x4 ./Middlewares/Third_Party/FatFs/src/ff.o
 .bss.Fsid      0x20001c4c        0x2 ./Middlewares/Third_Party/FatFs/src/ff.o
 *fill*         0x20001c4e        0x2 
 .bss.Files     0x20001c50       0x20 ./Middlewares/Third_Party/FatFs/src/ff.o
 .bss.LfnBuf    0x20001c70      0x200 ./Middlewares/Third_Party/FatFs/src/ff.o
 .bss.disk      0x20001e70        0xc ./Middlewares/Third_Party/FatFs/src/ff_gen_drv.o
                0x20001e70                disk
 .bss.hUsbHostFS
                0x20001e7c      0x3d8 ./USB_HOST/App/usb_host.o
                0x20001e7c                hUsbHostFS
 .bss.Appli_state
                0x20002254        0x1 ./USB_HOST/App/usb_host.o
                0x20002254                Appli_state
 *fill*         0x20002255        0x3 
 .bss.hhcd_USB_OTG_FS
                0x20002258      0x304 ./USB_HOST/Target/usbh_conf.o
                0x20002258                hhcd_USB_OTG_FS
 .bss.__malloc_sbrk_start
                0x2000255c        0x4 C:/ST/STM32CubeIDE_1.19.0/STM32CubeIDE/plugins/com.st.stm32cube.ide.mcu.externaltools.gnu-tools-for-stm32.13.3.rel1.win32_1.0.0.202411081344/tools/bin/../lib/gcc/arm-none-eabi/13.3.1/../../../../arm-none-eabi/lib/thumb/v7e-m+fp/hard\libc_nano.a(libc_a-mallocr.o)
                0x2000255c                __malloc_sbrk_start
 .bss.__malloc_free_list
                0x20002560        0x4 C:/ST/STM32CubeIDE_1.19.0/STM32CubeIDE/plugins/com.st.stm32cube.ide.mcu.externaltools.gnu-tools-for-stm32.13.3.rel1.win32_1.0.0.202411081344/tools/bin/../lib/gcc/arm-none-eabi/13.3.1/../../../../arm-none-eabi/lib/thumb/v7e-m+fp/hard\libc_nano.a(libc_a-mallocr.o)
                0x20002560                __malloc_free_list
 .bss.__sf      0x20002564      0x138 C:/ST/STM32CubeIDE_1.19.0/STM32CubeIDE/plugins/com.st.stm32cube.ide.mcu.externaltools.gnu-tools-for-stm32.13.3.rel1.win32_1.0.0.202411081344/tools/bin/../lib/gcc/arm-none-eabi/13.3.1/../../../../arm-none-eabi/lib/thumb/v7e-m+fp/hard\libc_nano.a(libc_a-findfp.o)
                0x20002564                __sf
 .bss.errno     0x2000269c        0x4 C:/ST/STM32CubeIDE_1.19.0/STM32CubeIDE/plugins/com.st.stm32cube.ide.mcu.externaltools.gnu-tools-for-stm32.13.3.rel1.win32_1.0.0.202411081344/tools/bin/../lib/gcc/arm-none-eabi/13.3.1/../../../../arm-none-eabi/lib/thumb/v7e-m+fp/hard\libc_nano.a(libc_a-reent.o)
                0x2000269c                errno
 .bss.__lock___malloc_recursive_mutex
                0x200026a0        0x1 C:/ST/STM32CubeIDE_1.19.0/STM32CubeIDE/plugins/com.st.stm32cube.ide.mcu.externaltools.gnu-tools-for-stm32.13.3.rel1.win32_1.0.0.202411081344/tools/bin/../lib/gcc/arm-none-eabi/13.3.1/../../../../arm-none-eabi/lib/thumb/v7e-m+fp/hard\libc_nano.a(libc_a-lock.o)
                0x200026a0                __lock___malloc_recursive_mutex
 *(COMMON)
                0x200026a4                        . = ALIGN (0x4)
 *fill*         0x200026a1        0x3 
                0x200026a4                        _ebss = .
                0x200026a4                        __bss_end__ = _ebss

._user_heap_stack
                0x200026a4      0x604 load address 0x08010a68
                0x200026a8                        . = ALIGN (0x8)
 *fill*         0x200026a4        0x4 
                [!provide]                        PROVIDE (end = .)
                0x200026a8                        PROVIDE (_end = .)
                0x200028a8                        . = (. + _Min_Heap_Size)
 *fill*         0x200026a8      0x200 
                0x20002ca8                        . = (. + _Min_Stack_Size)
 *fill*         0x200028a8      0x400 
                0x20002ca8                        . = ALIGN (0x8)

/DISCARD/
 libc.a(*)
 libm.a(*)
 libgcc.a(*)

.ARM.attributes
                0x00000000       0x30
 *(.ARM.attributes)
 .ARM.attributes
                0x00000000       0x22 C:/ST/STM32CubeIDE_1.19.0/STM32CubeIDE/plugins/com.st.stm32cube.ide.mcu.externaltools.gnu-tools-for-stm32.13.3.rel1.win32_1.0.0.202411081344/tools/bin/../lib/gcc/arm-none-eabi/13.3.1/thumb/v7e-m+fp/hard/crti.o
 .ARM.attributes
                0x00000022       0x34 C:/ST/STM32CubeIDE_1.19.0/STM32CubeIDE/plugins/com.st.stm32cube.ide.mcu.externaltools.gnu-tools-for-stm32.13.3.rel1.win32_1.0.0.202411081344/tools/bin/../lib/gcc/arm-none-eabi/13.3.1/thumb/v7e-m+fp/hard/crtbegin.o
 .ARM.attributes
                0x00000056       0x34 ./Core/Src/AUDIO.o
 .ARM.attributes
                0x0000008a       0x34 ./Core/Src/AUDIO_LINK.o
 .ARM.attributes
                0x000000be       0x34 ./Core/Src/File_Handling.o
 .ARM.attributes
                0x000000f2       0x34 ./Core/Src/cs43l22.o
 .ARM.attributes
                0x00000126       0x34 ./Core/Src/dma.o
 .ARM.attributes
                0x0000015a       0x34 ./Core/Src/gpio.o
 .ARM.attributes
                0x0000018e       0x34 ./Core/Src/i2c.o
 .ARM.attributes
                0x000001c2       0x34 ./Core/Src/i2s.o
 .ARM.attributes
                0x000001f6       0x34 ./Core/Src/main.o
 .ARM.attributes
                0x0000022a       0x34 ./Core/Src/parlantes.o
 .ARM.attributes
                0x0000025e       0x34 ./Core/Src/stm32f4xx_hal_msp.o
 .ARM.attributes
                0x00000292       0x34 ./Core/Src/stm32f4xx_it.o
 .ARM.attributes
                0x000002c6       0x34 ./Core/Src/sysmem.o
 .ARM.attributes
                0x000002fa       0x34 ./Core/Src/system_stm32f4xx.o
 .ARM.attributes
                0x0000032e       0x34 ./Core/Src/usart.o
 .ARM.attributes
                0x00000362       0x34 ./Core/Src/waveplayer.o
 .ARM.attributes
                0x00000396       0x21 ./Core/Startup/startup_stm32f411vetx.o
 .ARM.attributes
                0x000003b7       0x34 ./Drivers/STM32F4xx_HAL_Driver/Src/stm32f4xx_hal.o
 .ARM.attributes
                0x000003eb       0x34 ./Drivers/STM32F4xx_HAL_Driver/Src/stm32f4xx_hal_cortex.o
 .ARM.attributes
                0x0000041f       0x34 ./Drivers/STM32F4xx_HAL_Driver/Src/stm32f4xx_hal_dma.o
 .ARM.attributes
                0x00000453       0x34 ./Drivers/STM32F4xx_HAL_Driver/Src/stm32f4xx_hal_gpio.o
 .ARM.attributes
                0x00000487       0x34 ./Drivers/STM32F4xx_HAL_Driver/Src/stm32f4xx_hal_hcd.o
 .ARM.attributes
                0x000004bb       0x34 ./Drivers/STM32F4xx_HAL_Driver/Src/stm32f4xx_hal_i2c.o
 .ARM.attributes
                0x000004ef       0x34 ./Drivers/STM32F4xx_HAL_Driver/Src/stm32f4xx_hal_i2s.o
 .ARM.attributes
                0x00000523       0x34 ./Drivers/STM32F4xx_HAL_Driver/Src/stm32f4xx_hal_i2s_ex.o
 .ARM.attributes
                0x00000557       0x34 ./Drivers/STM32F4xx_HAL_Driver/Src/stm32f4xx_hal_rcc.o
 .ARM.attributes
                0x0000058b       0x34 ./Drivers/STM32F4xx_HAL_Driver/Src/stm32f4xx_hal_rcc_ex.o
 .ARM.attributes
                0x000005bf       0x34 ./Drivers/STM32F4xx_HAL_Driver/Src/stm32f4xx_hal_uart.o
 .ARM.attributes
                0x000005f3       0x34 ./Drivers/STM32F4xx_HAL_Driver/Src/stm32f4xx_ll_usb.o
 .ARM.attributes
                0x00000627       0x34 ./FATFS/App/fatfs.o
 .ARM.attributes
                0x0000065b       0x34 ./FATFS/Target/usbh_diskio.o
 .ARM.attributes
                0x0000068f       0x34 ./Middlewares/ST/STM32_USB_Host_Library/Class/MSC/Src/usbh_msc.o
 .ARM.attributes
                0x000006c3       0x34 ./Middlewares/ST/STM32_USB_Host_Library/Class/MSC/Src/usbh_msc_bot.o
 .ARM.attributes
                0x000006f7       0x34 ./Middlewares/ST/STM32_USB_Host_Library/Class/MSC/Src/usbh_msc_scsi.o
 .ARM.attributes
                0x0000072b       0x34 ./Middlewares/ST/STM32_USB_Host_Library/Core/Src/usbh_core.o
 .ARM.attributes
                0x0000075f       0x34 ./Middlewares/ST/STM32_USB_Host_Library/Core/Src/usbh_ctlreq.o
 .ARM.attributes
                0x00000793       0x34 ./Middlewares/ST/STM32_USB_Host_Library/Core/Src/usbh_ioreq.o
 .ARM.attributes
                0x000007c7       0x34 ./Middlewares/ST/STM32_USB_Host_Library/Core/Src/usbh_pipes.o
 .ARM.attributes
                0x000007fb       0x34 ./Middlewares/Third_Party/FatFs/src/diskio.o
 .ARM.attributes
                0x0000082f       0x34 ./Middlewares/Third_Party/FatFs/src/ff.o
 .ARM.attributes
                0x00000863       0x34 ./Middlewares/Third_Party/FatFs/src/ff_gen_drv.o
 .ARM.attributes
                0x00000897       0x34 ./Middlewares/Third_Party/FatFs/src/option/ccsbcs.o
 .ARM.attributes
                0x000008cb       0x34 ./USB_HOST/App/usb_host.o
 .ARM.attributes
                0x000008ff       0x34 ./USB_HOST/Target/usbh_conf.o
 .ARM.attributes
                0x00000933       0x34 ./USB_HOST/Target/usbh_platform.o
 .ARM.attributes