../Core/Src/main.c:168:6:SystemClock_Config	88	static,ignoring_inline_asm
../Core/Src/main.c:224:6:manejar_uart	0	static
../Core/Src/main.c:243:6:manejar_cambio_cancion	8	static
../Core/Src/main.c:267:6:manejar_cambio_parlante	8	static
../Core/Src/main.c:210:6:MainLoop	16	static
../Core/Src/main.c:95:5:main	8	static
../Core/Src/main.c:293:6:HAL_UART_RxCpltCallback	0	static
../Core/Src/main.c:304:6:HAL_GPIO_EXTI_Callback	0	static
../Core/Src/main.c:333:6:Error_Handler	0	static,ignoring_inline_asm
