../Core/Src/ssd1306_oled.c:167:6:SSD1306_ToggleInvert	0	static
../Core/Src/ssd1306_oled.c:177:6:SSD1306_Fill	0	static
../Core/Src/ssd1306_oled.c:182:6:SSD1306_DrawPixel	12	static
../Core/Src/ssd1306_oled.c:86:6:SSD1306_DrawBitmap	64	static
../Core/Src/ssd1306_oled.c:199:6:SSD1306_GotoXY	0	static
../Core/Src/ssd1306_oled.c:205:6:SSD1306_Putc	56	static
../Core/Src/ssd1306_oled.c:226:6:SSD1306_Puts	16	static
../Core/Src/ssd1306_oled.c:238:6:SSD1306_DrawLine	56	static
../Core/Src/ssd1306_oled.c:312:6:SSD1306_DrawRectangle	40	static
../Core/Src/ssd1306_oled.c:329:6:SSD1306_DrawFilledRectangle	40	static
../Core/Src/ssd1306_oled.c:345:6:SSD1306_DrawTriangle	40	static
../Core/Src/ssd1306_oled.c:352:6:SSD1306_DrawFilledTriangle	80	static
../Core/Src/ssd1306_oled.c:409:6:SSD1306_DrawCircle	56	static
../Core/Src/ssd1306_oled.c:444:6:SSD1306_DrawFilledCircle	64	static
../Core/Src/ssd1306_oled.c:495:6:SSD1306_I2C_Init	0	static
../Core/Src/ssd1306_oled.c:502:6:SSD1306_I2C_WriteMulti	280	static
../Core/Src/ssd1306_oled.c:513:6:SSD1306_I2C_Write	24	static
../Core/Src/ssd1306_oled.c:23:6:SSD1306_ScrollRight	16	static
../Core/Src/ssd1306_oled.c:35:6:SSD1306_ScrollLeft	16	static
../Core/Src/ssd1306_oled.c:47:6:SSD1306_Scrolldiagright	16	static
../Core/Src/ssd1306_oled.c:61:6:SSD1306_Scrolldiagleft	16	static
../Core/Src/ssd1306_oled.c:75:6:SSD1306_Stopscroll	0	static
../Core/Src/ssd1306_oled.c:80:6:SSD1306_InvertDisplay	0	static
../Core/Src/ssd1306_oled.c:155:6:SSD1306_UpdateScreen	16	static
../Core/Src/ssd1306_oled.c:475:6:SSD1306_Clear	8	static
../Core/Src/ssd1306_oled.c:107:9:SSD1306_Init	8	static
../Core/Src/ssd1306_oled.c:481:6:SSD1306_ON	8	static
../Core/Src/ssd1306_oled.c:488:6:SSD1306_OFF	8	static
