Archive member included to satisfy reference by file (symbol)

C:/ST/STM32CubeIDE_1.13.1/STM32CubeIDE/plugins/com.st.stm32cube.ide.mcu.externaltools.gnu-tools-for-stm32.11.3.rel1.win32_1.1.0.202305231506/tools/bin/../lib/gcc/arm-none-eabi/11.3.1/../../../../arm-none-eabi/lib/thumb/v7e-m+fp/hard\libc_nano.a(libc_a-exit.o)
                              C:/ST/STM32CubeIDE_1.13.1/STM32CubeIDE/plugins/com.st.stm32cube.ide.mcu.externaltools.gnu-tools-for-stm32.11.3.rel1.win32_1.1.0.202305231506/tools/bin/../lib/gcc/arm-none-eabi/11.3.1/../../../../arm-none-eabi/lib/thumb/v7e-m+fp/hard/crt0.o (exit)
C:/ST/STM32CubeIDE_1.13.1/STM32CubeIDE/plugins/com.st.stm32cube.ide.mcu.externaltools.gnu-tools-for-stm32.11.3.rel1.win32_1.1.0.202305231506/tools/bin/../lib/gcc/arm-none-eabi/11.3.1/../../../../arm-none-eabi/lib/thumb/v7e-m+fp/hard\libc_nano.a(libc_a-malloc.o)
                              ./Middlewares/ST/STM32_USB_Host_Library/Class/MSC/Src/usbh_msc.o (malloc)
C:/ST/STM32CubeIDE_1.13.1/STM32CubeIDE/plugins/com.st.stm32cube.ide.mcu.externaltools.gnu-tools-for-stm32.11.3.rel1.win32_1.1.0.202305231506/tools/bin/../lib/gcc/arm-none-eabi/11.3.1/../../../../arm-none-eabi/lib/thumb/v7e-m+fp/hard\libc_nano.a(libc_a-mallocr.o)
                              C:/ST/STM32CubeIDE_1.13.1/STM32CubeIDE/plugins/com.st.stm32cube.ide.mcu.externaltools.gnu-tools-for-stm32.11.3.rel1.win32_1.1.0.202305231506/tools/bin/../lib/gcc/arm-none-eabi/11.3.1/../../../../arm-none-eabi/lib/thumb/v7e-m+fp/hard\libc_nano.a(libc_a-malloc.o) (_malloc_r)
C:/ST/STM32CubeIDE_1.13.1/STM32CubeIDE/plugins/com.st.stm32cube.ide.mcu.externaltools.gnu-tools-for-stm32.11.3.rel1.win32_1.1.0.202305231506/tools/bin/../lib/gcc/arm-none-eabi/11.3.1/../../../../arm-none-eabi/lib/thumb/v7e-m+fp/hard\libc_nano.a(libc_a-mlock.o)
                              C:/ST/STM32CubeIDE_1.13.1/STM32CubeIDE/plugins/com.st.stm32cube.ide.mcu.externaltools.gnu-tools-for-stm32.11.3.rel1.win32_1.1.0.202305231506/tools/bin/../lib/gcc/arm-none-eabi/11.3.1/../../../../arm-none-eabi/lib/thumb/v7e-m+fp/hard\libc_nano.a(libc_a-mallocr.o) (__malloc_lock)
C:/ST/STM32CubeIDE_1.13.1/STM32CubeIDE/plugins/com.st.stm32cube.ide.mcu.externaltools.gnu-tools-for-stm32.11.3.rel1.win32_1.1.0.202305231506/tools/bin/../lib/gcc/arm-none-eabi/11.3.1/../../../../arm-none-eabi/lib/thumb/v7e-m+fp/hard\libc_nano.a(libc_a-findfp.o)
                              C:/ST/STM32CubeIDE_1.13.1/STM32CubeIDE/plugins/com.st.stm32cube.ide.mcu.externaltools.gnu-tools-for-stm32.11.3.rel1.win32_1.1.0.202305231506/tools/bin/../lib/gcc/arm-none-eabi/11.3.1/../../../../arm-none-eabi/lib/thumb/v7e-m+fp/hard\libc_nano.a(libc_a-exit.o) (__stdio_exit_handler)
C:/ST/STM32CubeIDE_1.13.1/STM32CubeIDE/plugins/com.st.stm32cube.ide.mcu.externaltools.gnu-tools-for-stm32.11.3.rel1.win32_1.1.0.202305231506/tools/bin/../lib/gcc/arm-none-eabi/11.3.1/../../../../arm-none-eabi/lib/thumb/v7e-m+fp/hard\libc_nano.a(libc_a-fwalk.o)
                              C:/ST/STM32CubeIDE_1.13.1/STM32CubeIDE/plugins/com.st.stm32cube.ide.mcu.externaltools.gnu-tools-for-stm32.11.3.rel1.win32_1.1.0.202305231506/tools/bin/../lib/gcc/arm-none-eabi/11.3.1/../../../../arm-none-eabi/lib/thumb/v7e-m+fp/hard\libc_nano.a(libc_a-findfp.o) (_fwalk_sglue)
C:/ST/STM32CubeIDE_1.13.1/STM32CubeIDE/plugins/com.st.stm32cube.ide.mcu.externaltools.gnu-tools-for-stm32.11.3.rel1.win32_1.1.0.202305231506/tools/bin/../lib/gcc/arm-none-eabi/11.3.1/../../../../arm-none-eabi/lib/thumb/v7e-m+fp/hard\libc_nano.a(libc_a-stdio.o)
                              C:/ST/STM32CubeIDE_1.13.1/STM32CubeIDE/plugins/com.st.stm32cube.ide.mcu.externaltools.gnu-tools-for-stm32.11.3.rel1.win32_1.1.0.202305231506/tools/bin/../lib/gcc/arm-none-eabi/11.3.1/../../../../arm-none-eabi/lib/thumb/v7e-m+fp/hard\libc_nano.a(libc_a-findfp.o) (__sread)
C:/ST/STM32CubeIDE_1.13.1/STM32CubeIDE/plugins/com.st.stm32cube.ide.mcu.externaltools.gnu-tools-for-stm32.11.3.rel1.win32_1.1.0.202305231506/tools/bin/../lib/gcc/arm-none-eabi/11.3.1/../../../../arm-none-eabi/lib/thumb/v7e-m+fp/hard\libc_nano.a(libc_a-memset.o)
                              C:/ST/STM32CubeIDE_1.13.1/STM32CubeIDE/plugins/com.st.stm32cube.ide.mcu.externaltools.gnu-tools-for-stm32.11.3.rel1.win32_1.1.0.202305231506/tools/bin/../lib/gcc/arm-none-eabi/11.3.1/../../../../arm-none-eabi/lib/thumb/v7e-m+fp/hard/crt0.o (memset)
C:/ST/STM32CubeIDE_1.13.1/STM32CubeIDE/plugins/com.st.stm32cube.ide.mcu.externaltools.gnu-tools-for-stm32.11.3.rel1.win32_1.1.0.202305231506/tools/bin/../lib/gcc/arm-none-eabi/11.3.1/../../../../arm-none-eabi/lib/thumb/v7e-m+fp/hard\libc_nano.a(libc_a-strncpy.o)
                              ./Core/Src/File_Handling.o (strncpy)
C:/ST/STM32CubeIDE_1.13.1/STM32CubeIDE/plugins/com.st.stm32cube.ide.mcu.externaltools.gnu-tools-for-stm32.11.3.rel1.win32_1.1.0.202305231506/tools/bin/../lib/gcc/arm-none-eabi/11.3.1/../../../../arm-none-eabi/lib/thumb/v7e-m+fp/hard\libc_nano.a(libc_a-strstr.o)
[...]
Memory Configuration

Name             Origin             Length             Attributes
RAM              0x0000000020000000 0x0000000000020000 xrw
FLASH            0x0000000008000000 0x0000000000080000 xr
*default*        0x0000000000000000 0xffffffffffffffff

Linker script and memory map

LOAD C:/ST/STM32CubeIDE_1.13.1/STM32CubeIDE/plugins/com.st.stm32cube.ide.mcu.externaltools.gnu-tools-for-stm32.11.3.rel1.win32_1.1.0.202305231506/tools/bin/../lib/gcc/arm-none-eabi/11.3.1/thumb/v7e-m+fp/hard/crti.o
LOAD C:/ST/STM32CubeIDE_1.13.1/STM32CubeIDE/plugins/com.st.stm32cube.ide.mcu.externaltools.gnu-tools-for-stm32.11.3.rel1.win32_1.1.0.202305231506/tools/bin/../lib/gcc/arm-none-eabi/11.3.1/thumb/v7e-m+fp/hard/crtbegin.o
LOAD C:/ST/STM32CubeIDE_1.13.1/STM32CubeIDE/plugins/com.st.stm32cube.ide.mcu.externaltools.gnu-tools-for-stm32.11.3.rel1.win32_1.1.0.202305231506/tools/bin/../lib/gcc/arm-none-eabi/11.3.1/../../../../arm-none-eabi/lib/thumb/v7e-m+fp/hard/crt0.o
LOAD ./Core/Src/AUDIO.o
LOAD ./Core/Src/AUDIO_LINK.o
LOAD ./Core/Src/File_Handling.o
LOAD ./Core/Src/cs43l22.o
LOAD ./Core/Src/display.o
LOAD ./Core/Src/dma.o
LOAD ./Core/Src/fonts.o
LOAD ./Core/Src/gpio.o
LOAD ./Core/Src/i2c.o
LOAD ./Core/Src/i2s.o
LOAD ./Core/Src/main.o
LOAD ./Core/Src/parlantes.o
LOAD ./Core/Src/ssd1306_oled.o
LOAD ./Core/Src/stm32f4xx_hal_msp.o
LOAD ./Core/Src/stm32f4xx_it.o
LOAD ./Core/Src/syscalls.o
LOAD ./Core/Src/sysmem.o
LOAD ./Core/Src/system_stm32f4xx.o
LOAD ./Core/Src/usart.o
LOAD ./Core/Src/waveplayer.o
LOAD ./Core/Startup/startup_stm32f411vetx.o
LOAD ./Drivers/STM32F4xx_HAL_Driver/Src/stm32f4xx_hal.o
LOAD ./Drivers/STM32F4xx_HAL_Driver/Src/stm32f4xx_hal_cortex.o
LOAD ./Drivers/STM32F4xx_HAL_Driver/Src/stm32f4xx_hal_dma.o
LOAD ./Drivers/STM32F4xx_HAL_Driver/Src/stm32f4xx_hal_dma_ex.o
LOAD ./Drivers/STM32F4xx_HAL_Driver/Src/stm32f4xx_hal_exti.o
LOAD ./Drivers/STM32F4xx_HAL_Driver/Src/stm32f4xx_hal_flash.o
LOAD ./Drivers/STM32F4xx_HAL_Driver/Src/stm32f4xx_hal_flash_ex.o
LOAD ./Drivers/STM32F4xx_HAL_Driver/Src/stm32f4xx_hal_flash_ramfunc.o
LOAD ./Drivers/STM32F4xx_HAL_Driver/Src/stm32f4xx_hal_gpio.o
LOAD ./Drivers/STM32F4xx_HAL_Driver/Src/stm32f4xx_hal_hcd.o
LOAD ./Drivers/STM32F4xx_HAL_Driver/Src/stm32f4xx_hal_i2c.o
LOAD ./Drivers/STM32F4xx_HAL_Driver/Src/stm32f4xx_hal_i2c_ex.o
LOAD ./Drivers/STM32F4xx_HAL_Driver/Src/stm32f4xx_hal_i2s.o
LOAD ./Drivers/STM32F4xx_HAL_Driver/Src/stm32f4xx_hal_i2s_ex.o
LOAD ./Drivers/STM32F4xx_HAL_Driver/Src/stm32f4xx_hal_pwr.o
LOAD ./Drivers/STM32F4xx_HAL_Driver/Src/stm32f4xx_hal_pwr_ex.o
LOAD ./Drivers/STM32F4xx_HAL_Driver/Src/stm32f4xx_hal_rcc.o
LOAD ./Drivers/STM32F4xx_HAL_Driver/Src/stm32f4xx_hal_rcc_ex.o
LOAD ./Drivers/STM32F4xx_HAL_Driver/Src/stm32f4xx_hal_tim.o
LOAD ./Drivers/STM32F4xx_HAL_Driver/Src/stm32f4xx_hal_tim_ex.o
LOAD ./Drivers/STM32F4xx_HAL_Driver/Src/stm32f4xx_hal_uart.o
LOAD ./Drivers/STM32F4xx_HAL_Driver/Src/stm32f4xx_ll_usb.o
LOAD ./FATFS/App/fatfs.o
LOAD ./FATFS/Target/usbh_diskio.o
LOAD ./Middlewares/ST/STM32_USB_Host_Library/Class/MSC/Src/usbh_msc.o
LOAD ./Middlewares/ST/STM32_USB_Host_Library/Class/MSC/Src/usbh_msc_bot.o
LOAD ./Middlewares/ST/STM32_USB_Host_Library/Class/MSC/Src/usbh_msc_scsi.o
LOAD ./Middlewares/ST/STM32_USB_Host_Library/Core/Src/usbh_core.o
LOAD ./Middlewares/ST/STM32_USB_Host_Library/Core/Src/usbh_ctlreq.o
LOAD ./Middlewares/ST/STM32_USB_Host_Library/Core/Src/usbh_ioreq.o
LOAD ./Middlewares/ST/STM32_USB_Host_Library/Core/Src/usbh_pipes.o
LOAD ./Middlewares/Third_Party/FatFs/src/diskio.o
LOAD ./Middlewares/Third_Party/FatFs/src/ff.o
LOAD ./Middlewares/Third_Party/FatFs/src/ff_gen_drv.o
LOAD ./Middlewares/Third_Party/FatFs/src/option/ccsbcs.o
LOAD ./Middlewares/Third_Party/FatFs/src/option/syscall.o
LOAD ./USB_HOST/App/usb_host.o
LOAD ./USB_HOST/Target/usbh_conf.o
LOAD ./USB_HOST/Target/usbh_platform.o
START GROUP
LOAD C:/ST/STM32CubeIDE_1.13.1/STM32CubeIDE/plugins/com.st.stm32cube.ide.mcu.externaltools.gnu-tools-for-stm32.11.3.rel1.win32_1.1.0.202305231506/tools/bin/../lib/gcc/arm-none-eabi/11.3.1/../../../../arm-none-eabi/lib/thumb/v7e-m+fp/hard\libc_nano.a
LOAD C:/ST/STM32CubeIDE_1.13.1/STM32CubeIDE/plugins/com.st.stm32cube.ide.mcu.externaltools.gnu-tools-for-stm32.11.3.rel1.win32_1.1.0.202305231506/tools/bin/../lib/gcc/arm-none-eabi/11.3.1/../../../../arm-none-eabi/lib/thumb/v7e-m+fp/hard\libm.a
END GROUP
START GROUP
LOAD C:/ST/STM32CubeIDE_1.13.1/STM32CubeIDE/plugins/com.st.stm32cube.ide.mcu.externaltools.gnu-tools-for-stm32.11.3.rel1.win32_1.1.0.202305231506/tools/bin/../lib/gcc/arm-none-eabi/11.3.1/thumb/v7e-m+fp/hard\libgcc.a
LOAD C:/ST/STM32CubeIDE_1.13.1/STM32CubeIDE/plugins/com.st.stm32cube.ide.mcu.externaltools.gnu-tools-for-stm32.11.3.rel1.win32_1.1.0.202305231506/tools/bin/../lib/gcc/arm-none-eabi/11.3.1/../../../../arm-none-eabi/lib/thumb/v7e-m+fp/hard\libc_nano.a
END GROUP
START GROUP
LOAD C:/ST/STM32CubeIDE_1.13.1/STM32CubeIDE/plugins/com.st.stm32cube.ide.mcu.externaltools.gnu-tools-for-stm32.11.3.rel1.win32_1.1.0.202305231506/tools/bin/../lib/gcc/arm-none-eabi/11.3.1/thumb/v7e-m+fp/hard\libgcc.a
LOAD C:/ST/STM32CubeIDE_1.13.1/STM32CubeIDE/plugins/com.st.stm32cube.ide.mcu.externaltools.gnu-tools-for-stm32.11.3.rel1.win32_1.1.0.202305231506/tools/bin/../lib/gcc/arm-none-eabi/11.3.1/../../../../arm-none-eabi/lib/thumb/v7e-m+fp/hard\libc_nano.a
LOAD C:/ST/STM32CubeIDE_1.13.1/STM32CubeIDE/plugins/com.st.stm32cube.ide.mcu.externaltools.gnu-tools-for-stm32.11.3.rel1.win32_1.1.0.202305231506/tools/bin/../lib/gcc/arm-none-eabi/11.3.1/../../../../arm-none-eabi/lib/thumb/v7e-m+fp/hard\libnosys.a
END GROUP
START GROUP
LOAD C:/ST/STM32CubeIDE_1.13.1/STM32CubeIDE/plugins/com.st.stm32cube.ide.mcu.externaltools.gnu-tools-for-stm32.11.3.rel1.win32_1.1.0.202305231506/tools/bin/../lib/gcc/arm-none-eabi/11.3.1/thumb/v7e-m+fp/hard\libgcc.a
LOAD C:/ST/STM32CubeIDE_1.13.1/STM32CubeIDE/plugins/com.st.stm32cube.ide.mcu.externaltools.gnu-tools-for-stm32.11.3.rel1.win32_1.1.0.202305231506/tools/bin/../lib/gcc/arm-none-eabi/11.3.1/../../../../arm-none-eabi/lib/thumb/v7e-m+fp/hard\libc_nano.a
LOAD C:/ST/STM32CubeIDE_1.13.1/STM32CubeIDE/plugins/com.st.stm32cube.ide.mcu.externaltools.gnu-tools-for-stm32.11.3.rel1.win32_1.1.0.202305231506/tools/bin/../lib/gcc/arm-none-eabi/11.3.1/../../../../arm-none-eabi/lib/thumb/v7e-m+fp/hard\libnosys.a
END GROUP
LOAD C:/ST/STM32CubeIDE_1.13.1/STM32CubeIDE/plugins/com.st.stm32cube.ide.mcu.externaltools.gnu-tools-for-stm32.11.3.rel1.win32_1.1.0.202305231506/tools/bin/../lib/gcc/arm-none-eabi/11.3.1/thumb/v7e-m+fp/hard/crtend.o
LOAD C:/ST/STM32CubeIDE_1.13.1/STM32CubeIDE/plugins/com.st.stm32cube.ide.mcu.externaltools.gnu-tools-for-stm32.11.3.rel1.win32_1.1.0.202305231506/tools/bin/../lib/gcc/arm-none-eabi/11.3.1/thumb/v7e-m+fp/hard/crtn.o
                0x0000000020020000                _estack = (ORIGIN (RAM) + LENGTH (RAM))
                0x0000000000000200                _Min_Heap_Size = 0x200
                0x0000000000000400                _Min_Stack_Size = 0x400

.isr_vector     0x0000000008000000      0x198
                0x0000000008000000                . = ALIGN (0x4)
 *(.isr_vector)
 .isr_vector    0x0000000008000000      0x198 ./Core/Startup/startup_stm32f411vetx.o
                0x0000000008000000                g_pfnVectors
                0x0000000008000198                . = ALIGN (0x4)

.text           0x0000000008000198     0x8d94
                0x0000000008000198                . = ALIGN (0x4)
 *(.text)
 .text          0x0000000008000198       0x40 C:/ST/STM32CubeIDE_1.13.1/STM32CubeIDE/plugins/com.st.stm32cube.ide.mcu.externaltools.gnu-tools-for-stm32.11.3.rel1.win32_1.1.0.202305231506/tools/bin/../lib/gcc/arm-none-eabi/11.3.1/thumb/v7e-m+fp/hard/crtbegin.o
 .text          0x00000000080001d8       0x30 C:/ST/STM32CubeIDE_1.13.1/STM32CubeIDE/plugins/com.st.stm32cube.ide.mcu.externaltools.gnu-tools-for-stm32.11.3.rel1.win32_1.1.0.202305231506/tools/bin/../lib/gcc/arm-none-eabi/11.3.1/thumb/v7e-m+fp/hard\libgcc.a(_aeabi_uldivmod.o)
                0x00000000080001d8                __aeabi_uldivmod
 .text          0x0000000008000208      0x2c8 C:/ST/STM32CubeIDE_1.13.1/STM32CubeIDE/plugins/com.st.stm32cube.ide.mcu.externaltools.gnu-tools-for-stm32.11.3.rel1.win32_1.1.0.202305231506/tools/bin/../lib/gcc/arm-none-eabi/11.3.1/thumb/v7e-m+fp/hard\libgcc.a(_udivmoddi4.o)
                0x0000000008000208                __udivmoddi4
 .text          0x00000000080004d0        0x4 C:/ST/STM32CubeIDE_1.13.1/STM32CubeIDE/plugins/com.st.stm32cube.ide.mcu.externaltools.gnu-tools-for-stm32.11.3.rel1.win32_1.1.0.202305231506/tools/bin/../lib/gcc/arm-none-eabi/11.3.1/thumb/v7e-m+fp/hard\libgcc.a(_dvmd_tls.o)
                0x00000000080004d0                __aeabi_idiv0
                0x00000000080004d0                __aeabi_ldiv0
 *(.text*)
 .text.I2S3_Init
                0x00000000080004d4       0x3c ./Core/Src/AUDIO.o
 .text.AUDIO_OUT_Play
                0x0000000008000510       0x3c ./Core/Src/AUDIO.o
                0x0000000008000510                AUDIO_OUT_Play
 .text.AUDIO_OUT_Pause
                0x000000000800054c       0x28 ./Core/Src/AUDIO.o
                0x000000000800054c                AUDIO_OUT_Pause
 .text.AUDIO_OUT_Resume
                0x0000000008000574       0x28 ./Core/Src/AUDIO.o
                0x0000000008000574                AUDIO_OUT_Resume
 .text.AUDIO_OUT_Stop
                0x000000000800059c       0x44 ./Core/Src/AUDIO.o
                0x000000000800059c                AUDIO_OUT_Stop
 .text.AUDIO_OUT_SetVolume
                0x00000000080005e0       0x1c ./Core/Src/AUDIO.o
                0x00000000080005e0                AUDIO_OUT_SetVolume
 .text.AUDIO_OUT_ClockConfig
                0x00000000080005fc       0x60 ./Core/Src/AUDIO.o
                0x00000000080005fc                AUDIO_OUT_ClockConfig
 .text.AUDIO_OUT_MspInit
                0x000000000800065c      0x118 ./Core/Src/AUDIO.o
                0x000000000800065c                AUDIO_OUT_MspInit
 .text.AUDIO_OUT_Init
                0x0000000008000774       0x78 ./Core/Src/AUDIO.o
                0x0000000008000774                AUDIO_OUT_Init
 .text.HAL_I2S_TxCpltCallback
                0x00000000080007ec       0x14 ./Core/Src/AUDIO.o
                0x00000000080007ec                HAL_I2S_TxCpltCallback
 .text.HAL_I2S_TxHalfCpltCallback
                0x0000000008000800       0x14 ./Core/Src/AUDIO.o
                0x0000000008000800                HAL_I2S_TxHalfCpltCallback
 .text.AUDIO_OUT_Error_CallBack
                0x0000000008000814        0x2 ./Core/Src/AUDIO.o
                0x0000000008000814                AUDIO_OUT_Error_CallBack
 *fill*         0x0000000008000816        0x2 
 .text.HAL_I2S_ErrorCallback
                0x0000000008000818       0x14 ./Core/Src/AUDIO.o
                0x0000000008000818                HAL_I2S_ErrorCallback
 .text.I2Cx_Init
                0x000000000800082c       0xcc ./Core/Src/AUDIO_LINK.o
 .text.AUDIO_IO_Init
                0x00000000080008f8       0x64 ./Core/Src/AUDIO_LINK.o
                0x00000000080008f8                AUDIO_IO_Init
 .text.AUDIO_IO_DeInit
                0x000000000800095c        0x2 ./Core/Src/AUDIO_LINK.o
                0x000000000800095c                AUDIO_IO_DeInit
 *fill*         0x000000000800095e        0x2 
 .text.AUDIO_IO_Write
                0x0000000008000960       0x3c ./Core/Src/AUDIO_LINK.o
                0x0000000008000960                AUDIO_IO_Write
 .text.AUDIO_IO_Read
                0x000000000800099c       0x40 ./Core/Src/AUDIO_LINK.o
                0x000000000800099c                AUDIO_IO_Read
 .text.AUDIO_StorageParse
                0x00000000080009dc       0xc8 ./Core/Src/File_Handling.o
                0x00000000080009dc                AUDIO_StorageParse
 .text.AUDIO_GetWavObjectNumber
                0x0000000008000aa4       0x14 ./Core/Src/File_Handling.o
                0x0000000008000aa4                AUDIO_GetWavObjectNumber
 .text.Mount_USB
                0x0000000008000ab8       0x20 ./Core/Src/File_Handling.o
                0x0000000008000ab8                Mount_USB
 .text.cs43l22_SetFrequency
                0x0000000008000ad8        0x4 ./Core/Src/cs43l22.o
                0x0000000008000ad8                cs43l22_SetFrequency
 .text.cs43l22_Reset
                0x0000000008000adc        0x4 ./Core/Src/cs43l22.o
                0x0000000008000adc                cs43l22_Reset
 .text.cs43l22_SetVolume
                0x0000000008000ae0       0x38 ./Core/Src/cs43l22.o
                0x0000000008000ae0                cs43l22_SetVolume
 .text.cs43l22_Init
                0x0000000008000b18       0xc8 ./Core/Src/cs43l22.o
                0x0000000008000b18                cs43l22_Init
 .text.cs43l22_SetOutputMode
                0x0000000008000be0       0x4c ./Core/Src/cs43l22.o
                0x0000000008000be0                cs43l22_SetOutputMode
 .text.cs43l22_DeInit
                0x0000000008000c2c        0x4 ./Core/Src/cs43l22.o
                0x0000000008000c2c                cs43l22_DeInit
 .text.cs43l22_ReadID
                0x0000000008000c30       0x16 ./Core/Src/cs43l22.o
                0x0000000008000c30                cs43l22_ReadID
 .text.cs43l22_SetMute.part.0
                0x0000000008000c46       0x28 ./Core/Src/cs43l22.o
 *fill*         0x0000000008000c6e        0x2 
 .text.cs43l22_SetMute
                0x0000000008000c70       0x3c ./Core/Src/cs43l22.o
                0x0000000008000c70                cs43l22_SetMute
 .text.cs43l22_Resume
                0x0000000008000cac       0x44 ./Core/Src/cs43l22.o
                0x0000000008000cac                cs43l22_Resume
 .text.cs43l22_Pause
                0x0000000008000cf0       0x16 ./Core/Src/cs43l22.o
                0x0000000008000cf0                cs43l22_Pause
 *fill*         0x0000000008000d06        0x2 
 .text.cs43l22_Stop
                0x0000000008000d08       0x30 ./Core/Src/cs43l22.o
                0x0000000008000d08                cs43l22_Stop
 .text.cs43l22_Play
                0x0000000008000d38       0x3c ./Core/Src/cs43l22.o
                0x0000000008000d38                cs43l22_Play
 .text.display_cancion
                0x0000000008000d74      0x160 ./Core/Src/display.o
                0x0000000008000d74                display_cancion
 .text.MX_DMA_Init
                0x0000000008000ed4       0x68 ./Core/Src/dma.o
                0x0000000008000ed4                MX_DMA_Init
 .text.MX_GPIO_Init
                0x0000000008000f3c      0x140 ./Core/Src/gpio.o
                0x0000000008000f3c                MX_GPIO_Init
 .text.MX_I2C3_Init
                0x000000000800107c       0x3c ./Core/Src/i2c.o
                0x000000000800107c                MX_I2C3_Init
 .text.HAL_I2C_MspInit
                0x00000000080010b8       0xa4 ./Core/Src/i2c.o
                0x00000000080010b8                HAL_I2C_MspInit
 .text.HAL_I2C_MspDeInit
                0x000000000800115c       0x40 ./Core/Src/i2c.o
                0x000000000800115c                HAL_I2C_MspDeInit
 .text.MX_I2S3_Init
                0x000000000800119c       0x3c ./Core/Src/i2s.o
                0x000000000800119c                MX_I2S3_Init
 .text.HAL_I2S_MspInit
                0x00000000080011d8      0x110 ./Core/Src/i2s.o
                0x00000000080011d8                HAL_I2S_MspInit
 .text.SystemClock_Config
                0x00000000080012e8       0xa0 ./Core/Src/main.o
                0x00000000080012e8                SystemClock_Config
 .text.startup.main
                0x0000000008001388      0x180 ./Core/Src/main.o
                0x0000000008001388                main
 .text.HAL_UART_RxCpltCallback
                0x0000000008001508       0x28 ./Core/Src/main.o
                0x0000000008001508                HAL_UART_RxCpltCallback
 .text.HAL_GPIO_EXTI_Callback
                0x0000000008001530       0x40 ./Core/Src/main.o
                0x0000000008001530                HAL_GPIO_EXTI_Callback
 .text.Error_Handler
                0x0000000008001570        0x4 ./Core/Src/main.o
                0x0000000008001570                Error_Handler
 .text.Activar_Parlante
                0x0000000008001574       0x28 ./Core/Src/parlantes.o
                0x0000000008001574                Activar_Parlante
 .text.SSD1306_Fill
                0x000000000800159c       0x18 ./Core/Src/ssd1306_oled.o
                0x000000000800159c                SSD1306_Fill
 .text.SSD1306_DrawPixel
                0x00000000080015b4       0x48 ./Core/Src/ssd1306_oled.o
                0x00000000080015b4                SSD1306_DrawPixel
 .text.SSD1306_GotoXY
                0x00000000080015fc        0xc ./Core/Src/ssd1306_oled.o
                0x00000000080015fc                SSD1306_GotoXY
 .text.SSD1306_Putc
                0x0000000008001608       0x98 ./Core/Src/ssd1306_oled.o
                0x0000000008001608                SSD1306_Putc
 .text.SSD1306_Puts
                0x00000000080016a0       0x22 ./Core/Src/ssd1306_oled.o
                0x00000000080016a0                SSD1306_Puts
 *fill*         0x00000000080016c2        0x2 
 .text.SSD1306_I2C_WriteMulti
                0x00000000080016c4       0x3c ./Core/Src/ssd1306_oled.o
                0x00000000080016c4                SSD1306_I2C_WriteMulti
 .text.SSD1306_I2C_Write
                0x0000000008001700       0x24 ./Core/Src/ssd1306_oled.o
                0x0000000008001700                SSD1306_I2C_Write
 .text.SSD1306_UpdateScreen
                0x0000000008001724       0x44 ./Core/Src/ssd1306_oled.o
                0x0000000008001724                SSD1306_UpdateScreen
 .text.SSD1306_Clear
                0x0000000008001768       0x10 ./Core/Src/ssd1306_oled.o
                0x0000000008001768                SSD1306_Clear
 .text.SSD1306_Init
                0x0000000008001778      0x15c ./Core/Src/ssd1306_oled.o
                0x0000000008001778                SSD1306_Init
 .text.HAL_MspInit
                0x00000000080018d4       0x3c ./Core/Src/stm32f4xx_hal_msp.o
                0x00000000080018d4                HAL_MspInit
 .text.NMI_Handler
                0x0000000008001910        0x2 ./Core/Src/stm32f4xx_it.o
                0x0000000008001910                NMI_Handler
 .text.HardFault_Handler
                0x0000000008001912        0x2 ./Core/Src/stm32f4xx_it.o
                0x0000000008001912                HardFault_Handler
 .text.MemManage_Handler
                0x0000000008001914        0x2 ./Core/Src/stm32f4xx_it.o
                0x0000000008001914                MemManage_Handler
 .text.BusFault_Handler
                0x0000000008001916        0x2 ./Core/Src/stm32f4xx_it.o
                0x0000000008001916                BusFault_Handler
 .text.UsageFault_Handler
                0x0000000008001918        0x2 ./Core/Src/stm32f4xx_it.o
                0x0000000008001918                UsageFault_Handler
 .text.SVC_Handler
                0x000000000800191a        0x2 ./Core/Src/stm32f4xx_it.o
                0x000000000800191a                SVC_Handler
 .text.DebugMon_Handler
                0x000000000800191c        0x2 ./Core/Src/stm32f4xx_it.o
                0x000000000800191c                DebugMon_Handler
 .text.PendSV_Handler
                0x000000000800191e        0x2 ./Core/Src/stm32f4xx_it.o
                0x000000000800191e                PendSV_Handler
 .text.SysTick_Handler
                0x0000000008001920        0x4 ./Core/Src/stm32f4xx_it.o
                0x0000000008001920                SysTick_Handler
 .text.EXTI0_IRQHandler
                0x0000000008001924        0x6 ./Core/Src/stm32f4xx_it.o
                0x0000000008001924                EXTI0_IRQHandler
 *fill*         0x000000000800192a        0x2 
 .text.DMA1_Stream5_IRQHandler
                0x000000000800192c        0xc ./Core/Src/stm32f4xx_it.o
                0x000000000800192c                DMA1_Stream5_IRQHandler
 .text.EXTI9_5_IRQHandler
                0x0000000008001938        0x8 ./Core/Src/stm32f4xx_it.o
                0x0000000008001938                EXTI9_5_IRQHandler
 .text.USART1_IRQHandler
                0x0000000008001940        0xc ./Core/Src/stm32f4xx_it.o
                0x0000000008001940                USART1_IRQHandler
 .text.EXTI15_10_IRQHandler
                0x000000000800194c       0x1e ./Core/Src/stm32f4xx_it.o
                0x000000000800194c                EXTI15_10_IRQHandler
 *fill*         0x000000000800196a        0x2 
 .text.DMA2_Stream2_IRQHandler
                0x000000000800196c        0xc ./Core/Src/stm32f4xx_it.o
                0x000000000800196c                DMA2_Stream2_IRQHandler
 .text.OTG_FS_IRQHandler
                0x0000000008001978        0xc ./Core/Src/stm32f4xx_it.o
                0x0000000008001978                OTG_FS_IRQHandler
 .text.DMA2_Stream7_IRQHandler
                0x0000000008001984        0xc ./Core/Src/stm32f4xx_it.o
                0x0000000008001984                DMA2_Stream7_IRQHandler
 .text._sbrk    0x0000000008001990       0x40 ./Core/Src/sysmem.o
                0x0000000008001990                _sbrk
 .text.SystemInit
                0x00000000080019d0       0x1c ./Core/Src/system_stm32f4xx.o
                0x00000000080019d0                SystemInit
 .text.MX_USART1_UART_Init
                0x00000000080019ec       0x38 ./Core/Src/usart.o
                0x00000000080019ec                MX_USART1_UART_Init
 .text.HAL_UART_MspInit
                0x0000000008001a24      0x124 ./Core/Src/usart.o
                0x0000000008001a24                HAL_UART_MspInit
 .text.PlayerInit
                0x0000000008001b48       0x1c ./Core/Src/waveplayer.o
                0x0000000008001b48                PlayerInit
 .text.AUDIO_PLAYER_Start
                0x0000000008001b64       0x98 ./Core/Src/waveplayer.o
                0x0000000008001b64                AUDIO_PLAYER_Start
 .text.AUDIO_PLAYER_Process
                0x0000000008001bfc      0x140 ./Core/Src/waveplayer.o
                0x0000000008001bfc                AUDIO_PLAYER_Process
 .text.AUDIO_OUT_TransferComplete_CallBack
                0x0000000008001d3c       0x18 ./Core/Src/waveplayer.o
                0x0000000008001d3c                AUDIO_OUT_TransferComplete_CallBack
 .text.AUDIO_OUT_HalfTransfer_CallBack
                0x0000000008001d54       0x18 ./Core/Src/waveplayer.o
                0x0000000008001d54                AUDIO_OUT_HalfTransfer_CallBack
 .text.Reset_Handler
                0x0000000008001d6c       0x50 ./Core/Startup/startup_stm32f411vetx.o
                0x0000000008001d6c                Reset_Handler
 .text.Default_Handler
                0x0000000008001dbc        0x2 ./Core/Startup/startup_stm32f411vetx.o
                0x0000000008001dbc                RTC_Alarm_IRQHandler
                0x0000000008001dbc                EXTI2_IRQHandler
                0x0000000008001dbc                SPI4_IRQHandler
                0x0000000008001dbc                TIM1_CC_IRQHandler
                0x0000000008001dbc                DMA2_Stream5_IRQHandler
                0x0000000008001dbc                PVD_IRQHandler
                0x0000000008001dbc                SDIO_IRQHandler
                0x0000000008001dbc                TAMP_STAMP_IRQHandler
                0x0000000008001dbc                EXTI3_IRQHandler
                0x0000000008001dbc                TIM1_UP_TIM10_IRQHandler
                0x0000000008001dbc                I2C3_ER_IRQHandler
                0x0000000008001dbc                I2C2_EV_IRQHandler
                0x0000000008001dbc                DMA1_Stream2_IRQHandler
                0x0000000008001dbc                FPU_IRQHandler
                0x0000000008001dbc                SPI1_IRQHandler
                0x0000000008001dbc                TIM1_BRK_TIM9_IRQHandler
                0x0000000008001dbc                DMA2_Stream3_IRQHandler
                0x0000000008001dbc                USART6_IRQHandler
                0x0000000008001dbc                DMA2_Stream0_IRQHandler
                0x0000000008001dbc                TIM4_IRQHandler
                0x0000000008001dbc                I2C1_EV_IRQHandler
                0x0000000008001dbc                DMA1_Stream6_IRQHandler
                0x0000000008001dbc                DMA1_Stream1_IRQHandler
                0x0000000008001dbc                TIM3_IRQHandler
                0x0000000008001dbc                RCC_IRQHandler
                0x0000000008001dbc                Default_Handler
                0x0000000008001dbc                ADC_IRQHandler
                0x0000000008001dbc                DMA1_Stream7_IRQHandler
                0x0000000008001dbc                SPI5_IRQHandler
                0x0000000008001dbc                TIM5_IRQHandler
                0x0000000008001dbc                I2C3_EV_IRQHandler
                0x0000000008001dbc                RTC_WKUP_IRQHandler
                0x0000000008001dbc                SPI2_IRQHandler
                0x0000000008001dbc                DMA1_Stream0_IRQHandler
                0x0000000008001dbc                EXTI4_IRQHandler
                0x0000000008001dbc                WWDG_IRQHandler
                0x0000000008001dbc                TIM2_IRQHandler
                0x0000000008001dbc                OTG_FS_WKUP_IRQHandler
                0x0000000008001dbc                TIM1_TRG_COM_TIM11_IRQHandler
                0x0000000008001dbc                EXTI1_IRQHandler
                0x0000000008001dbc                USART2_IRQHandler
                0x0000000008001dbc                I2C2_ER_IRQHandler
                0x0000000008001dbc                DMA2_Stream1_IRQHandler
                0x0000000008001dbc                FLASH_IRQHandler
                0x0000000008001dbc                DMA2_Stream4_IRQHandler
                0x0000000008001dbc                SPI3_IRQHandler
                0x0000000008001dbc                DMA1_Stream4_IRQHandler
                0x0000000008001dbc                I2C1_ER_IRQHandler
                0x0000000008001dbc                DMA2_Stream6_IRQHandler
                0x0000000008001dbc                DMA1_Stream3_IRQHandler
 *fill*         0x0000000008001dbe        0x2 
 .text.HAL_InitTick
                0x0000000008001dc0       0x48 ./Drivers/STM32F4xx_HAL_Driver/Src/stm32f4xx_hal.o
                0x0000000008001dc0                HAL_InitTick
 .text.HAL_Init
                0x0000000008001e08       0x34 ./Drivers/STM32F4xx_HAL_Driver/Src/stm32f4xx_hal.o
                0x0000000008001e08                HAL_Init
 .text.HAL_IncTick
                0x0000000008001e3c       0x18 ./Drivers/STM32F4xx_HAL_Driver/Src/stm32f4xx_hal.o
                0x0000000008001e3c                HAL_IncTick
 .text.HAL_GetTick
                0x0000000008001e54        0xc ./Drivers/STM32F4xx_HAL_Driver/Src/stm32f4xx_hal.o
                0x0000000008001e54                HAL_GetTick
 .text.HAL_Delay
                0x0000000008001e60       0x28 ./Drivers/STM32F4xx_HAL_Driver/Src/stm32f4xx_hal.o
                0x0000000008001e60                HAL_Delay
 .text.HAL_NVIC_SetPriorityGrouping
                0x0000000008001e88       0x24 ./Drivers/STM32F4xx_HAL_Driver/Src/stm32f4xx_hal_cortex.o
                0x0000000008001e88                HAL_NVIC_SetPriorityGrouping
 .text.HAL_NVIC_SetPriority
                0x0000000008001eac       0x64 ./Drivers/STM32F4xx_HAL_Driver/Src/stm32f4xx_hal_cortex.o
                0x0000000008001eac                HAL_NVIC_SetPriority
 .text.HAL_NVIC_EnableIRQ
                0x0000000008001f10       0x1c ./Drivers/STM32F4xx_HAL_Driver/Src/stm32f4xx_hal_cortex.o
                0x0000000008001f10                HAL_NVIC_EnableIRQ
 .text.HAL_SYSTICK_Config
                0x0000000008001f2c       0x28 ./Drivers/STM32F4xx_HAL_Driver/Src/stm32f4xx_hal_cortex.o
                0x0000000008001f2c                HAL_SYSTICK_Config
 .text.DMA_CalcBaseAndBitshift
                0x0000000008001f54       0x2c ./Drivers/STM32F4xx_HAL_Driver/Src/stm32f4xx_hal_dma.o
 .text.HAL_DMA_Init
                0x0000000008001f80       0xfc ./Drivers/STM32F4xx_HAL_Driver/Src/stm32f4xx_hal_dma.o
                0x0000000008001f80                HAL_DMA_Init
 .text.HAL_DMA_DeInit
                0x000000000800207c       0x54 ./Drivers/STM32F4xx_HAL_Driver/Src/stm32f4xx_hal_dma.o
                0x000000000800207c                HAL_DMA_DeInit
 .text.HAL_DMA_Start_IT
                0x00000000080020d0       0x74 ./Drivers/STM32F4xx_HAL_Driver/Src/stm32f4xx_hal_dma.o
                0x00000000080020d0                HAL_DMA_Start_IT
 .text.HAL_DMA_Abort
                0x0000000008002144       0x7e ./Drivers/STM32F4xx_HAL_Driver/Src/stm32f4xx_hal_dma.o
                0x0000000008002144                HAL_DMA_Abort
 .text.HAL_DMA_Abort_IT
                0x00000000080021c2       0x24 ./Drivers/STM32F4xx_HAL_Driver/Src/stm32f4xx_hal_dma.o
                0x00000000080021c2                HAL_DMA_Abort_IT
 *fill*         0x00000000080021e6        0x2 
 .text.HAL_DMA_IRQHandler
                0x00000000080021e8      0x17c ./Drivers/STM32F4xx_HAL_Driver/Src/stm32f4xx_hal_dma.o
                0x00000000080021e8                HAL_DMA_IRQHandler
 .text.HAL_GPIO_Init
                0x0000000008002364      0x190 ./Drivers/STM32F4xx_HAL_Driver/Src/stm32f4xx_hal_gpio.o
                0x0000000008002364                HAL_GPIO_Init
 .text.HAL_GPIO_DeInit
                0x00000000080024f4       0xf8 ./Drivers/STM32F4xx_HAL_Driver/Src/stm32f4xx_hal_gpio.o
                0x00000000080024f4                HAL_GPIO_DeInit
 .text.HAL_GPIO_WritePin
                0x00000000080025ec        0xa ./Drivers/STM32F4xx_HAL_Driver/Src/stm32f4xx_hal_gpio.o
                0x00000000080025ec                HAL_GPIO_WritePin
 *fill*         0x00000000080025f6        0x2 
 .text.HAL_GPIO_EXTI_IRQHandler
                0x00000000080025f8       0x18 ./Drivers/STM32F4xx_HAL_Driver/Src/stm32f4xx_hal_gpio.o
                0x00000000080025f8                HAL_GPIO_EXTI_IRQHandler
 .text.HAL_HCD_HC_Init
                0x0000000008002610       0x6c ./Drivers/STM32F4xx_HAL_Driver/Src/stm32f4xx_hal_hcd.o
                0x0000000008002610                HAL_HCD_HC_Init
 .text.HAL_HCD_HC_Halt
                0x000000000800267c       0x24 ./Drivers/STM32F4xx_HAL_Driver/Src/stm32f4xx_hal_hcd.o
                0x000000000800267c                HAL_HCD_HC_Halt
 .text.HAL_HCD_Init
                0x00000000080026a0       0x98 ./Drivers/STM32F4xx_HAL_Driver/Src/stm32f4xx_hal_hcd.o
                0x00000000080026a0                HAL_HCD_Init
 .text.HAL_HCD_HC_SubmitRequest
                0x0000000008002738       0xc8 ./Drivers/STM32F4xx_HAL_Driver/Src/stm32f4xx_hal_hcd.o
                0x0000000008002738                HAL_HCD_HC_SubmitRequest
 .text.HAL_HCD_IRQHandler
                0x0000000008002800      0x64c ./Drivers/STM32F4xx_HAL_Driver/Src/stm32f4xx_hal_hcd.o
                0x0000000008002800                HAL_HCD_IRQHandler
 .text.HAL_HCD_Start
                0x0000000008002e4c       0x2a ./Drivers/STM32F4xx_HAL_Driver/Src/stm32f4xx_hal_hcd.o
                0x0000000008002e4c                HAL_HCD_Start
 .text.HAL_HCD_Stop
                0x0000000008002e76       0x24 ./Drivers/STM32F4xx_HAL_Driver/Src/stm32f4xx_hal_hcd.o
                0x0000000008002e76                HAL_HCD_Stop
 .text.HAL_HCD_ResetPort
                0x0000000008002e9a        0x6 ./Drivers/STM32F4xx_HAL_Driver/Src/stm32f4xx_hal_hcd.o
                0x0000000008002e9a                HAL_HCD_ResetPort
 .text.HAL_HCD_HC_GetURBState
                0x0000000008002ea0        0xc ./Drivers/STM32F4xx_HAL_Driver/Src/stm32f4xx_hal_hcd.o
                0x0000000008002ea0                HAL_HCD_HC_GetURBState
 .text.HAL_HCD_HC_GetXferCount
                0x0000000008002eac        0xa ./Drivers/STM32F4xx_HAL_Driver/Src/stm32f4xx_hal_hcd.o
                0x0000000008002eac                HAL_HCD_HC_GetXferCount
 .text.HAL_HCD_GetCurrentFrame
                0x0000000008002eb6        0x6 ./Drivers/STM32F4xx_HAL_Driver/Src/stm32f4xx_hal_hcd.o
                0x0000000008002eb6                HAL_HCD_GetCurrentFrame
 .text.HAL_HCD_GetCurrentSpeed
                0x0000000008002ebc        0x6 ./Drivers/STM32F4xx_HAL_Driver/Src/stm32f4xx_hal_hcd.o
                0x0000000008002ebc                HAL_HCD_GetCurrentSpeed
 .text.I2C_IsAcknowledgeFailed
                0x0000000008002ec2       0x34 ./Drivers/STM32F4xx_HAL_Driver/Src/stm32f4xx_hal_i2c.o
 .text.I2C_WaitOnFlagUntilTimeout
                0x0000000008002ef6       0x64 ./Drivers/STM32F4xx_HAL_Driver/Src/stm32f4xx_hal_i2c.o
 .text.I2C_WaitOnMasterAddressFlagUntilTimeout
                0x0000000008002f5a       0x76 ./Drivers/STM32F4xx_HAL_Driver/Src/stm32f4xx_hal_i2c.o
 .text.I2C_WaitOnRXNEFlagUntilTimeout
                0x0000000008002fd0       0x5e ./Drivers/STM32F4xx_HAL_Driver/Src/stm32f4xx_hal_i2c.o
 .text.I2C_WaitOnTXEFlagUntilTimeout
                0x000000000800302e       0x4c ./Drivers/STM32F4xx_HAL_Driver/Src/stm32f4xx_hal_i2c.o
 *fill*         0x000000000800307a        0x2 
 .text.I2C_RequestMemoryWrite
                0x000000000800307c       0xb0 ./Drivers/STM32F4xx_HAL_Driver/Src/stm32f4xx_hal_i2c.o
 .text.I2C_RequestMemoryRead
                0x000000000800312c      0x104 ./Drivers/STM32F4xx_HAL_Driver/Src/stm32f4xx_hal_i2c.o
 .text.I2C_WaitOnBTFFlagUntilTimeout
                0x0000000008003230       0x4c ./Drivers/STM32F4xx_HAL_Driver/Src/stm32f4xx_hal_i2c.o
 .text.HAL_I2C_Init
                0x000000000800327c      0x150 ./Drivers/STM32F4xx_HAL_Driver/Src/stm32f4xx_hal_i2c.o
                0x000000000800327c                HAL_I2C_Init
 .text.HAL_I2C_DeInit
                0x00000000080033cc       0x32 ./Drivers/STM32F4xx_HAL_Driver/Src/stm32f4xx_hal_i2c.o
                0x00000000080033cc                HAL_I2C_DeInit
 *fill*         0x00000000080033fe        0x2 
 .text.HAL_I2C_Master_Transmit
                0x0000000008003400      0x1b0 ./Drivers/STM32F4xx_HAL_Driver/Src/stm32f4xx_hal_i2c.o
                0x0000000008003400                HAL_I2C_Master_Transmit
 .text.HAL_I2C_Mem_Write
                0x00000000080035b0      0x120 ./Drivers/STM32F4xx_HAL_Driver/Src/stm32f4xx_hal_i2c.o
                0x00000000080035b0                HAL_I2C_Mem_Write
 .text.HAL_I2C_Mem_Read
                0x00000000080036d0      0x210 ./Drivers/STM32F4xx_HAL_Driver/Src/stm32f4xx_hal_i2c.o
                0x00000000080036d0                HAL_I2C_Mem_Read
 .text.HAL_I2C_IsDeviceReady
                0x00000000080038e0      0x160 ./Drivers/STM32F4xx_HAL_Driver/Src/stm32f4xx_hal_i2c.o
                0x00000000080038e0                HAL_I2C_IsDeviceReady
 .text.HAL_I2C_GetState
                0x0000000008003a40        0x6 ./Drivers/STM32F4xx_HAL_Driver/Src/stm32f4xx_hal_i2c.o
                0x0000000008003a40                HAL_I2C_GetState
 .text.I2S_WaitFlagStateUntilTimeout
                0x0000000008003a46       0x4a ./Drivers/STM32F4xx_HAL_Driver/Src/stm32f4xx_hal_i2s.o
 .text.HAL_I2S_Init
                0x0000000008003a90      0x140 ./Drivers/STM32F4xx_HAL_Driver/Src/stm32f4xx_hal_i2s.o
                0x0000000008003a90                HAL_I2S_Init
 .text.HAL_I2S_Transmit_DMA
                0x0000000008003bd0       0xc8 ./Drivers/STM32F4xx_HAL_Driver/Src/stm32f4xx_hal_i2s.o
                0x0000000008003bd0                HAL_I2S_Transmit_DMA
 .text.HAL_I2S_DMAPause
                0x0000000008003c98       0x70 ./Drivers/STM32F4xx_HAL_Driver/Src/stm32f4xx_hal_i2s.o
                0x0000000008003c98                HAL_I2S_DMAPause
 .text.HAL_I2S_DMAResume
                0x0000000008003d08       0x88 ./Drivers/STM32F4xx_HAL_Driver/Src/stm32f4xx_hal_i2s.o
                0x0000000008003d08                HAL_I2S_DMAResume
 .text.HAL_I2S_DMAStop
                0x0000000008003d90      0x1ec ./Drivers/STM32F4xx_HAL_Driver/Src/stm32f4xx_hal_i2s.o
                0x0000000008003d90                HAL_I2S_DMAStop
 .text.I2S_DMATxHalfCplt
                0x0000000008003f7c        0xa ./Drivers/STM32F4xx_HAL_Driver/Src/stm32f4xx_hal_i2s.o
 .text.I2S_DMATxCplt
                0x0000000008003f86       0x22 ./Drivers/STM32F4xx_HAL_Driver/Src/stm32f4xx_hal_i2s.o
 .text.HAL_I2S_RxCpltCallback
                0x0000000008003fa8        0x2 ./Drivers/STM32F4xx_HAL_Driver/Src/stm32f4xx_hal_i2s.o
                0x0000000008003fa8                HAL_I2S_RxCpltCallback
 .text.I2S_IRQHandler
                0x0000000008003faa       0xfa ./Drivers/STM32F4xx_HAL_Driver/Src/stm32f4xx_hal_i2s.o
 .text.I2S_DMAError
                0x00000000080040a4       0x28 ./Drivers/STM32F4xx_HAL_Driver/Src/stm32f4xx_hal_i2s.o
 .text.HAL_I2S_GetState
                0x00000000080040cc        0x6 ./Drivers/STM32F4xx_HAL_Driver/Src/stm32f4xx_hal_i2s.o
                0x00000000080040cc                HAL_I2S_GetState
 .text.HAL_I2SEx_TxRxCpltCallback
                0x00000000080040d2        0x2 ./Drivers/STM32F4xx_HAL_Driver/Src/stm32f4xx_hal_i2s_ex.o
                0x00000000080040d2                HAL_I2SEx_TxRxCpltCallback
 .text.HAL_I2SEx_FullDuplex_IRQHandler
                0x00000000080040d4      0x248 ./Drivers/STM32F4xx_HAL_Driver/Src/stm32f4xx_hal_i2s_ex.o
                0x00000000080040d4                HAL_I2SEx_FullDuplex_IRQHandler
 .text.HAL_RCC_OscConfig
                0x000000000800431c      0x358 ./Drivers/STM32F4xx_HAL_Driver/Src/stm32f4xx_hal_rcc.o
                0x000000000800431c                HAL_RCC_OscConfig
 .text.HAL_RCC_GetSysClockFreq
                0x0000000008004674       0x5c ./Drivers/STM32F4xx_HAL_Driver/Src/stm32f4xx_hal_rcc.o
                0x0000000008004674                HAL_RCC_GetSysClockFreq
 .text.HAL_RCC_ClockConfig
                0x00000000080046d0      0x134 ./Drivers/STM32F4xx_HAL_Driver/Src/stm32f4xx_hal_rcc.o
                0x00000000080046d0                HAL_RCC_ClockConfig
 .text.HAL_RCC_GetPCLK1Freq
                0x0000000008004804       0x20 ./Drivers/STM32F4xx_HAL_Driver/Src/stm32f4xx_hal_rcc.o
                0x0000000008004804                HAL_RCC_GetPCLK1Freq
 .text.HAL_RCC_GetPCLK2Freq
                0x0000000008004824       0x20 ./Drivers/STM32F4xx_HAL_Driver/Src/stm32f4xx_hal_rcc.o
                0x0000000008004824                HAL_RCC_GetPCLK2Freq
 .text.HAL_RCCEx_PeriphCLKConfig
                0x0000000008004844      0x144 ./Drivers/STM32F4xx_HAL_Driver/Src/stm32f4xx_hal_rcc_ex.o
                0x0000000008004844                HAL_RCCEx_PeriphCLKConfig
 .text.HAL_RCCEx_GetPeriphCLKConfig
                0x0000000008004988       0x44 ./Drivers/STM32F4xx_HAL_Driver/Src/stm32f4xx_hal_rcc_ex.o
                0x0000000008004988                HAL_RCCEx_GetPeriphCLKConfig
 .text.HAL_RCCEx_GetPeriphCLKFreq
                0x00000000080049cc       0x50 ./Drivers/STM32F4xx_HAL_Driver/Src/stm32f4xx_hal_rcc_ex.o
                0x00000000080049cc                HAL_RCCEx_GetPeriphCLKFreq
 .text.UART_EndRxTransfer
                0x0000000008004a1c       0x5c ./Drivers/STM32F4xx_HAL_Driver/Src/stm32f4xx_hal_uart.o
 .text.UART_SetConfig
                0x0000000008004a78       0xbc ./Drivers/STM32F4xx_HAL_Driver/Src/stm32f4xx_hal_uart.o
 .text.HAL_UART_Init
                0x0000000008004b34       0x5c ./Drivers/STM32F4xx_HAL_Driver/Src/stm32f4xx_hal_uart.o
                0x0000000008004b34                HAL_UART_Init
 .text.HAL_UART_TxCpltCallback
                0x0000000008004b90        0x2 ./Drivers/STM32F4xx_HAL_Driver/Src/stm32f4xx_hal_uart.o
                0x0000000008004b90                HAL_UART_TxCpltCallback
 .text.HAL_UART_ErrorCallback
                0x0000000008004b92        0x2 ./Drivers/STM32F4xx_HAL_Driver/Src/stm32f4xx_hal_uart.o
                0x0000000008004b92                HAL_UART_ErrorCallback
 .text.UART_DMAAbortOnError
                0x0000000008004b94       0x10 ./Drivers/STM32F4xx_HAL_Driver/Src/stm32f4xx_hal_uart.o
 .text.HAL_UARTEx_RxEventCallback
                0x0000000008004ba4        0x2 ./Drivers/STM32F4xx_HAL_Driver/Src/stm32f4xx_hal_uart.o
                0x0000000008004ba4                HAL_UARTEx_RxEventCallback
 .text.UART_Receive_IT.isra.0
                0x0000000008004ba6       0xb4 ./Drivers/STM32F4xx_HAL_Driver/Src/stm32f4xx_hal_uart.o
 *fill*         0x0000000008004c5a        0x2 
 .text.HAL_UART_IRQHandler
                0x0000000008004c5c      0x28c ./Drivers/STM32F4xx_HAL_Driver/Src/stm32f4xx_hal_uart.o
                0x0000000008004c5c                HAL_UART_IRQHandler
 .text.UART_Start_Receive_IT
                0x0000000008004ee8       0x36 ./Drivers/STM32F4xx_HAL_Driver/Src/stm32f4xx_hal_uart.o
                0x0000000008004ee8                UART_Start_Receive_IT
 .text.HAL_UART_Receive_IT
                0x0000000008004f1e       0x30 ./Drivers/STM32F4xx_HAL_Driver/Src/stm32f4xx_hal_uart.o
                0x0000000008004f1e                HAL_UART_Receive_IT
 *fill*         0x0000000008004f4e        0x2 
 .text.USB_CoreReset
                0x0000000008004f50       0x4c ./Drivers/STM32F4xx_HAL_Driver/Src/stm32f4xx_ll_usb.o
 .text.USB_CoreInit
                0x0000000008004f9c       0x80 ./Drivers/STM32F4xx_HAL_Driver/Src/stm32f4xx_ll_usb.o
                0x0000000008004f9c                USB_CoreInit
 .text.USB_EnableGlobalInt
                0x000000000800501c        0xc ./Drivers/STM32F4xx_HAL_Driver/Src/stm32f4xx_ll_usb.o
                0x000000000800501c                USB_EnableGlobalInt
 .text.USB_DisableGlobalInt
                0x0000000008005028        0xc ./Drivers/STM32F4xx_HAL_Driver/Src/stm32f4xx_ll_usb.o
                0x0000000008005028                USB_DisableGlobalInt
 .text.USB_SetCurrentMode
                0x0000000008005034       0x60 ./Drivers/STM32F4xx_HAL_Driver/Src/stm32f4xx_ll_usb.o
                0x0000000008005034                USB_SetCurrentMode
 .text.USB_FlushTxFifo
                0x0000000008005094       0x4c ./Drivers/STM32F4xx_HAL_Driver/Src/stm32f4xx_ll_usb.o
                0x0000000008005094                USB_FlushTxFifo
 .text.USB_FlushRxFifo
                0x00000000080050e0       0x48 ./Drivers/STM32F4xx_HAL_Driver/Src/stm32f4xx_ll_usb.o
                0x00000000080050e0                USB_FlushRxFifo
 .text.USB_WritePacket
                0x0000000008005128       0x26 ./Drivers/STM32F4xx_HAL_Driver/Src/stm32f4xx_ll_usb.o
                0x0000000008005128                USB_WritePacket
 .text.USB_ReadPacket
                0x000000000800514e       0x40 ./Drivers/STM32F4xx_HAL_Driver/Src/stm32f4xx_ll_usb.o
                0x000000000800514e                USB_ReadPacket
 .text.USB_ReadInterrupts
                0x000000000800518e        0x8 ./Drivers/STM32F4xx_HAL_Driver/Src/stm32f4xx_ll_usb.o
                0x000000000800518e                USB_ReadInterrupts
 .text.USB_GetMode
                0x0000000008005196        0x8 ./Drivers/STM32F4xx_HAL_Driver/Src/stm32f4xx_ll_usb.o
                0x0000000008005196                USB_GetMode
 *fill*         0x000000000800519e        0x2 
 .text.USB_HostInit
                0x00000000080051a0       0xd8 ./Drivers/STM32F4xx_HAL_Driver/Src/stm32f4xx_ll_usb.o
                0x00000000080051a0                USB_HostInit
 .text.USB_InitFSLSPClkSel
                0x0000000008005278       0x38 ./Drivers/STM32F4xx_HAL_Driver/Src/stm32f4xx_ll_usb.o
                0x0000000008005278                USB_InitFSLSPClkSel
 .text.USB_ResetPort
                0x00000000080052b0       0x3c ./Drivers/STM32F4xx_HAL_Driver/Src/stm32f4xx_ll_usb.o
                0x00000000080052b0                USB_ResetPort
 .text.USB_DriveVbus
                0x00000000080052ec       0x40 ./Drivers/STM32F4xx_HAL_Driver/Src/stm32f4xx_ll_usb.o
                0x00000000080052ec                USB_DriveVbus
 .text.USB_GetHostSpeed
                0x000000000800532c       0x16 ./Drivers/STM32F4xx_HAL_Driver/Src/stm32f4xx_ll_usb.o
                0x000000000800532c                USB_GetHostSpeed
 .text.USB_GetCurrentFrame
                0x0000000008005342        0xa ./Drivers/STM32F4xx_HAL_Driver/Src/stm32f4xx_ll_usb.o
                0x0000000008005342                USB_GetCurrentFrame
 .text.USB_HC_Init
                0x000000000800534c      0x100 ./Drivers/STM32F4xx_HAL_Driver/Src/stm32f4xx_ll_usb.o
                0x000000000800534c                USB_HC_Init
 .text.USB_HC_ReadInterrupt
                0x000000000800544c        0xa ./Drivers/STM32F4xx_HAL_Driver/Src/stm32f4xx_ll_usb.o
                0x000000000800544c                USB_HC_ReadInterrupt
 .text.USB_HC_Halt
                0x0000000008005456       0xb8 ./Drivers/STM32F4xx_HAL_Driver/Src/stm32f4xx_ll_usb.o
                0x0000000008005456                USB_HC_Halt
 *fill*         0x000000000800550e        0x2 
 .text.USB_DoPing
                0x0000000008005510       0x24 ./Drivers/STM32F4xx_HAL_Driver/Src/stm32f4xx_ll_usb.o
                0x0000000008005510                USB_DoPing
 .text.USB_HC_StartXfer
                0x0000000008005534      0x14c ./Drivers/STM32F4xx_HAL_Driver/Src/stm32f4xx_ll_usb.o
                0x0000000008005534                USB_HC_StartXfer
 .text.USB_StopHost
                0x0000000008005680       0x80 ./Drivers/STM32F4xx_HAL_Driver/Src/stm32f4xx_ll_usb.o
                0x0000000008005680                USB_StopHost
 .text.MX_FATFS_Init
                0x0000000008005700       0x1c ./FATFS/App/fatfs.o
                0x0000000008005700                MX_FATFS_Init
 .text.get_fattime
                0x000000000800571c        0x4 ./FATFS/App/fatfs.o
                0x000000000800571c                get_fattime
 .text.USBH_initialize
                0x0000000008005720        0x4 ./FATFS/Target/usbh_diskio.o
                0x0000000008005720                USBH_initialize
 .text.USBH_status
                0x0000000008005724       0x18 ./FATFS/Target/usbh_diskio.o
                0x0000000008005724                USBH_status
 .text.USBH_ioctl
                0x000000000800573c       0x60 ./FATFS/Target/usbh_diskio.o
                0x000000000800573c                USBH_ioctl
 .text.USBH_read
                0x000000000800579c       0x40 ./FATFS/Target/usbh_diskio.o
                0x000000000800579c                USBH_read
 .text.USBH_write
                0x00000000080057dc       0x48 ./FATFS/Target/usbh_diskio.o
                0x00000000080057dc                USBH_write
 .text.USBH_MSC_SOFProcess
                0x0000000008005824        0x4 ./Middlewares/ST/STM32_USB_Host_Library/Class/MSC/Src/usbh_msc.o
 .text.USBH_MSC_Process
                0x0000000008005828      0x1b8 ./Middlewares/ST/STM32_USB_Host_Library/Class/MSC/Src/usbh_msc.o
 .text.USBH_MSC_ClassRequest
                0x00000000080059e0       0x68 ./Middlewares/ST/STM32_USB_Host_Library/Class/MSC/Src/usbh_msc.o
 .text.USBH_MSC_InterfaceDeInit
                0x0000000008005a48       0x4c ./Middlewares/ST/STM32_USB_Host_Library/Class/MSC/Src/usbh_msc.o
 .text.USBH_MSC_InterfaceInit
                0x0000000008005a94      0x10a ./Middlewares/ST/STM32_USB_Host_Library/Class/MSC/Src/usbh_msc.o
 .text.USBH_MSC_RdWrProcess
                0x0000000008005b9e       0x74 ./Middlewares/ST/STM32_USB_Host_Library/Class/MSC/Src/usbh_msc.o
 .text.USBH_MSC_UnitIsReady
                0x0000000008005c12       0x22 ./Middlewares/ST/STM32_USB_Host_Library/Class/MSC/Src/usbh_msc.o
                0x0000000008005c12                USBH_MSC_UnitIsReady
 .text.USBH_MSC_GetLUNInfo
                0x0000000008005c34       0x30 ./Middlewares/ST/STM32_USB_Host_Library/Class/MSC/Src/usbh_msc.o
                0x0000000008005c34                USBH_MSC_GetLUNInfo
 .text.USBH_MSC_Read
                0x0000000008005c64       0x82 ./Middlewares/ST/STM32_USB_Host_Library/Class/MSC/Src/usbh_msc.o
                0x0000000008005c64                USBH_MSC_Read
 .text.USBH_MSC_Write
                0x0000000008005ce6       0x82 ./Middlewares/ST/STM32_USB_Host_Library/Class/MSC/Src/usbh_msc.o
                0x0000000008005ce6                USBH_MSC_Write
 .text.USBH_MSC_BOT_REQ_Reset
                0x0000000008005d68       0x10 ./Middlewares/ST/STM32_USB_Host_Library/Class/MSC/Src/usbh_msc_bot.o
                0x0000000008005d68                USBH_MSC_BOT_REQ_Reset
 .text.USBH_MSC_BOT_REQ_GetMaxLUN
                0x0000000008005d78       0x12 ./Middlewares/ST/STM32_USB_Host_Library/Class/MSC/Src/usbh_msc_bot.o
                0x0000000008005d78                USBH_MSC_BOT_REQ_GetMaxLUN
 *fill*         0x0000000008005d8a        0x2 
 .text.USBH_MSC_BOT_Init
                0x0000000008005d8c       0x24 ./Middlewares/ST/STM32_USB_Host_Library/Class/MSC/Src/usbh_msc_bot.o
                0x0000000008005d8c                USBH_MSC_BOT_Init
 .text.USBH_MSC_BOT_Process
                0x0000000008005db0      0x1cc ./Middlewares/ST/STM32_USB_Host_Library/Class/MSC/Src/usbh_msc_bot.o
                0x0000000008005db0                USBH_MSC_BOT_Process
 .text.USBH_MSC_SCSI_TestUnitReady
                0x0000000008005f7c       0x46 ./Middlewares/ST/STM32_USB_Host_Library/Class/MSC/Src/usbh_msc_scsi.o
                0x0000000008005f7c                USBH_MSC_SCSI_TestUnitReady
 .text.USBH_MSC_SCSI_ReadCapacity
                0x0000000008005fc2       0x6a ./Middlewares/ST/STM32_USB_Host_Library/Class/MSC/Src/usbh_msc_scsi.o
                0x0000000008005fc2                USBH_MSC_SCSI_ReadCapacity
 .text.USBH_MSC_SCSI_Inquiry
                0x000000000800602c       0xc0 ./Middlewares/ST/STM32_USB_Host_Library/Class/MSC/Src/usbh_msc_scsi.o
                0x000000000800602c                USBH_MSC_SCSI_Inquiry
 .text.USBH_MSC_SCSI_RequestSense
                0x00000000080060ec       0x7a ./Middlewares/ST/STM32_USB_Host_Library/Class/MSC/Src/usbh_msc_scsi.o
                0x00000000080060ec                USBH_MSC_SCSI_RequestSense
 .text.USBH_MSC_SCSI_Write
                0x0000000008006166       0x7e ./Middlewares/ST/STM32_USB_Host_Library/Class/MSC/Src/usbh_msc_scsi.o
                0x0000000008006166                USBH_MSC_SCSI_Write
 .text.USBH_MSC_SCSI_Read
                0x00000000080061e4       0x80 ./Middlewares/ST/STM32_USB_Host_Library/Class/MSC/Src/usbh_msc_scsi.o
                0x00000000080061e4                USBH_MSC_SCSI_Read
 .text.DeInitStateMachine.isra.0
                0x0000000008006264       0x3c ./Middlewares/ST/STM32_USB_Host_Library/Core/Src/usbh_core.o
 .text.USBH_Init
                0x00000000080062a0       0x3a ./Middlewares/ST/STM32_USB_Host_Library/Core/Src/usbh_core.o
                0x00000000080062a0                USBH_Init
 .text.USBH_RegisterClass
                0x00000000080062da       0x1a ./Middlewares/ST/STM32_USB_Host_Library/Core/Src/usbh_core.o
                0x00000000080062da                USBH_RegisterClass
 .text.USBH_SelectInterface
                0x00000000080062f4       0x12 ./Middlewares/ST/STM32_USB_Host_Library/Core/Src/usbh_core.o
                0x00000000080062f4                USBH_SelectInterface
 .text.USBH_FindInterface
                0x0000000008006306       0x38 ./Middlewares/ST/STM32_USB_Host_Library/Core/Src/usbh_core.o
                0x0000000008006306                USBH_FindInterface
 .text.USBH_Start
                0x000000000800633e       0x14 ./Middlewares/ST/STM32_USB_Host_Library/Core/Src/usbh_core.o
                0x000000000800633e                USBH_Start
 .text.USBH_Process
                0x0000000008006352      0x3da ./Middlewares/ST/STM32_USB_Host_Library/Core/Src/usbh_core.o
                0x0000000008006352                USBH_Process
 .text.USBH_LL_SetTimer
                0x000000000800672c        0x6 ./Middlewares/ST/STM32_USB_Host_Library/Core/Src/usbh_core.o
                0x000000000800672c                USBH_LL_SetTimer
 .text.USBH_LL_IncTimer
                0x0000000008006732       0x1c ./Middlewares/ST/STM32_USB_Host_Library/Core/Src/usbh_core.o
                0x0000000008006732                USBH_LL_IncTimer
 .text.USBH_LL_PortEnabled
                0x000000000800674e        0x8 ./Middlewares/ST/STM32_USB_Host_Library/Core/Src/usbh_core.o
                0x000000000800674e                USBH_LL_PortEnabled
 .text.USBH_LL_PortDisabled
                0x0000000008006756        0x8 ./Middlewares/ST/STM32_USB_Host_Library/Core/Src/usbh_core.o
                0x0000000008006756                USBH_LL_PortDisabled
 .text.USBH_LL_Connect
                0x000000000800675e       0x14 ./Middlewares/ST/STM32_USB_Host_Library/Core/Src/usbh_core.o
                0x000000000800675e                USBH_LL_Connect
 .text.USBH_LL_Disconnect
                0x0000000008006772       0x2c ./Middlewares/ST/STM32_USB_Host_Library/Core/Src/usbh_core.o
                0x0000000008006772                USBH_LL_Disconnect
 .text.USBH_CtlReq
                0x000000000800679e      0x176 ./Middlewares/ST/STM32_USB_Host_Library/Core/Src/usbh_ctlreq.o
                0x000000000800679e                USBH_CtlReq
 .text.USBH_GetDescriptor
                0x0000000008006914       0x38 ./Middlewares/ST/STM32_USB_Host_Library/Core/Src/usbh_ctlreq.o
                0x0000000008006914                USBH_GetDescriptor
 .text.USBH_Get_DevDesc
                0x000000000800694c       0xb4 ./Middlewares/ST/STM32_USB_Host_Library/Core/Src/usbh_ctlreq.o
                0x000000000800694c                USBH_Get_DevDesc
 .text.USBH_Get_CfgDesc
                0x0000000008006a00      0x1ce ./Middlewares/ST/STM32_USB_Host_Library/Core/Src/usbh_ctlreq.o
                0x0000000008006a00                USBH_Get_CfgDesc
 .text.USBH_Get_StringDesc
                0x0000000008006bce       0x4e ./Middlewares/ST/STM32_USB_Host_Library/Core/Src/usbh_ctlreq.o
                0x0000000008006bce                USBH_Get_StringDesc
 .text.USBH_SetAddress
                0x0000000008006c1c       0x1a ./Middlewares/ST/STM32_USB_Host_Library/Core/Src/usbh_ctlreq.o
                0x0000000008006c1c                USBH_SetAddress
 .text.USBH_SetCfg
                0x0000000008006c36       0x1a ./Middlewares/ST/STM32_USB_Host_Library/Core/Src/usbh_ctlreq.o
                0x0000000008006c36                USBH_SetCfg
 .text.USBH_SetFeature
                0x0000000008006c50       0x1a ./Middlewares/ST/STM32_USB_Host_Library/Core/Src/usbh_ctlreq.o
                0x0000000008006c50                USBH_SetFeature
 .text.USBH_ClrFeature
                0x0000000008006c6a       0x1a ./Middlewares/ST/STM32_USB_Host_Library/Core/Src/usbh_ctlreq.o
                0x0000000008006c6a                USBH_ClrFeature
 .text.USBH_CtlSendSetup
                0x0000000008006c84       0x20 ./Middlewares/ST/STM32_USB_Host_Library/Core/Src/usbh_ioreq.o
                0x0000000008006c84                USBH_CtlSendSetup
 .text.USBH_CtlSendData
                0x0000000008006ca4       0x2e ./Middlewares/ST/STM32_USB_Host_Library/Core/Src/usbh_ioreq.o
                0x0000000008006ca4                USBH_CtlSendData
 .text.USBH_CtlReceiveData
                0x0000000008006cd2       0x20 ./Middlewares/ST/STM32_USB_Host_Library/Core/Src/usbh_ioreq.o
                0x0000000008006cd2                USBH_CtlReceiveData
 .text.USBH_BulkSendData
                0x0000000008006cf2       0x2e ./Middlewares/ST/STM32_USB_Host_Library/Core/Src/usbh_ioreq.o
                0x0000000008006cf2                USBH_BulkSendData
 .text.USBH_BulkReceiveData
                0x0000000008006d20       0x20 ./Middlewares/ST/STM32_USB_Host_Library/Core/Src/usbh_ioreq.o
                0x0000000008006d20                USBH_BulkReceiveData
 .text.USBH_OpenPipe
                0x0000000008006d40       0x1e ./Middlewares/ST/STM32_USB_Host_Library/Core/Src/usbh_pipes.o
                0x0000000008006d40                USBH_OpenPipe
 .text.USBH_ClosePipe
                0x0000000008006d5e        0xa ./Middlewares/ST/STM32_USB_Host_Library/Core/Src/usbh_pipes.o
                0x0000000008006d5e                USBH_ClosePipe
 .text.USBH_AllocPipe
                0x0000000008006d68       0x30 ./Middlewares/ST/STM32_USB_Host_Library/Core/Src/usbh_pipes.o
                0x0000000008006d68                USBH_AllocPipe
 .text.USBH_FreePipe
                0x0000000008006d98       0x18 ./Middlewares/ST/STM32_USB_Host_Library/Core/Src/usbh_pipes.o
                0x0000000008006d98                USBH_FreePipe
 .text.disk_status
                0x0000000008006db0       0x14 ./Middlewares/Third_Party/FatFs/src/diskio.o
                0x0000000008006db0                disk_status
 .text.disk_initialize
                0x0000000008006dc4       0x20 ./Middlewares/Third_Party/FatFs/src/diskio.o
                0x0000000008006dc4                disk_initialize
 .text.disk_read
                0x0000000008006de4       0x1c ./Middlewares/Third_Party/FatFs/src/diskio.o
                0x0000000008006de4                disk_read
 .text.disk_write
                0x0000000008006e00       0x1c ./Middlewares/Third_Party/FatFs/src/diskio.o
                0x0000000008006e00                disk_write
 .text.disk_ioctl
                0x0000000008006e1c       0x1c ./Middlewares/Third_Party/FatFs/src/diskio.o
                0x0000000008006e1c                disk_ioctl
 .text.ld_dword
                0x0000000008006e38        0x4 ./Middlewares/Third_Party/FatFs/src/ff.o
 .text.st_dword
                0x0000000008006e3c       0x10 ./Middlewares/Third_Party/FatFs/src/ff.o
 .text.mem_set  0x0000000008006e4c        0xc ./Middlewares/Third_Party/FatFs/src/ff.o
 .text.chk_lock
                0x0000000008006e58       0x74 ./Middlewares/Third_Party/FatFs/src/ff.o
 .text.inc_lock
                0x0000000008006ecc       0x84 ./Middlewares/Third_Party/FatFs/src/ff.o
 .text.dec_lock
                0x0000000008006f50       0x3c ./Middlewares/Third_Party/FatFs/src/ff.o
 .text.clear_lock
                0x0000000008006f8c       0x1c ./Middlewares/Third_Party/FatFs/src/ff.o
 .text.clust2sect
                0x0000000008006fa8       0x16 ./Middlewares/Third_Party/FatFs/src/ff.o
 .text.clmt_clust
                0x0000000008006fbe       0x22 ./Middlewares/Third_Party/FatFs/src/ff.o
 .text.st_clust
                0x0000000008006fe0       0x18 ./Middlewares/Third_Party/FatFs/src/ff.o
 .text.sum_sfn  0x0000000008006ff8       0x1e ./Middlewares/Third_Party/FatFs/src/ff.o
 .text.get_ldnumber
                0x0000000008007016       0x30 ./Middlewares/Third_Party/FatFs/src/ff.o
 .text.validate
                0x0000000008007046       0x34 ./Middlewares/Third_Party/FatFs/src/ff.o
 .text.get_fileinfo
                0x000000000800707a       0xea ./Middlewares/Third_Party/FatFs/src/ff.o
 .text.mem_cpy.part.0
                0x0000000008007164       0x12 ./Middlewares/Third_Party/FatFs/src/ff.o
 .text.sync_window.part.0
                0x0000000008007176       0x4c ./Middlewares/Third_Party/FatFs/src/ff.o
 .text.sync_window
                0x00000000080071c2        0xc ./Middlewares/Third_Party/FatFs/src/ff.o
 .text.move_window
                0x00000000080071ce       0x32 ./Middlewares/Third_Party/FatFs/src/ff.o
 .text.check_fs
                0x0000000008007200       0x78 ./Middlewares/Third_Party/FatFs/src/ff.o
 .text.find_volume
                0x0000000008007278      0x250 ./Middlewares/Third_Party/FatFs/src/ff.o
 .text.put_fat  0x00000000080074c8       0xfa ./Middlewares/Third_Party/FatFs/src/ff.o
 .text.sync_fs  0x00000000080075c2       0x96 ./Middlewares/Third_Party/FatFs/src/ff.o
 .text.ld_clust.isra.0
                0x0000000008007658       0x10 ./Middlewares/Third_Party/FatFs/src/ff.o
 .text.get_fat.isra.0
                0x0000000008007668       0xac ./Middlewares/Third_Party/FatFs/src/ff.o
 .text.remove_chain
                0x0000000008007714       0x70 ./Middlewares/Third_Party/FatFs/src/ff.o
 .text.create_chain
                0x0000000008007784       0xb0 ./Middlewares/Third_Party/FatFs/src/ff.o
 .text.dir_sdi  0x0000000008007834       0x80 ./Middlewares/Third_Party/FatFs/src/ff.o
 .text.dir_next
                0x00000000080078b4       0xec ./Middlewares/Third_Party/FatFs/src/ff.o
 .text.dir_find
                0x00000000080079a0      0x160 ./Middlewares/Third_Party/FatFs/src/ff.o
 .text.dir_register
                0x0000000008007b00      0x284 ./Middlewares/Third_Party/FatFs/src/ff.o
 .text.dir_read.constprop.0
                0x0000000008007d84       0xf4 ./Middlewares/Third_Party/FatFs/src/ff.o
 .text.follow_path
                0x0000000008007e78      0x268 ./Middlewares/Third_Party/FatFs/src/ff.o
 .text.f_mount  0x00000000080080e0       0x54 ./Middlewares/Third_Party/FatFs/src/ff.o
                0x00000000080080e0                f_mount
 .text.f_open   0x0000000008008134      0x1f8 ./Middlewares/Third_Party/FatFs/src/ff.o
                0x0000000008008134                f_open
 .text.f_read   0x000000000800832c      0x164 ./Middlewares/Third_Party/FatFs/src/ff.o
                0x000000000800832c                f_read
 .text.f_sync   0x0000000008008490       0x96 ./Middlewares/Third_Party/FatFs/src/ff.o
                0x0000000008008490                f_sync
 .text.f_close  0x0000000008008526       0x22 ./Middlewares/Third_Party/FatFs/src/ff.o
                0x0000000008008526                f_close
 .text.f_lseek  0x0000000008008548      0x23a ./Middlewares/Third_Party/FatFs/src/ff.o
                0x0000000008008548                f_lseek
 .text.f_opendir
                0x0000000008008782       0x80 ./Middlewares/Third_Party/FatFs/src/ff.o
                0x0000000008008782                f_opendir
 .text.f_closedir
                0x0000000008008802       0x28 ./Middlewares/Third_Party/FatFs/src/ff.o
                0x0000000008008802                f_closedir
 .text.f_readdir
                0x000000000800882a       0x44 ./Middlewares/Third_Party/FatFs/src/ff.o
                0x000000000800882a                f_readdir
 *fill*         0x000000000800886e        0x2 
 .text.FATFS_LinkDriverEx
                0x0000000008008870       0x40 ./Middlewares/Third_Party/FatFs/src/ff_gen_drv.o
                0x0000000008008870                FATFS_LinkDriverEx
 .text.FATFS_LinkDriver
                0x00000000080088b0        0x6 ./Middlewares/Third_Party/FatFs/src/ff_gen_drv.o
                0x00000000080088b0                FATFS_LinkDriver
 *fill*         0x00000000080088b6        0x2 
 .text.ff_convert
                0x00000000080088b8       0x38 ./Middlewares/Third_Party/FatFs/src/option/ccsbcs.o
                0x00000000080088b8                ff_convert
 .text.ff_wtoupper
                0x00000000080088f0       0x84 ./Middlewares/Third_Party/FatFs/src/option/ccsbcs.o
                0x00000000080088f0                ff_wtoupper
 .text.USBH_UserProcess
                0x0000000008008974       0x24 ./USB_HOST/App/usb_host.o
 .text.MX_USB_HOST_Init
                0x0000000008008998       0x40 ./USB_HOST/App/usb_host.o
                0x0000000008008998                MX_USB_HOST_Init
 .text.MX_USB_HOST_Process
                0x00000000080089d8        0xc ./USB_HOST/App/usb_host.o
                0x00000000080089d8                MX_USB_HOST_Process
 .text.HAL_HCD_MspInit
                0x00000000080089e4       0x94 ./USB_HOST/Target/usbh_conf.o
                0x00000000080089e4                HAL_HCD_MspInit
 .text.HAL_HCD_SOF_Callback
                0x0000000008008a78        0x8 ./USB_HOST/Target/usbh_conf.o
                0x0000000008008a78                HAL_HCD_SOF_Callback
 .text.HAL_HCD_Connect_Callback
                0x0000000008008a80        0x8 ./USB_HOST/Target/usbh_conf.o
                0x0000000008008a80                HAL_HCD_Connect_Callback
 .text.HAL_HCD_Disconnect_Callback
                0x0000000008008a88        0x8 ./USB_HOST/Target/usbh_conf.o
                0x0000000008008a88                HAL_HCD_Disconnect_Callback
 .text.HAL_HCD_HC_NotifyURBChange_Callback
                0x0000000008008a90        0x2 ./USB_HOST/Target/usbh_conf.o
                0x0000000008008a90                HAL_HCD_HC_NotifyURBChange_Callback
 .text.HAL_HCD_PortEnabled_Callback
                0x0000000008008a92        0x8 ./USB_HOST/Target/usbh_conf.o
                0x0000000008008a92                HAL_HCD_PortEnabled_Callback
 .text.HAL_HCD_PortDisabled_Callback
                0x0000000008008a9a        0x8 ./USB_HOST/Target/usbh_conf.o
                0x0000000008008a9a                HAL_HCD_PortDisabled_Callback
 *fill*         0x0000000008008aa2        0x2 
 .text.USBH_LL_Init
                0x0000000008008aa4       0x4c ./USB_HOST/Target/usbh_conf.o
                0x0000000008008aa4                USBH_LL_Init
 .text.USBH_LL_GetSpeed
                0x0000000008008af0       0x14 ./USB_HOST/Target/usbh_conf.o
                0x0000000008008af0                USBH_LL_GetSpeed
 .text.USBH_LL_GetLastXferSize
                0x0000000008008b04        0x8 ./USB_HOST/Target/usbh_conf.o
                0x0000000008008b04                USBH_LL_GetLastXferSize
 .text.USBH_LL_GetURBState
                0x0000000008008b0c        0x8 ./USB_HOST/Target/usbh_conf.o
                0x0000000008008b0c                USBH_LL_GetURBState
 .text.USBH_LL_DriverVBUS
                0x0000000008008b14       0x1a ./USB_HOST/Target/usbh_conf.o
                0x0000000008008b14                USBH_LL_DriverVBUS
 .text.USBH_LL_SetToggle
                0x0000000008008b2e       0x1e ./USB_HOST/Target/usbh_conf.o
                0x0000000008008b2e                USBH_LL_SetToggle
 .text.USBH_LL_GetToggle
                0x0000000008008b4c       0x1c ./USB_HOST/Target/usbh_conf.o
                0x0000000008008b4c                USBH_LL_GetToggle
 .text.USBH_Delay
                0x0000000008008b68        0x4 ./USB_HOST/Target/usbh_conf.o
                0x0000000008008b68                USBH_Delay
 .text.USBH_Get_USB_Status
                0x0000000008008b6c       0x10 ./USB_HOST/Target/usbh_conf.o
                0x0000000008008b6c                USBH_Get_USB_Status
 .text.USBH_LL_Start
                0x0000000008008b7c       0x12 ./USB_HOST/Target/usbh_conf.o
                0x0000000008008b7c                USBH_LL_Start
 .text.USBH_LL_Stop
                0x0000000008008b8e       0x12 ./USB_HOST/Target/usbh_conf.o
                0x0000000008008b8e                USBH_LL_Stop
 .text.USBH_LL_ResetPort
                0x0000000008008ba0       0x12 ./USB_HOST/Target/usbh_conf.o
                0x0000000008008ba0                USBH_LL_ResetPort
 .text.USBH_LL_OpenPipe
                0x0000000008008bb2       0x26 ./USB_HOST/Target/usbh_conf.o
                0x0000000008008bb2                USBH_LL_OpenPipe
 .text.USBH_LL_ClosePipe
                0x0000000008008bd8       0x12 ./USB_HOST/Target/usbh_conf.o
                0x0000000008008bd8                USBH_LL_ClosePipe
 .text.USBH_LL_SubmitURB
                0x0000000008008bea       0x2a ./USB_HOST/Target/usbh_conf.o
                0x0000000008008bea                USBH_LL_SubmitURB
 .text.MX_DriverVbusFS
                0x0000000008008c14       0x14 ./USB_HOST/Target/usbh_platform.o
                0x0000000008008c14                MX_DriverVbusFS
 .text.malloc   0x0000000008008c28       0x10 C:/ST/STM32CubeIDE_1.13.1/STM32CubeIDE/plugins/com.st.stm32cube.ide.mcu.externaltools.gnu-tools-for-stm32.11.3.rel1.win32_1.1.0.202305231506/tools/bin/../lib/gcc/arm-none-eabi/11.3.1/../../../../arm-none-eabi/lib/thumb/v7e-m+fp/hard\libc_nano.a(libc_a-malloc.o)
                0x0000000008008c28                malloc
 .text.free     0x0000000008008c38       0x10 C:/ST/STM32CubeIDE_1.13.1/STM32CubeIDE/plugins/com.st.stm32cube.ide.mcu.externaltools.gnu-tools-for-stm32.11.3.rel1.win32_1.1.0.202305231506/tools/bin/../lib/gcc/arm-none-eabi/11.3.1/../../../../arm-none-eabi/lib/thumb/v7e-m+fp/hard\libc_nano.a(libc_a-malloc.o)
                0x0000000008008c38                free
 .text.sbrk_aligned
                0x0000000008008c48       0x40 C:/ST/STM32CubeIDE_1.13.1/STM32CubeIDE/plugins/com.st.stm32cube.ide.mcu.externaltools.gnu-tools-for-stm32.11.3.rel1.win32_1.1.0.202305231506/tools/bin/../lib/gcc/arm-none-eabi/11.3.1/../../../../arm-none-eabi/lib/thumb/v7e-m+fp/hard\libc_nano.a(libc_a-mallocr.o)
 .text._malloc_r
                0x0000000008008c88      0x100 C:/ST/STM32CubeIDE_1.13.1/STM32CubeIDE/plugins/com.st.stm32cube.ide.mcu.externaltools.gnu-tools-for-stm32.11.3.rel1.win32_1.1.0.202305231506/tools/bin/../lib/gcc/arm-none-eabi/11.3.1/../../../../arm-none-eabi/lib/thumb/v7e-m+fp/hard\libc_nano.a(libc_a-mallocr.o)
                0x0000000008008c88                _malloc_r
 .text.__malloc_lock
                0x0000000008008d88        0xc C:/ST/STM32CubeIDE_1.13.1/STM32CubeIDE/plugins/com.st.stm32cube.ide.mcu.externaltools.gnu-tools-for-stm32.11.3.rel1.win32_1.1.0.202305231506/tools/bin/../lib/gcc/arm-none-eabi/11.3.1/../../../../arm-none-eabi/lib/thumb/v7e-m+fp/hard\libc_nano.a(libc_a-mlock.o)
                0x0000000008008d88                __malloc_lock
 .text.__malloc_unlock
                0x0000000008008d94        0xc C:/ST/STM32CubeIDE_1.13.1/STM32CubeIDE/plugins/com.st.stm32cube.ide.mcu.externaltools.gnu-tools-for-stm32.11.3.rel1.win32_1.1.0.202305231506/tools/bin/../lib/gcc/arm-none-eabi/11.3.1/../../../../arm-none-eabi/lib/thumb/v7e-m+fp/hard\libc_nano.a(libc_a-mlock.o)
                0x0000000008008d94                __malloc_unlock
 .text.memset   0x0000000008008da0       0x10 C:/ST/STM32CubeIDE_1.13.1/STM32CubeIDE/plugins/com.st.stm32cube.ide.mcu.externaltools.gnu-tools-for-stm32.11.3.rel1.win32_1.1.0.202305231506/tools/bin/../lib/gcc/arm-none-eabi/11.3.1/../../../../arm-none-eabi/lib/thumb/v7e-m+fp/hard\libc_nano.a(libc_a-memset.o)
                0x0000000008008da0                memset
 .text.strncpy  0x0000000008008db0       0x26 C:/ST/STM32CubeIDE_1.13.1/STM32CubeIDE/plugins/com.st.stm32cube.ide.mcu.externaltools.gnu-tools-for-stm32.11.3.rel1.win32_1.1.0.202305231506/tools/bin/../lib/gcc/arm-none-eabi/11.3.1/../../../../arm-none-eabi/lib/thumb/v7e-m+fp/hard\libc_nano.a(libc_a-strncpy.o)
                0x0000000008008db0                strncpy
 .text.strstr   0x0000000008008dd6       0x2c C:/ST/STM32CubeIDE_1.13.1/STM32CubeIDE/plugins/com.st.stm32cube.ide.mcu.externaltools.gnu-tools-for-stm32.11.3.rel1.win32_1.1.0.202305231506/tools/bin/../lib/gcc/arm-none-eabi/11.3.1/../../../../arm-none-eabi/lib/thumb/v7e-m+fp/hard\libc_nano.a(libc_a-strstr.o)
                0x0000000008008dd6                strstr
 *fill*         0x0000000008008e02        0x2 
 .text._sbrk_r  0x0000000008008e04       0x20 C:/ST/STM32CubeIDE_1.13.1/STM32CubeIDE/plugins/com.st.stm32cube.ide.mcu.externaltools.gnu-tools-for-stm32.11.3.rel1.win32_1.1.0.202305231506/tools/bin/../lib/gcc/arm-none-eabi/11.3.1/../../../../arm-none-eabi/lib/thumb/v7e-m+fp/hard\libc_nano.a(libc_a-sbrkr.o)
                0x0000000008008e04                _sbrk_r
 .text.__errno  0x0000000008008e24        0xc C:/ST/STM32CubeIDE_1.13.1/STM32CubeIDE/plugins/com.st.stm32cube.ide.mcu.externaltools.gnu-tools-for-stm32.11.3.rel1.win32_1.1.0.202305231506/tools/bin/../lib/gcc/arm-none-eabi/11.3.1/../../../../arm-none-eabi/lib/thumb/v7e-m+fp/hard\libc_nano.a(libc_a-errno.o)
                0x0000000008008e24                __errno
 .text.__libc_init_array
                0x0000000008008e30       0x48 C:/ST/STM32CubeIDE_1.13.1/STM32CubeIDE/plugins/com.st.stm32cube.ide.mcu.externaltools.gnu-tools-for-stm32.11.3.rel1.win32_1.1.0.202305231506/tools/bin/../lib/gcc/arm-none-eabi/11.3.1/../../../../arm-none-eabi/lib/thumb/v7e-m+fp/hard\libc_nano.a(libc_a-init.o)
                0x0000000008008e30                __libc_init_array
 .text.__retarget_lock_acquire_recursive
                0x0000000008008e78        0x2 C:/ST/STM32CubeIDE_1.13.1/STM32CubeIDE/plugins/com.st.stm32cube.ide.mcu.externaltools.gnu-tools-for-stm32.11.3.rel1.win32_1.1.0.202305231506/tools/bin/../lib/gcc/arm-none-eabi/11.3.1/../../../../arm-none-eabi/lib/thumb/v7e-m+fp/hard\libc_nano.a(libc_a-lock.o)
                0x0000000008008e78                __retarget_lock_acquire_recursive
 .text.__retarget_lock_release_recursive
                0x0000000008008e7a        0x2 C:/ST/STM32CubeIDE_1.13.1/STM32CubeIDE/plugins/com.st.stm32cube.ide.mcu.externaltools.gnu-tools-for-stm32.11.3.rel1.win32_1.1.0.202305231506/tools/bin/../lib/gcc/arm-none-eabi/11.3.1/../../../../arm-none-eabi/lib/thumb/v7e-m+fp/hard\libc_nano.a(libc_a-lock.o)
                0x0000000008008e7a                __retarget_lock_release_recursive
 .text._free_r  0x0000000008008e7c       0x98 C:/ST/STM32CubeIDE_1.13.1/STM32CubeIDE/plugins/com.st.stm32cube.ide.mcu.externaltools.gnu-tools-for-stm32.11.3.rel1.win32_1.1.0.202305231506/tools/bin/../lib/gcc/arm-none-eabi/11.3.1/../../../../arm-none-eabi/lib/thumb/v7e-m+fp/hard\libc_nano.a(libc_a-freer.o)
                0x0000000008008e7c                _free_r
 *(.glue_7)
 .glue_7        0x0000000008008f14        0x0 linker stubs
 *(.glue_7t)
 .glue_7t       0x0000000008008f14        0x0 linker stubs
 *(.eh_frame)
 .eh_frame      0x0000000008008f14        0x0 C:/ST/STM32CubeIDE_1.13.1/STM32CubeIDE/plugins/com.st.stm32cube.ide.mcu.externaltools.gnu-tools-for-stm32.11.3.rel1.win32_1.1.0.202305231506/tools/bin/../lib/gcc/arm-none-eabi/11.3.1/thumb/v7e-m+fp/hard/crtbegin.o
 *(.init)
 .init          0x0000000008008f14        0x4 C:/ST/STM32CubeIDE_1.13.1/STM32CubeIDE/plugins/com.st.stm32cube.ide.mcu.externaltools.gnu-tools-for-stm32.11.3.rel1.win32_1.1.0.202305231506/tools/bin/../lib/gcc/arm-none-eabi/11.3.1/thumb/v7e-m+fp/hard/crti.o
                0x0000000008008f14                _init
 .init          0x0000000008008f18        0x8 C:/ST/STM32CubeIDE_1.13.1/STM32CubeIDE/plugins/com.st.stm32cube.ide.mcu.externaltools.gnu-tools-for-stm32.11.3.rel1.win32_1.1.0.202305231506/tools/bin/../lib/gcc/arm-none-eabi/11.3.1/thumb/v7e-m+fp/hard/crtn.o
 *(.fini)
 .fini          0x0000000008008f20        0x4 C:/ST/STM32CubeIDE_1.13.1/STM32CubeIDE/plugins/com.st.stm32cube.ide.mcu.externaltools.gnu-tools-for-stm32.11.3.rel1.win32_1.1.0.202305231506/tools/bin/../lib/gcc/arm-none-eabi/11.3.1/thumb/v7e-m+fp/hard/crti.o
                0x0000000008008f20                _fini
 .fini          0x0000000008008f24        0x8 C:/ST/STM32CubeIDE_1.13.1/STM32CubeIDE/plugins/com.st.stm32cube.ide.mcu.externaltools.gnu-tools-for-stm32.11.3.rel1.win32_1.1.0.202305231506/tools/bin/../lib/gcc/arm-none-eabi/11.3.1/thumb/v7e-m+fp/hard/crtn.o
                0x0000000008008f2c                . = ALIGN (0x4)
                0x0000000008008f2c                _etext = .

.vfp11_veneer   0x0000000008008f2c        0x0
 .vfp11_veneer  0x0000000008008f2c        0x0 linker stubs

.v4_bx          0x0000000008008f2c        0x0
 .v4_bx         0x0000000008008f2c        0x0 linker stubs

.iplt           0x0000000008008f2c        0x0
 .iplt          0x0000000008008f2c        0x0 C:/ST/STM32CubeIDE_1.13.1/STM32CubeIDE/plugins/com.st.stm32cube.ide.mcu.externaltools.gnu-tools-for-stm32.11.3.rel1.win32_1.1.0.202305231506/tools/bin/../lib/gcc/arm-none-eabi/11.3.1/thumb/v7e-m+fp/hard/crtbegin.o

.rodata         0x0000000008008f2c     0x1aac
                0x0000000008008f2c                . = ALIGN (0x4)
 *(.rodata)
 *(.rodata*)
 .rodata.I2SFreq
                0x0000000008008f2c       0x20 ./Core/Src/AUDIO.o
                0x0000000008008f2c                I2SFreq
 .rodata.I2SPLLN
                0x0000000008008f4c       0x20 ./Core/Src/AUDIO.o
                0x0000000008008f4c                I2SPLLN
 .rodata.I2SPLLR
                0x0000000008008f6c       0x20 ./Core/Src/AUDIO.o
                0x0000000008008f6c                I2SPLLR
 .rodata.AUDIO_StorageParse.str1.1
                0x0000000008008f8c        0x8 ./Core/Src/File_Handling.o
 .rodata.display_Init.str1.1
                0x0000000008008f94       0xac ./Core/Src/display.o
 .rodata.display_cancion.str1.1
                0x0000000008009040       0x48 ./Core/Src/display.o
 .rodata.Font11x18
                0x0000000008009088      0xd5c ./Core/Src/fonts.o
                0x0000000008009088                Font11x18
 .rodata.Font7x10
                0x0000000008009de4      0x76c ./Core/Src/fonts.o
                0x0000000008009de4                Font7x10
 .rodata.AHBPrescTable
                0x000000000800a550       0x10 ./Core/Src/system_stm32f4xx.o
                0x000000000800a550                AHBPrescTable
 .rodata.APBPrescTable
                0x000000000800a560        0x8 ./Core/Src/system_stm32f4xx.o
                0x000000000800a560                APBPrescTable
 .rodata.flagBitshiftOffset.0
                0x000000000800a568        0x8 ./Drivers/STM32F4xx_HAL_Driver/Src/stm32f4xx_hal_dma.o
 .rodata.USBH_Driver
                0x000000000800a570       0x14 ./FATFS/Target/usbh_diskio.o
                0x000000000800a570                USBH_Driver
 .rodata.str1.1
                0x000000000800a584        0x4 ./Middlewares/ST/STM32_USB_Host_Library/Class/MSC/Src/usbh_msc.o
 .rodata.follow_path.str1.1
                0x000000000800a588       0x10 ./Middlewares/Third_Party/FatFs/src/ff.o
 .rodata.ExCvt  0x000000000800a598       0x80 ./Middlewares/Third_Party/FatFs/src/ff.o
 .rodata.LfnOfs
                0x000000000800a618        0xd ./Middlewares/Third_Party/FatFs/src/ff.o
 *fill*         0x000000000800a625        0x1 
 .rodata.Tbl    0x000000000800a626      0x100 ./Middlewares/Third_Party/FatFs/src/option/ccsbcs.o
 .rodata.cvt1.1
                0x000000000800a726      0x1f2 ./Middlewares/Third_Party/FatFs/src/option/ccsbcs.o
 .rodata.cvt2.0
                0x000000000800a918       0xbc ./Middlewares/Third_Party/FatFs/src/option/ccsbcs.o
 .rodata.CSWTCH.19
                0x000000000800a9d4        0x4 ./USB_HOST/Target/usbh_conf.o
                0x000000000800a9d8                . = ALIGN (0x4)

.ARM.extab      0x000000000800a9d8        0x0
                0x000000000800a9d8                . = ALIGN (0x4)
 *(.ARM.extab* .gnu.linkonce.armextab.*)
                0x000000000800a9d8                . = ALIGN (0x4)

.ARM            0x000000000800a9d8        0x8
                0x000000000800a9d8                . = ALIGN (0x4)
                0x000000000800a9d8                __exidx_start = .
 *(.ARM.exidx*)
 .ARM.exidx     0x000000000800a9d8        0x8 C:/ST/STM32CubeIDE_1.13.1/STM32CubeIDE/plugins/com.st.stm32cube.ide.mcu.externaltools.gnu-tools-for-stm32.11.3.rel1.win32_1.1.0.202305231506/tools/bin/../lib/gcc/arm-none-eabi/11.3.1/thumb/v7e-m+fp/hard\libgcc.a(_udivmoddi4.o)
                0x000000000800a9e0                __exidx_end = .
                0x000000000800a9e0                . = ALIGN (0x4)

.rel.dyn        0x000000000800a9e0        0x0
 .rel.iplt      0x000000000800a9e0        0x0 C:/ST/STM32CubeIDE_1.13.1/STM32CubeIDE/plugins/com.st.stm32cube.ide.mcu.externaltools.gnu-tools-for-stm32.11.3.rel1.win32_1.1.0.202305231506/tools/bin/../lib/gcc/arm-none-eabi/11.3.1/thumb/v7e-m+fp/hard/crtbegin.o

.preinit_array  0x000000000800a9e0        0x0
                0x000000000800a9e0                . = ALIGN (0x4)
                0x000000000800a9e0                PROVIDE (__preinit_array_start = .)
 *(.preinit_array*)
                0x000000000800a9e0                PROVIDE (__preinit_array_end = .)
                0x000000000800a9e0                . = ALIGN (0x4)

.init_array     0x000000000800a9e0        0x4
                0x000000000800a9e0                . = ALIGN (0x4)
                0x000000000800a9e0                PROVIDE (__init_array_start = .)
 *(SORT_BY_NAME(.init_array.*))
 *(.init_array*)
 .init_array    0x000000000800a9e0        0x4 C:/ST/STM32CubeIDE_1.13.1/STM32CubeIDE/plugins/com.st.stm32cube.ide.mcu.externaltools.gnu-tools-for-stm32.11.3.rel1.win32_1.1.0.202305231506/tools/bin/../lib/gcc/arm-none-eabi/11.3.1/thumb/v7e-m+fp/hard/crtbegin.o
                0x000000000800a9e4                PROVIDE (__init_array_end = .)
                0x000000000800a9e4                . = ALIGN (0x4)

.fini_array     0x000000000800a9e4        0x4
                0x000000000800a9e4                . = ALIGN (0x4)
                [!provide]                        PROVIDE (__fini_array_start = .)
 *(SORT_BY_NAME(.fini_array.*))
 *(.fini_array*)
 .fini_array    0x000000000800a9e4        0x4 C:/ST/STM32CubeIDE_1.13.1/STM32CubeIDE/plugins/com.st.stm32cube.ide.mcu.externaltools.gnu-tools-for-stm32.11.3.rel1.win32_1.1.0.202305231506/tools/bin/../lib/gcc/arm-none-eabi/11.3.1/thumb/v7e-m+fp/hard/crtbegin.o
                [!provide]                        PROVIDE (__fini_array_end = .)
                0x000000000800a9e8                . = ALIGN (0x4)
                0x000000000800a9e8                _sidata = LOADADDR (.data)

.data           0x0000000020000000       0xfc load address 0x000000000800a9e8
                0x0000000020000000                . = ALIGN (0x4)
                0x0000000020000000                _sdata = .
 *(.data)
 *(.data*)
 .data.I2cxTimeout
                0x0000000020000000        0x4 ./Core/Src/AUDIO_LINK.o
                0x0000000020000000                I2cxTimeout
 .data.Is_cs43l22_Stop
                0x0000000020000004        0x1 ./Core/Src/cs43l22.o
 *fill*         0x0000000020000005        0x3 
 .data.cs43l22_drv
                0x0000000020000008       0x30 ./Core/Src/cs43l22.o
                0x0000000020000008                cs43l22_drv
 .data.Font_11x18
                0x0000000020000038        0x8 ./Core/Src/fonts.o
                0x0000000020000038                Font_11x18
 .data.Font_7x10
                0x0000000020000040        0x8 ./Core/Src/fonts.o
                0x0000000020000040                Font_7x10
 .data.cantidad_wavs
                0x0000000020000048        0x1 ./Core/Src/main.o
                0x0000000020000048                cantidad_wavs
 *fill*         0x0000000020000049        0x3 
 .data.parlantes
                0x000000002000004c       0x30 ./Core/Src/parlantes.o
                0x000000002000004c                parlantes
 .data.SystemCoreClock
                0x000000002000007c        0x4 ./Core/Src/system_stm32f4xx.o
                0x000000002000007c                SystemCoreClock
 .data.uwVolume
                0x0000000020000080        0x4 ./Core/Src/waveplayer.o
 .data.uwTickFreq
                0x0000000020000084        0x1 ./Drivers/STM32F4xx_HAL_Driver/Src/stm32f4xx_hal.o
                0x0000000020000084                uwTickFreq
 *fill*         0x0000000020000085        0x3 
 .data.uwTickPrio
                0x0000000020000088        0x4 ./Drivers/STM32F4xx_HAL_Driver/Src/stm32f4xx_hal.o
                0x0000000020000088                uwTickPrio
 .data.USBH_msc
                0x000000002000008c       0x20 ./Middlewares/ST/STM32_USB_Host_Library/Class/MSC/Src/usbh_msc.o
                0x000000002000008c                USBH_msc
 .data._impure_data
                0x00000000200000ac       0x4c C:/ST/STM32CubeIDE_1.13.1/STM32CubeIDE/plugins/com.st.stm32cube.ide.mcu.externaltools.gnu-tools-for-stm32.11.3.rel1.win32_1.1.0.202305231506/tools/bin/../lib/gcc/arm-none-eabi/11.3.1/../../../../arm-none-eabi/lib/thumb/v7e-m+fp/hard\libc_nano.a(libc_a-impure.o)
                0x00000000200000ac                _impure_data
 .data._impure_ptr
                0x00000000200000f8        0x4 C:/ST/STM32CubeIDE_1.13.1/STM32CubeIDE/plugins/com.st.stm32cube.ide.mcu.externaltools.gnu-tools-for-stm32.11.3.rel1.win32_1.1.0.202305231506/tools/bin/../lib/gcc/arm-none-eabi/11.3.1/../../../../arm-none-eabi/lib/thumb/v7e-m+fp/hard\libc_nano.a(libc_a-impure.o)
                0x00000000200000f8                _impure_ptr
 *(.RamFunc)
 *(.RamFunc*)
                0x00000000200000fc                . = ALIGN (0x4)
                0x00000000200000fc                _edata = .

.igot.plt       0x00000000200000fc        0x0 load address 0x000000000800aae4
 .igot.plt      0x00000000200000fc        0x0 C:/ST/STM32CubeIDE_1.13.1/STM32CubeIDE/plugins/com.st.stm32cube.ide.mcu.externaltools.gnu-tools-for-stm32.11.3.rel1.win32_1.1.0.202305231506/tools/bin/../lib/gcc/arm-none-eabi/11.3.1/thumb/v7e-m+fp/hard/crtbegin.o
                0x00000000200000fc                . = ALIGN (0x4)

.bss            0x00000000200000fc     0x2a14 load address 0x000000000800aae4
                0x00000000200000fc                _sbss = .
                0x00000000200000fc                __bss_start__ = _sbss
 *(.bss)
 .bss           0x00000000200000fc       0x1c C:/ST/STM32CubeIDE_1.13.1/STM32CubeIDE/plugins/com.st.stm32cube.ide.mcu.externaltools.gnu-tools-for-stm32.11.3.rel1.win32_1.1.0.202305231506/tools/bin/../lib/gcc/arm-none-eabi/11.3.1/thumb/v7e-m+fp/hard/crtbegin.o
 *(.bss*)
 .bss.hAudioOutI2s
                0x0000000020000118       0x48 ./Core/Src/AUDIO.o
                0x0000000020000118                hAudioOutI2s
 .bss.hdma_i2sTx.0
                0x0000000020000160       0x60 ./Core/Src/AUDIO.o
 .bss.pAudioDrv
                0x00000000200001c0        0x4 ./Core/Src/AUDIO.o
 .bss.I2cHandle
                0x00000000200001c4       0x54 ./Core/Src/AUDIO_LINK.o
 .bss.NumObs    0x0000000020000218        0x2 ./Core/Src/File_Handling.o
                0x0000000020000218                NumObs
 .bss.fresult   0x000000002000021a        0x1 ./Core/Src/File_Handling.o
                0x000000002000021a                fresult
 .bss.OutputDev
                0x000000002000021b        0x1 ./Core/Src/cs43l22.o
                0x000000002000021b                OutputDev
 .bss.hi2c3     0x000000002000021c       0x54 ./Core/Src/i2c.o
                0x000000002000021c                hi2c3
 .bss.hdma_spi3_tx
                0x0000000020000270       0x60 ./Core/Src/i2s.o
                0x0000000020000270                hdma_spi3_tx
 .bss.hi2s3     0x00000000200002d0       0x48 ./Core/Src/i2s.o
                0x00000000200002d0                hi2s3
 .bss.idS       0x0000000020000318        0x1 ./Core/Src/main.o
                0x0000000020000318                idS
 .bss.idx       0x0000000020000319        0x1 ./Core/Src/main.o
                0x0000000020000319                idx
 .bss.next_song
                0x000000002000031a        0x1 ./Core/Src/main.o
                0x000000002000031a                next_song
 .bss.next_speaker
                0x000000002000031b        0x1 ./Core/Src/main.o
                0x000000002000031b                next_speaker
 .bss.prev_song
                0x000000002000031c        0x1 ./Core/Src/main.o
                0x000000002000031c                prev_song
 .bss.prev_speaker
                0x000000002000031d        0x1 ./Core/Src/main.o
                0x000000002000031d                prev_speaker
 .bss.uart_cmd_received
                0x000000002000031e        0x1 ./Core/Src/main.o
                0x000000002000031e                uart_cmd_received
 .bss.uart_rx_byte
                0x000000002000031f        0x1 ./Core/Src/main.o
                0x000000002000031f                uart_rx_byte
 .bss.SSD1306   0x0000000020000320        0x6 ./Core/Src/ssd1306_oled.o
 .bss.SSD1306_Buffer
                0x0000000020000326      0x400 ./Core/Src/ssd1306_oled.o
 *fill*         0x0000000020000726        0x2 
 .bss.__sbrk_heap_end
                0x0000000020000728        0x4 ./Core/Src/sysmem.o
 .bss.hdma_usart1_rx
                0x000000002000072c       0x60 ./Core/Src/usart.o
                0x000000002000072c                hdma_usart1_rx
 .bss.hdma_usart1_tx
                0x000000002000078c       0x60 ./Core/Src/usart.o
                0x000000002000078c                hdma_usart1_tx
 .bss.huart1    0x00000000200007ec       0x44 ./Core/Src/usart.o
                0x00000000200007ec                huart1
 .bss.AudioState
                0x0000000020000830        0x1 ./Core/Src/waveplayer.o
                0x0000000020000830                AudioState
 *fill*         0x0000000020000831        0x3 
 .bss.BufferCtl
                0x0000000020000834     0x1008 ./Core/Src/waveplayer.o
 .bss.FileList  0x000000002000183c      0x3da ./Core/Src/waveplayer.o
                0x000000002000183c                FileList
 .bss.FilePos   0x0000000020001c16        0x2 ./Core/Src/waveplayer.o
 .bss.WavFile   0x0000000020001c18      0x230 ./Core/Src/waveplayer.o
                0x0000000020001c18                WavFile
 .bss.WaveFormat
                0x0000000020001e48       0x2c ./Core/Src/waveplayer.o
                0x0000000020001e48                WaveFormat
 .bss.uwTick    0x0000000020001e74        0x4 ./Drivers/STM32F4xx_HAL_Driver/Src/stm32f4xx_hal.o
                0x0000000020001e74                uwTick
 .bss.USBHFatFS
                0x0000000020001e78      0x234 ./FATFS/App/fatfs.o
                0x0000000020001e78                USBHFatFS
 .bss.USBHPath  0x00000000200020ac        0x4 ./FATFS/App/fatfs.o
                0x00000000200020ac                USBHPath
 .bss.retUSBH   0x00000000200020b0        0x1 ./FATFS/App/fatfs.o
                0x00000000200020b0                retUSBH
 *fill*         0x00000000200020b1        0x3 
 .bss.FatFs     0x00000000200020b4        0x4 ./Middlewares/Third_Party/FatFs/src/ff.o
 .bss.Files     0x00000000200020b8       0x20 ./Middlewares/Third_Party/FatFs/src/ff.o
 .bss.Fsid      0x00000000200020d8        0x2 ./Middlewares/Third_Party/FatFs/src/ff.o
 .bss.LfnBuf    0x00000000200020da      0x200 ./Middlewares/Third_Party/FatFs/src/ff.o
 *fill*         0x00000000200022da        0x2 
 .bss.disk      0x00000000200022dc        0xc ./Middlewares/Third_Party/FatFs/src/ff_gen_drv.o
                0x00000000200022dc                disk
 .bss.Appli_state
                0x00000000200022e8        0x1 ./USB_HOST/App/usb_host.o
                0x00000000200022e8                Appli_state
 *fill*         0x00000000200022e9        0x3 
 .bss.hUsbHostFS
                0x00000000200022ec      0x3d8 ./USB_HOST/App/usb_host.o
                0x00000000200022ec                hUsbHostFS
 .bss.hhcd_USB_OTG_FS
                0x00000000200026c4      0x304 ./USB_HOST/Target/usbh_conf.o
                0x00000000200026c4                hhcd_USB_OTG_FS
 .bss.__malloc_free_list
                0x00000000200029c8        0x4 C:/ST/STM32CubeIDE_1.13.1/STM32CubeIDE/plugins/com.st.stm32cube.ide.mcu.externaltools.gnu-tools-for-stm32.11.3.rel1.win32_1.1.0.202305231506/tools/bin/../lib/gcc/arm-none-eabi/11.3.1/../../../../arm-none-eabi/lib/thumb/v7e-m+fp/hard\libc_nano.a(libc_a-mallocr.o)
                0x00000000200029c8                __malloc_free_list
 .bss.__malloc_sbrk_start
                0x00000000200029cc        0x4 C:/ST/STM32CubeIDE_1.13.1/STM32CubeIDE/plugins/com.st.stm32cube.ide.mcu.externaltools.gnu-tools-for-stm32.11.3.rel1.win32_1.1.0.202305231506/tools/bin/../lib/gcc/arm-none-eabi/11.3.1/../../../../arm-none-eabi/lib/thumb/v7e-m+fp/hard\libc_nano.a(libc_a-mallocr.o)
                0x00000000200029cc                __malloc_sbrk_start
 .bss.__sf      0x00000000200029d0      0x138 C:/ST/STM32CubeIDE_1.13.1/STM32CubeIDE/plugins/com.st.stm32cube.ide.mcu.externaltools.gnu-tools-for-stm32.11.3.rel1.win32_1.1.0.202305231506/tools/bin/../lib/gcc/arm-none-eabi/11.3.1/../../../../arm-none-eabi/lib/thumb/v7e-m+fp/hard\libc_nano.a(libc_a-findfp.o)
                0x00000000200029d0                __sf
 .bss.errno     0x0000000020002b08        0x4 C:/ST/STM32CubeIDE_1.13.1/STM32CubeIDE/plugins/com.st.stm32cube.ide.mcu.externaltools.gnu-tools-for-stm32.11.3.rel1.win32_1.1.0.202305231506/tools/bin/../lib/gcc/arm-none-eabi/11.3.1/../../../../arm-none-eabi/lib/thumb/v7e-m+fp/hard\libc_nano.a(libc_a-reent.o)
                0x0000000020002b08                errno
 .bss.__lock___malloc_recursive_mutex
                0x0000000020002b0c        0x1 C:/ST/STM32CubeIDE_1.13.1/STM32CubeIDE/plugins/com.st.stm32cube.ide.mcu.externaltools.gnu-tools-for-stm32.11.3.rel1.win32_1.1.0.202305231506/tools/bin/../lib/gcc/arm-none-eabi/11.3.1/../../../../arm-none-eabi/lib/thumb/v7e-m+fp/hard\libc_nano.a(libc_a-lock.o)
                0x0000000020002b0c                __lock___malloc_recursive_mutex
 *(COMMON)
                0x0000000020002b10                . = ALIGN (0x4)
 *fill*         0x0000000020002b0d        0x3 
                0x0000000020002b10                _ebss = .
                0x0000000020002b10                __bss_end__ = _ebss

._user_heap_stack
                0x0000000020002b10      0x600 load address 0x000000000800aae4
                0x0000000020002b10                . = ALIGN (0x8)
                [!provide]                        PROVIDE (end = .)
                0x0000000020002b10                PROVIDE (_end = .)
                0x0000000020002d10                . = (. + _Min_Heap_Size)
 *fill*         0x0000000020002b10      0x200 
                0x0000000020003110                . = (. + _Min_Stack_Size)
 *fill*         0x0000000020002d10      0x400 
                0x0000000020003110                . = ALIGN (0x8)

/DISCARD/
 libc.a(*)
 libm.a(*)
 libgcc.a(*)

.ARM.attributes
                0x0000000000000000       0x30
 *(.ARM.attributes)
 .ARM.attributes
                0x0000000000000000       0x1e C:/ST/STM32CubeIDE_1.13.1/STM32CubeIDE/plugins/com.st.stm32cube.ide.mcu.externaltools.gnu-tools-for-stm32.11.3.rel1.win32_1.1.0.202305231506/tools/bin/../lib/gcc/arm-none-eabi/11.3.1/thumb/v7e-m+fp/hard/crti.o
 .ARM.attributes
                0x000000000000001e       0x34 C:/ST/STM32CubeIDE_1.13.1/STM32CubeIDE/plugins/com.st.stm32cube.ide.mcu.externaltools.gnu-tools-for-stm32.11.3.rel1.win32_1.1.0.202305231506/tools/bin/../lib/gcc/arm-none-eabi/11.3.1/thumb/v7e-m+fp/hard/crtbegin.o
 .ARM.attributes
                0x0000000000000052       0x34 ./Core/Src/AUDIO.o
 .ARM.attributes
                0x0000000000000086       0x34 ./Core/Src/AUDIO_LINK.o
 .ARM.attributes
                0x00000000000000ba       0x34 ./Core/Src/File_Handling.o
 .ARM.attributes
                0x00000000000000ee       0x34 ./Core/Src/cs43l22.o
 .ARM.attributes
                0x0000000000000122       0x34 ./Core/Src/display.o
 .ARM.attributes
                0x0000000000000156       0x34 ./Core/Src/dma.o
 .ARM.attributes
                0x000000000000018a       0x34 ./Core/Src/fonts.o
 .ARM.attributes
                0x00000000000001be       0x34 ./Core/Src/gpio.o
 .ARM.attributes
                0x00000000000001f2       0x34 ./Core/Src/i2c.o
 .ARM.attributes
                0x0000000000000226       0x34 ./Core/Src/i2s.o
 .ARM.attributes
                0x000000000000025a       0x34 ./Core/Src/main.o
 .ARM.attributes
                0x000000000000028e       0x34 ./Core/Src/parlantes.o
 .ARM.attributes
                0x00000000000002c2       0x34 ./Core/Src/ssd1306_oled.o
 .ARM.attributes
                0x00000000000002f6       0x34 ./Core/Src/stm32f4xx_hal_msp.o